Component: ARM Compiler 5.06 update 7 (build 960) Tool: armlink [4d3601]

==============================================================================

Section Cross References

    startup_stm32f411xe.o(STACK) refers (Special) to heapauxi.o(.text) for __use_two_region_memory
    startup_stm32f411xe.o(HEAP) refers (Special) to heapauxi.o(.text) for __use_two_region_memory
    startup_stm32f411xe.o(RESET) refers (Special) to heapauxi.o(.text) for __use_two_region_memory
    startup_stm32f411xe.o(RESET) refers to startup_stm32f411xe.o(STACK) for __initial_sp
    startup_stm32f411xe.o(RESET) refers to startup_stm32f411xe.o(.text) for Reset_Handler
    startup_stm32f411xe.o(RESET) refers to stm32f4xx_it.o(i.NMI_Handler) for NMI_Handler
    startup_stm32f411xe.o(RESET) refers to stm32f4xx_it.o(i.HardFault_Handler) for HardFault_Handler
    startup_stm32f411xe.o(RESET) refers to stm32f4xx_it.o(i.MemManage_Handler) for MemManage_Handler
    startup_stm32f411xe.o(RESET) refers to stm32f4xx_it.o(i.BusFault_Handler) for BusFault_Handler
    startup_stm32f411xe.o(RESET) refers to stm32f4xx_it.o(i.UsageFault_Handler) for UsageFault_Handler
    startup_stm32f411xe.o(RESET) refers to port.o(.emb_text) for SVC_Handler
    startup_stm32f411xe.o(RESET) refers to stm32f4xx_it.o(i.DebugMon_Handler) for DebugMon_Handler
    startup_stm32f411xe.o(RESET) refers to cmsis_os2.o(i.SysTick_Handler) for SysTick_Handler
    startup_stm32f411xe.o(RESET) refers to stm32f4xx_it.o(i.TIM1_UP_TIM10_IRQHandler) for TIM1_UP_TIM10_IRQHandler
    startup_stm32f411xe.o(RESET) refers to stm32f4xx_it.o(i.USART2_IRQHandler) for USART2_IRQHandler
    startup_stm32f411xe.o(RESET) refers to stm32f4xx_it.o(i.EXTI15_10_IRQHandler) for EXTI15_10_IRQHandler
    startup_stm32f411xe.o(.text) refers (Special) to heapauxi.o(.text) for __use_two_region_memory
    startup_stm32f411xe.o(.text) refers to system_stm32f4xx.o(i.SystemInit) for SystemInit
    startup_stm32f411xe.o(.text) refers to __main.o(!!!main) for __main
    startup_stm32f411xe.o(.text) refers to startup_stm32f411xe.o(HEAP) for Heap_Mem
    startup_stm32f411xe.o(.text) refers to startup_stm32f411xe.o(STACK) for Stack_Mem
    main.o(i.HAL_GPIO_EXTI_Callback) refers to cmsis_os2.o(i.osSemaphoreRelease) for osSemaphoreRelease
    main.o(i.HAL_GPIO_EXTI_Callback) refers to main.o(.data) for .data
    main.o(i.HAL_TIM_PeriodElapsedCallback) refers to stm32f4xx_hal.o(i.HAL_IncTick) for HAL_IncTick
    main.o(i.MX_GPIO_Init) refers to rt_memclr_w.o(.text) for __aeabi_memclr4
    main.o(i.MX_GPIO_Init) refers to stm32f4xx_hal_gpio.o(i.HAL_GPIO_WritePin) for HAL_GPIO_WritePin
    main.o(i.MX_GPIO_Init) refers to stm32f4xx_hal_gpio.o(i.HAL_GPIO_Init) for HAL_GPIO_Init
    main.o(i.MX_GPIO_Init) refers to stm32f4xx_hal_cortex.o(i.HAL_NVIC_SetPriority) for HAL_NVIC_SetPriority
    main.o(i.MX_GPIO_Init) refers to stm32f4xx_hal_cortex.o(i.HAL_NVIC_EnableIRQ) for HAL_NVIC_EnableIRQ
    main.o(i.MX_TIM3_Init) refers to rt_memclr_w.o(.text) for __aeabi_memclr4
    main.o(i.MX_TIM3_Init) refers to stm32f4xx_hal_tim.o(i.HAL_TIM_Base_Init) for HAL_TIM_Base_Init
    main.o(i.MX_TIM3_Init) refers to stm32f4xx_hal_tim.o(i.HAL_TIM_ConfigClockSource) for HAL_TIM_ConfigClockSource
    main.o(i.MX_TIM3_Init) refers to stm32f4xx_hal_tim.o(i.HAL_TIM_PWM_Init) for HAL_TIM_PWM_Init
    main.o(i.MX_TIM3_Init) refers to stm32f4xx_hal_tim_ex.o(i.HAL_TIMEx_MasterConfigSynchronization) for HAL_TIMEx_MasterConfigSynchronization
    main.o(i.MX_TIM3_Init) refers to stm32f4xx_hal_tim.o(i.HAL_TIM_PWM_ConfigChannel) for HAL_TIM_PWM_ConfigChannel
    main.o(i.MX_TIM3_Init) refers to stm32f4xx_hal_msp.o(i.HAL_TIM_MspPostInit) for HAL_TIM_MspPostInit
    main.o(i.MX_TIM3_Init) refers to main.o(.bss) for .bss
    main.o(i.StartDefaultTask) refers to cmsis_os2.o(i.osDelay) for osDelay
    main.o(i.StartEmergencyTask) refers to cmsis_os2.o(i.osSemaphoreAcquire) for osSemaphoreAcquire
    main.o(i.StartEmergencyTask) refers to stm32f4xx_hal_tim.o(i.HAL_TIM_PWM_Stop) for HAL_TIM_PWM_Stop
    main.o(i.StartEmergencyTask) refers to stm32f4xx_hal_gpio.o(i.HAL_GPIO_WritePin) for HAL_GPIO_WritePin
    main.o(i.StartEmergencyTask) refers to main.o(.data) for .data
    main.o(i.StartEmergencyTask) refers to main.o(.bss) for .bss
    main.o(i.StartMotorTask) refers to stm32f4xx_hal_tim.o(i.HAL_TIM_PWM_Start) for HAL_TIM_PWM_Start
    main.o(i.StartMotorTask) refers to dmul.o(x$fpl$dmul) for __aeabi_dmul
    main.o(i.StartMotorTask) refers to sin.o(i.__hardfp_sin) for __hardfp_sin
    main.o(i.StartMotorTask) refers to daddsub_clz.o(x$fpl$dadd) for __aeabi_dadd
    main.o(i.StartMotorTask) refers to daddsub_clz.o(x$fpl$drsb) for __aeabi_drsub
    main.o(i.StartMotorTask) refers to dfixu.o(x$fpl$dfixu) for __aeabi_d2uiz
    main.o(i.StartMotorTask) refers to drleqf.o(x$fpl$drleqf) for __aeabi_cdrcmple
    main.o(i.StartMotorTask) refers to cmsis_os2.o(i.osDelay) for osDelay
    main.o(i.StartMotorTask) refers to main.o(.bss) for .bss
[...]
    i.vPortValidateInterruptPriority         0x080038c0   Section        0  port.o(i.vPortValidateInterruptPriority)
    i.vQueueAddToRegistry                    0x08003914   Section        0  queue.o(i.vQueueAddToRegistry)
    i.vQueueDelete                           0x0800393c   Section        0  queue.o(i.vQueueDelete)
    i.vQueueUnregisterQueue                  0x0800396c   Section        0  queue.o(i.vQueueUnregisterQueue)
    i.vQueueWaitForMessageRestricted         0x08003994   Section        0  queue.o(i.vQueueWaitForMessageRestricted)
    i.vTaskDelay                             0x080039d8   Section        0  tasks.o(i.vTaskDelay)
    i.vTaskInternalSetTimeOutState           0x08003a24   Section        0  tasks.o(i.vTaskInternalSetTimeOutState)
    i.vTaskMissedYield                       0x08003a34   Section        0  tasks.o(i.vTaskMissedYield)
    i.vTaskPlaceOnEventList                  0x08003a40   Section        0  tasks.o(i.vTaskPlaceOnEventList)
    i.vTaskPlaceOnEventListRestricted        0x08003a70   Section        0  tasks.o(i.vTaskPlaceOnEventListRestricted)
    i.vTaskPriorityDisinheritAfterTimeout    0x08003aa8   Section        0  tasks.o(i.vTaskPriorityDisinheritAfterTimeout)
    i.vTaskStartScheduler                    0x08003b38   Section        0  tasks.o(i.vTaskStartScheduler)
    i.vTaskSuspendAll                        0x08003bc0   Section        0  tasks.o(i.vTaskSuspendAll)
    i.vTaskSwitchContext                     0x08003bd0   Section        0  tasks.o(i.vTaskSwitchContext)
    i.xPortStartScheduler                    0x08003c34   Section        0  port.o(i.xPortStartScheduler)
    i.xPortSysTickHandler                    0x08003d28   Section        0  port.o(i.xPortSysTickHandler)
    i.xQueueCreateCountingSemaphore          0x08003d54   Section        0  queue.o(i.xQueueCreateCountingSemaphore)
    i.xQueueCreateCountingSemaphoreStatic    0x08003d8e   Section        0  queue.o(i.xQueueCreateCountingSemaphoreStatic)
    i.xQueueGenericCreate                    0x08003dce   Section        0  queue.o(i.xQueueGenericCreate)
    i.xQueueGenericCreateStatic              0x08003e10   Section        0  queue.o(i.xQueueGenericCreateStatic)
    i.xQueueGenericReset                     0x08003e78   Section        0  queue.o(i.xQueueGenericReset)
    i.xQueueGenericSend                      0x08003f00   Section        0  queue.o(i.xQueueGenericSend)
    i.xQueueGenericSendFromISR               0x08004060   Section        0  queue.o(i.xQueueGenericSendFromISR)
    i.xQueueGiveFromISR                      0x0800411e   Section        0  queue.o(i.xQueueGiveFromISR)
    i.xQueueReceive                          0x080041bc   Section        0  queue.o(i.xQueueReceive)
    i.xQueueReceiveFromISR                   0x080042f4   Section        0  queue.o(i.xQueueReceiveFromISR)
    i.xQueueSemaphoreTake                    0x08004390   Section        0  queue.o(i.xQueueSemaphoreTake)
    i.xTaskCheckForTimeOut                   0x08004508   Section        0  tasks.o(i.xTaskCheckForTimeOut)
    i.xTaskCreate                            0x0800457c   Section        0  tasks.o(i.xTaskCreate)
    i.xTaskCreateStatic                      0x080045d6   Section        0  tasks.o(i.xTaskCreateStatic)
    i.xTaskGetSchedulerState                 0x0800462c   Section        0  tasks.o(i.xTaskGetSchedulerState)
    i.xTaskGetTickCount                      0x08004648   Section        0  tasks.o(i.xTaskGetTickCount)
    i.xTaskIncrementTick                     0x08004654   Section        0  tasks.o(i.xTaskIncrementTick)
    i.xTaskPriorityDisinherit                0x0800471c   Section        0  tasks.o(i.xTaskPriorityDisinherit)
    i.xTaskPriorityInherit                   0x0800479c   Section        0  tasks.o(i.xTaskPriorityInherit)
    i.xTaskRemoveFromEventList               0x08004814   Section        0  tasks.o(i.xTaskRemoveFromEventList)
    i.xTaskResumeAll                         0x08004884   Section        0  tasks.o(i.xTaskResumeAll)
    i.xTimerCreateTimerTask                  0x08004948   Section        0  timers.o(i.xTimerCreateTimerTask)
    i.xTimerGenericCommand                   0x080049a8   Section        0  timers.o(i.xTimerGenericCommand)
    x$fpl$basic                              0x08004a10   Section       24  basic.o(x$fpl$basic)
    $v0                                      0x08004a10   Number         0  basic.o(x$fpl$basic)
    x$fpl$dadd                               0x08004a28   Section      336  daddsub_clz.o(x$fpl$dadd)
    $v0                                      0x08004a28   Number         0  daddsub_clz.o(x$fpl$dadd)
    _dadd1                                   0x08004a39   Thumb Code     0  daddsub_clz.o(x$fpl$dadd)
    x$fpl$dcmpinf                            0x08004b78   Section       24  dcmpi.o(x$fpl$dcmpinf)
    $v0                                      0x08004b78   Number         0  dcmpi.o(x$fpl$dcmpinf)
    x$fpl$ddiv                               0x08004b90   Section      688  ddiv.o(x$fpl$ddiv)
    $v0                                      0x08004b90   Number         0  ddiv.o(x$fpl$ddiv)
    ddiv_entry                               0x08004b97   Thumb Code     0  ddiv.o(x$fpl$ddiv)
    x$fpl$dfix                               0x08004e40   Section       94  dfix.o(x$fpl$dfix)
    $v0                                      0x08004e40   Number         0  dfix.o(x$fpl$dfix)
    x$fpl$dfixu                              0x08004ea0   Section       90  dfixu.o(x$fpl$dfixu)
    $v0                                      0x08004ea0   Number         0  dfixu.o(x$fpl$dfixu)
    x$fpl$dflt                               0x08004efa   Section       46  dflt_clz.o(x$fpl$dflt)
    $v0                                      0x08004efa   Number         0  dflt_clz.o(x$fpl$dflt)
    x$fpl$dfltu                              0x08004f28   Section       38  dflt_clz.o(x$fpl$dfltu)
    $v0                                      0x08004f28   Number         0  dflt_clz.o(x$fpl$dfltu)
    x$fpl$dleqf                              0x08004f50   Section      120  dleqf.o(x$fpl$dleqf)
    $v0                                      0x08004f50   Number         0  dleqf.o(x$fpl$dleqf)
    x$fpl$dmul                               0x08004fc8   Section      340  dmul.o(x$fpl$dmul)
    $v0                                      0x08004fc8   Number         0  dmul.o(x$fpl$dmul)
    x$fpl$dnaninf                            0x0800511c   Section      156  dnaninf.o(x$fpl$dnaninf)
    $v0                                      0x0800511c   Number         0  dnaninf.o(x$fpl$dnaninf)
    x$fpl$dretinf                            0x080051b8   Section       12  dretinf.o(x$fpl$dretinf)
    $v0                                      0x080051b8   Number         0  dretinf.o(x$fpl$dretinf)
    x$fpl$drleqf                             0x080051c4   Section      108  drleqf.o(x$fpl$drleqf)
    $v0                                      0x080051c4   Number         0  drleqf.o(x$fpl$drleqf)
    x$fpl$drsb                               0x08005230   Section       22  daddsub_clz.o(x$fpl$drsb)
    $v0                                      0x08005230   Number         0  daddsub_clz.o(x$fpl$drsb)
    x$fpl$dsub                               0x08005248   Section      468  daddsub_clz.o(x$fpl$dsub)
    $v0                                      0x08005248   Number         0  daddsub_clz.o(x$fpl$dsub)
    _dsub1                                   0x08005259   Thumb Code     0  daddsub_clz.o(x$fpl$dsub)
    x$fpl$fpinit                             0x0800541c   Section       10  fpinit.o(x$fpl$fpinit)
    $v0                                      0x0800541c   Number         0  fpinit.o(x$fpl$fpinit)
    x$fpl$usenofp                            0x08005426   Section        0  usenofp.o(x$fpl$usenofp)
    .constdata                               0x08005428   Section      124  main.o(.constdata)
    .constdata                               0x080054a4   Section       16  system_stm32f4xx.o(.constdata)
    .constdata                               0x080054b4   Section        8  system_stm32f4xx.o(.constdata)
    .constdata                               0x080054c0   Section       48  cos_i.o(.constdata)
    C                                        0x080054c0   Data          48  cos_i.o(.constdata)
    .constdata                               0x080054f0   Section      200  rred.o(.constdata)
    pio2s                                    0x080054f0   Data          48  rred.o(.constdata)
    twooverpi                                0x08005520   Data         152  rred.o(.constdata)
    .constdata                               0x080055b8   Section       40  sin_i.o(.constdata)
    S                                        0x080055b8   Data          40  sin_i.o(.constdata)
    .conststring                             0x080055e0   Section       55  main.o(.conststring)
    .data                                    0x20000000   Section       20  main.o(.data)
    .data                                    0x20000014   Section       12  stm32f4xx_hal.o(.data)
    .data                                    0x20000020   Section        4  system_stm32f4xx.o(.data)
    .data                                    0x20000024   Section       60  tasks.o(.data)
    uxDeletedTasksWaitingCleanUp             0x20000028   Data           4  tasks.o(.data)
    uxCurrentNumberOfTasks                   0x2000002c   Data           4  tasks.o(.data)
    xTickCount                               0x20000030   Data           4  tasks.o(.data)
    uxTopReadyPriority                       0x20000034   Data           4  tasks.o(.data)
    xSchedulerRunning                        0x20000038   Data           4  tasks.o(.data)
    xPendedTicks                             0x2000003c   Data           4  tasks.o(.data)
    xYieldPending                            0x20000040   Data           4  tasks.o(.data)
    xNumOfOverflows                          0x20000044   Data           4  tasks.o(.data)
    uxTaskNumber                             0x20000048   Data           4  tasks.o(.data)
    xNextTaskUnblockTime                     0x2000004c   Data           4  tasks.o(.data)
    xIdleTaskHandle                          0x20000050   Data           4  tasks.o(.data)
    uxSchedulerSuspended                     0x20000054   Data           4  tasks.o(.data)
    pxDelayedTaskList                        0x20000058   Data           4  tasks.o(.data)
    pxOverflowDelayedTaskList                0x2000005c   Data           4  tasks.o(.data)
    .data                                    0x20000060   Section       20  timers.o(.data)
    xTimerQueue                              0x20000060   Data           4  timers.o(.data)
    xTimerTaskHandle                         0x20000064   Data           4  timers.o(.data)
    xLastTime                                0x20000068   Data           4  timers.o(.data)
    pxCurrentTimerList                       0x2000006c   Data           4  timers.o(.data)
    pxOverflowTimerList                      0x20000070   Data           4  timers.o(.data)
    .data                                    0x20000074   Section        4  cmsis_os2.o(.data)
    KernelState                              0x20000074   Data           4  cmsis_os2.o(.data)
    .data                                    0x20000078   Section       32  heap_4.o(.data)
    pxEnd                                    0x20000078   Data           4  heap_4.o(.data)
    xFreeBytesRemaining                      0x2000007c   Data           4  heap_4.o(.data)
    xMinimumEverFreeBytesRemaining           0x20000080   Data           4  heap_4.o(.data)
    xNumberOfSuccessfulAllocations           0x20000084   Data           4  heap_4.o(.data)
    xNumberOfSuccessfulFrees                 0x20000088   Data           4  heap_4.o(.data)
    xBlockAllocatedBit                       0x2000008c   Data           4  heap_4.o(.data)
    xStart                                   0x20000090   Data           8  heap_4.o(.data)
    .data                                    0x20000098   Section       12  port.o(.data)
    ucMaxSysCallPriority                     0x20000098   Data           1  port.o(.data)
    uxCriticalNesting                        0x2000009c   Data           4  port.o(.data)
    ulMaxPRIGROUPValue                       0x200000a0   Data           4  port.o(.data)
    .bss                                     0x200000a4   Section      140  main.o(.bss)
    .bss                                     0x20000130   Section       72  stm32f4xx_hal_timebase_tim.o(.bss)
    .bss                                     0x20000178   Section       64  queue.o(.bss)
    .bss                                     0x200001b8   Section     1220  tasks.o(.bss)
    pxReadyTasksLists                        0x200001b8   Data        1120  tasks.o(.bss)
    xDelayedTaskList1                        0x20000618   Data          20  tasks.o(.bss)
    xDelayedTaskList2                        0x2000062c   Data          20  tasks.o(.bss)
    xPendingReadyList                        0x20000640   Data          20  tasks.o(.bss)
    xTasksWaitingTermination                 0x20000654   Data          20  tasks.o(.bss)
    xSuspendedTaskList                       0x20000668   Data          20  tasks.o(.bss)
    .bss                                     0x2000067c   Section      280  timers.o(.bss)
    xStaticTimerQueue                        0x2000067c   Data          80  timers.o(.bss)
    ucStaticTimerQueueStorage                0x200006cc   Data         160  timers.o(.bss)
    xActiveTimerList1                        0x2000076c   Data          20  timers.o(.bss)
    xActiveTimerList2                        0x20000780   Data          20  timers.o(.bss)
    .bss                                     0x20000794   Section     1720  cmsis_os2.o(.bss)
    Idle_TCB                                 0x20000794   Data          92  cmsis_os2.o(.bss)
    Idle_Stack                               0x200007f0   Data         512  cmsis_os2.o(.bss)
    Timer_TCB                                0x200009f0   Data          92  cmsis_os2.o(.bss)
    Timer_Stack                              0x20000a4c   Data        1024  cmsis_os2.o(.bss)
    .bss                                     0x20000e4c   Section    15360  heap_4.o(.bss)
    ucHeap                                   0x20000e4c   Data       15360  heap_4.o(.bss)
    .bss                                     0x20004a4c   Section       96  libspace.o(.bss)
    HEAP                                     0x20004ab0   Section      512  startup_stm32f411xe.o(HEAP)
    Heap_Mem                                 0x20004ab0   Data         512  startup_stm32f411xe.o(HEAP)
    STACK                                    0x20004cb0   Section     1024  startup_stm32f411xe.o(STACK)
    Stack_Mem                                0x20004cb0   Data        1024  startup_stm32f411xe.o(STACK)
    __initial_sp                             0x200050b0   Data           0  startup_stm32f411xe.o(STACK)

    Global Symbols

    Symbol Name                              Value     Ov Type        Size  Object(Section)

    BuildAttributes$$THM_ISAv4$E$P$D$K$B$S$7EM$VFPi3$EXTD16$VFPS$VFMA$PE$A:L22UL41UL21$X:L11$S22US41US21$IEEE1$IW$USESV6$~STKCKD$USESV7$~SHL$OTIME$ROPI$IEEEX$EBA8$UX$STANDARDLIB$REQ8$PRES8$EABIv2 0x00000000   Number         0  anon$$obj.o ABSOLUTE
    __ARM_use_no_argv                        0x00000000   Number         0  main.o ABSOLUTE
    __ARM_exceptions_init                     - Undefined Weak Reference
    __alloca_initialize                       - Undefined Weak Reference
    __arm_fini_                               - Undefined Weak Reference
    __arm_preinit_                            - Undefined Weak Reference
    __cpp_initialize__aeabi_                  - Undefined Weak Reference
    __cxa_finalize                            - Undefined Weak Reference
    __rt_locale                               - Undefined Weak Reference
    __sigvec_lookup                           - Undefined Weak Reference
    _atexit_init                              - Undefined Weak Reference
    _call_atexit_fns                          - Undefined Weak Reference
    _clock_init                               - Undefined Weak Reference
    _fp_trap_init                             - Undefined Weak Reference
    _fp_trap_shutdown                         - Undefined Weak Reference
    _get_lc_collate                           - Undefined Weak Reference
    _get_lc_ctype                             - Undefined Weak Reference
    _get_lc_monetary                          - Undefined Weak Reference
    _get_lc_numeric                           - Undefined Weak Reference
    _get_lc_time                              - Undefined Weak Reference
    _getenv_init                              - Undefined Weak Reference
    _handle_redirection                       - Undefined Weak Reference
    _init_alloc                               - Undefined Weak Reference
    _init_user_alloc                          - Undefined Weak Reference
    _initio                                   - Undefined Weak Reference
    _rand_init                                - Undefined Weak Reference
    _signal_finish                            - Undefined Weak Reference
    _signal_init                              - Undefined Weak Reference
    _terminate_alloc                          - Undefined Weak Reference
    _terminate_user_alloc                     - Undefined Weak Reference
    _terminateio                              - Undefined Weak Reference
    __Vectors_Size                           0x00000198   Number         0  startup_stm32f411xe.o ABSOLUTE
    __Vectors                                0x08000000   Data           4  startup_stm32f411xe.o(RESET)
    __Vectors_End                            0x08000198   Data           0  startup_stm32f411xe.o(RESET)
    __main                                   0x08000199   Thumb Code     8  __main.o(!!!main)
    __scatterload                            0x080001a1   Thumb Code     0  __scatter.o(!!!scatter)
    __scatterload_rt2                        0x080001a1   Thumb Code    44  __scatter.o(!!!scatter)
    __scatterload_rt2_thumb_only             0x080001a1   Thumb Code     0  __scatter.o(!!!scatter)
    __scatterload_null                       0x080001af   Thumb Code     0  __scatter.o(!!!scatter)
    __scatterload_copy                       0x080001d5   Thumb Code    26  __scatter_copy.o(!!handler_copy)
    __scatterload_zeroinit                   0x080001f1   Thumb Code    28  __scatter_zi.o(!!handler_zi)
    __rt_lib_init                            0x0800020d   Thumb Code     0  libinit.o(.ARM.Collect$$libinit$$00000000)
    __rt_lib_init_fp_1                       0x0800020f   Thumb Code     0  libinit2.o(.ARM.Collect$$libinit$$00000001)
    __rt_lib_init_alloca_1                   0x08000213   Thumb Code     0  libinit2.o(.ARM.Collect$$libinit$$0000002E)
    __rt_lib_init_argv_1                     0x08000213   Thumb Code     0  libinit2.o(.ARM.Collect$$libinit$$0000002C)
    __rt_lib_init_atexit_1                   0x08000213   Thumb Code     0  libinit2.o(.ARM.Collect$$libinit$$0000001B)
    __rt_lib_init_clock_1                    0x08000213   Thumb Code     0  libinit2.o(.ARM.Collect$$libinit$$00000021)
    __rt_lib_init_cpp_1                      0x08000213   Thumb Code     0  libinit2.o(.ARM.Collect$$libinit$$00000032)
    __rt_lib_init_exceptions_1               0x08000213   Thumb Code     0  libinit2.o(.ARM.Collect$$libinit$$00000030)
    __rt_lib_init_fp_trap_1                  0x08000213   Thumb Code     0  libinit2.o(.ARM.Collect$$libinit$$0000001F)
    __rt_lib_init_getenv_1                   0x08000213   Thumb Code     0  libinit2.o(.ARM.Collect$$libinit$$00000023)
    __rt_lib_init_heap_1                     0x08000213   Thumb Code     0  libinit2.o(.ARM.Collect$$libinit$$0000000A)
    __rt_lib_init_lc_collate_1               0x08000213   Thumb Code     0  libinit2.o(.ARM.Collect$$libinit$$00000011)
    __rt_lib_init_lc_ctype_1                 0x08000213   Thumb Code     0  libinit2.o(.ARM.Collect$$libinit$$00000013)
    __rt_lib_init_lc_monetary_1              0x08000213   Thumb Code     0  libinit2.o(.ARM.Collect$$libinit$$00000015)
    __rt_lib_init_lc_numeric_1               0x08000213   Thumb Code     0  libinit2.o(.ARM.Collect$$libinit$$00000017)
    __rt_lib_init_lc_time_1                  0x08000213   Thumb Code     0  libinit2.o(.ARM.Collect$$libinit$$00000019)
    __rt_lib_init_preinit_1                  0x08000213   Thumb Code     0  libinit2.o(.ARM.Collect$$libinit$$00000004)
    __rt_lib_init_rand_1                     0x08000213   Thumb Code     0  libinit2.o(.ARM.Collect$$libinit$$0000000E)
    __rt_lib_init_return                     0x08000213   Thumb Code     0  libinit2.o(.ARM.Collect$$libinit$$00000033)
    __rt_lib_init_signal_1                   0x08000213   Thumb Code     0  libinit2.o(.ARM.Collect$$libinit$$0000001D)
    __rt_lib_init_stdio_1                    0x08000213   Thumb Code     0  libinit2.o(.ARM.Collect$$libinit$$00000025)
    __rt_lib_init_user_alloc_1               0x08000213   Thumb Code     0  libinit2.o(.ARM.Collect$$libinit$$0000000C)
    __rt_lib_shutdown                        0x08000215   Thumb Code     0  libshutdown.o(.ARM.Collect$$libshutdown$$00000000)
    __rt_lib_shutdown_cpp_1                  0x08000217   Thumb Code     0  libshutdown2.o(.ARM.Collect$$libshutdown$$00000004)
    __rt_lib_shutdown_fini_1                 0x08000217   Thumb Code     0  libshutdown2.o(.ARM.Collect$$libshutdown$$00000002)
    __rt_lib_shutdown_fp_trap_1              0x08000217   Thumb Code     0  libshutdown2.o(.ARM.Collect$$libshutdown$$00000009)
    __rt_lib_shutdown_heap_1                 0x08000217   Thumb Code     0  libshutdown2.o(.ARM.Collect$$libshutdown$$00000011)
    __rt_lib_shutdown_return                 0x08000217   Thumb Code     0  libshutdown2.o(.ARM.Collect$$libshutdown$$00000012)
    __rt_lib_shutdown_signal_1               0x08000217   Thumb Code     0  libshutdown2.o(.ARM.Collect$$libshutdown$$0000000C)
    __rt_lib_shutdown_stdio_1                0x08000217   Thumb Code     0  libshutdown2.o(.ARM.Collect$$libshutdown$$00000006)
    __rt_lib_shutdown_user_alloc_1           0x08000217   Thumb Code     0  libshutdown2.o(.ARM.Collect$$libshutdown$$0000000E)
    __rt_entry                               0x08000219   Thumb Code     0  __rtentry.o(.ARM.Collect$$rtentry$$00000000)
    __rt_entry_presh_1                       0x08000219   Thumb Code     0  __rtentry2.o(.ARM.Collect$$rtentry$$00000002)
    __rt_entry_sh                            0x08000219   Thumb Code     0  __rtentry4.o(.ARM.Collect$$rtentry$$00000004)
    __rt_entry_li                            0x0800021f   Thumb Code     0  __rtentry2.o(.ARM.Collect$$rtentry$$0000000A)
    __rt_entry_postsh_1                      0x0800021f   Thumb Code     0  __rtentry2.o(.ARM.Collect$$rtentry$$00000009)
    __rt_entry_main                          0x08000223   Thumb Code     0  __rtentry2.o(.ARM.Collect$$rtentry$$0000000D)
    __rt_entry_postli_1                      0x08000223   Thumb Code     0  __rtentry2.o(.ARM.Collect$$rtentry$$0000000C)
    __rt_exit                                0x0800022b   Thumb Code     0  rtexit.o(.ARM.Collect$$rtexit$$00000000)
    __rt_exit_ls                             0x0800022d   Thumb Code     0  rtexit2.o(.ARM.Collect$$rtexit$$00000003)
    __rt_exit_prels_1                        0x0800022d   Thumb Code     0  rtexit2.o(.ARM.Collect$$rtexit$$00000002)
    __rt_exit_exit                           0x08000231   Thumb Code     0  rtexit2.o(.ARM.Collect$$rtexit$$00000004)
    SVC_Handler                              0x08000239   Thumb Code    28  port.o(.emb_text)
    __asm___6_port_c_39a90d8d__prvStartFirstTask 0x08000259   Thumb Code    36  port.o(.emb_text)
    __asm___6_port_c_39a90d8d__prvEnableVFP  0x08000281   Thumb Code    16  port.o(.emb_text)
    PendSV_Handler                           0x08000295   Thumb Code    88  port.o(.emb_text)
    vPortGetIPSR                             0x080002f1   Thumb Code     6  port.o(.emb_text)
    Reset_Handler                            0x080002f9   Thumb Code     8  startup_stm32f411xe.o(.text)
    ADC_IRQHandler                           0x08000313   Thumb Code     0  startup_stm32f411xe.o(.text)
    DMA1_Stream0_IRQHandler                  0x08000313   Thumb Code     0  startup_stm32f411xe.o(.text)
    DMA1_Stream1_IRQHandler                  0x08000313   Thumb Code     0  startup_stm32f411xe.o(.text)
    DMA1_Stream2_IRQHandler                  0x08000313   Thumb Code     0  startup_stm32f411xe.o(.text)
    DMA1_Stream3_IRQHandler                  0x08000313   Thumb Code     0  startup_stm32f411xe.o(.text)
    DMA1_Stream4_IRQHandler                  0x08000313   Thumb Code     0  startup_stm32f411xe.o(.text)
    DMA1_Stream5_IRQHandler                  0x08000313   Thumb Code     0  startup_stm32f411xe.o(.text)
    DMA1_Stream6_IRQHandler                  0x08000313   Thumb Code     0  startup_stm32f411xe.o(.text)
    DMA1_Stream7_IRQHandler                  0x08000313   Thumb Code     0  startup_stm32f411xe.o(.text)
    DMA2_Stream0_IRQHandler                  0x08000313   Thumb Code     0  startup_stm32f411xe.o(.text)
    DMA2_Stream1_IRQHandler                  0x08000313   Thumb Code     0  startup_stm32f411xe.o(.text)
    DMA2_Stream2_IRQHandler                  0x08000313   Thumb Code     0  startup_stm32f411xe.o(.text)
    DMA2_Stream3_IRQHandler                  0x08000313   Thumb Code     0  startup_stm32f411xe.o(.text)
    DMA2_Stream4_IRQHandler                  0x08000313   Thumb Code     0  startup_stm32f411xe.o(.text)
    DMA2_Stream5_IRQHandler                  0x08000313   Thumb Code     0  startup_stm32f411xe.o(.text)
    DMA2_Stream6_IRQHandler                  0x08000313   Thumb Code     0  startup_stm32f411xe.o(.text)
    DMA2_Stream7_IRQHandler                  0x08000313   Thumb Code     0  startup_stm32f411xe.o(.text)
    EXTI0_IRQHandler                         0x08000313   Thumb Code     0  startup_stm32f411xe.o(.text)
    EXTI1_IRQHandler                         0x08000313   Thumb Code     0  startup_stm32f411xe.o(.text)
    EXTI2_IRQHandler                         0x08000313   Thumb Code     0  startup_stm32f411xe.o(.text)
    EXTI3_IRQHandler                         0x08000313   Thumb Code     0  startup_stm32f411xe.o(.text)
    EXTI4_IRQHandler                         0x08000313   Thumb Code     0  startup_stm32f411xe.o(.text)
    EXTI9_5_IRQHandler                       0x08000313   Thumb Code     0  startup_stm32f411xe.o(.text)
    FLASH_IRQHandler                         0x08000313   Thumb Code     0  startup_stm32f411xe.o(.text)
    FPU_IRQHandler                           0x08000313   Thumb Code     0  startup_stm32f411xe.o(.text)
    I2C1_ER_IRQHandler                       0x08000313   Thumb Code     0  startup_stm32f411xe.o(.text)
    I2C1_EV_IRQHandler                       0x08000313   Thumb Code     0  startup_stm32f411xe.o(.text)
    I2C2_ER_IRQHandler                       0x08000313   Thumb Code     0  startup_stm32f411xe.o(.text)
    I2C2_EV_IRQHandler                       0x08000313   Thumb Code     0  startup_stm32f411xe.o(.text)
    I2C3_ER_IRQHandler                       0x08000313   Thumb Code     0  startup_stm32f411xe.o(.text)
    I2C3_EV_IRQHandler                       0x08000313   Thumb Code     0  startup_stm32f411xe.o(.text)
    OTG_FS_IRQHandler                        0x08000313   Thumb Code     0  startup_stm32f411xe.o(.text)
    OTG_FS_WKUP_IRQHandler                   0x08000313   Thumb Code     0  startup_stm32f411xe.o(.text)
    PVD_IRQHandler                           0x08000313   Thumb Code     0  startup_stm32f411xe.o(.text)
    RCC_IRQHandler                           0x08000313   Thumb Code     0  startup_stm32f411xe.o(.text)
    RTC_Alarm_IRQHandler                     0x08000313   Thumb Code     0  startup_stm32f411xe.o(.text)
    RTC_WKUP_IRQHandler                      0x08000313   Thumb Code     0  startup_stm32f411xe.o(.text)
    SDIO_IRQHandler                          0x08000313   Thumb Code     0  startup_stm32f411xe.o(.text)
    SPI1_IRQHandler                          0x08000313   Thumb Code     0  startup_stm32f411xe.o(.text)
    SPI2_IRQHandler                          0x08000313   Thumb Code     0  startup_stm32f411xe.o(.text)
    SPI3_IRQHandler                          0x08000313   Thumb Code     0  startup_stm32f411xe.o(.text)
    SPI4_IRQHandler                          0x08000313   Thumb Code     0  startup_stm32f411xe.o(.text)
    SPI5_IRQHandler                          0x08000313   Thumb Code     0  startup_stm32f411xe.o(.text)
    TAMP_STAMP_IRQHandler                    0x08000313   Thumb Code     0  startup_stm32f411xe.o(.text)
    TIM1_BRK_TIM9_IRQHandler                 0x08000313   Thumb Code     0  startup_stm32f411xe.o(.text)
    TIM1_CC_IRQHandler                       0x08000313   Thumb Code     0  startup_stm32f411xe.o(.text)
    TIM1_TRG_COM_TIM11_IRQHandler            0x08000313   Thumb Code     0  startup_stm32f411xe.o(.text)
    TIM2_IRQHandler                          0x08000313   Thumb Code     0  startup_stm32f411xe.o(.text)
    TIM3_IRQHandler                          0x08000313   Thumb Code     0  startup_stm32f411xe.o(.text)
    TIM4_IRQHandler                          0x08000313   Thumb Code     0  startup_stm32f411xe.o(.text)
    TIM5_IRQHandler                          0x08000313   Thumb Code     0  startup_stm32f411xe.o(.text)
    USART1_IRQHandler                        0x08000313   Thumb Code     0  startup_stm32f411xe.o(.text)
    USART6_IRQHandler                        0x08000313   Thumb Code     0  startup_stm32f411xe.o(.text)
    WWDG_IRQHandler                          0x08000313   Thumb Code     0  startup_stm32f411xe.o(.text)
    __user_initial_stackheap                 0x08000315   Thumb Code     0  startup_stm32f411xe.o(.text)
    __aeabi_uldivmod                         0x08000339   Thumb Code     0  lludivv7m.o(.text)
    _ll_udiv                                 0x08000339   Thumb Code   238  lludivv7m.o(.text)
    __aeabi_memcpy                           0x08000427   Thumb Code     0  rt_memcpy_v6.o(.text)
    __rt_memcpy                              0x08000427   Thumb Code   138  rt_memcpy_v6.o(.text)
    _memcpy_lastbytes                        0x0800048d   Thumb Code     0  rt_memcpy_v6.o(.text)
    __aeabi_memset                           0x080004b1   Thumb Code    16  aeabi_memset.o(.text)
    __aeabi_memclr4                          0x080004c1   Thumb Code     0  rt_memclr_w.o(.text)
    __aeabi_memclr8                          0x080004c1   Thumb Code     0  rt_memclr_w.o(.text)
    __rt_memclr_w                            0x080004c1   Thumb Code    78  rt_memclr_w.o(.text)
    _memset_w                                0x080004c5   Thumb Code     0  rt_memclr_w.o(.text)
    __use_two_region_memory                  0x0800050f   Thumb Code     2  heapauxi.o(.text)
    __rt_heap_escrow$2region                 0x08000511   Thumb Code     2  heapauxi.o(.text)
    __rt_heap_expand$2region                 0x08000513   Thumb Code     2  heapauxi.o(.text)
    __read_errno                             0x08000515   Thumb Code    10  _rserrno.o(.text)
    __set_errno                              0x0800051f   Thumb Code    12  _rserrno.o(.text)
    __aeabi_memcpy4                          0x0800052b   Thumb Code     0  rt_memcpy_w.o(.text)
    __aeabi_memcpy8                          0x0800052b   Thumb Code     0  rt_memcpy_w.o(.text)
    __rt_memcpy_w                            0x0800052b   Thumb Code   100  rt_memcpy_w.o(.text)
    _memcpy_lastbytes_aligned                0x08000573   Thumb Code     0  rt_memcpy_w.o(.text)
    __aeabi_memclr                           0x0800058f   Thumb Code     0  rt_memclr.o(.text)
    __rt_memclr                              0x0800058f   Thumb Code    68  rt_memclr.o(.text)
    _memset                                  0x08000593   Thumb Code     0  rt_memclr.o(.text)
    __aeabi_errno_addr                       0x080005d5   Thumb Code     8  rt_errno_addr_intlibspace.o(.text)
    __errno$intlibspace                      0x080005d5   Thumb Code     0  rt_errno_addr_intlibspace.o(.text)
    __rt_errno_addr$intlibspace              0x080005d5   Thumb Code     0  rt_errno_addr_intlibspace.o(.text)
    __user_libspace                          0x080005dd   Thumb Code     8  libspace.o(.text)
    __user_perproc_libspace                  0x080005dd   Thumb Code     0  libspace.o(.text)
    __user_perthread_libspace                0x080005dd   Thumb Code     0  libspace.o(.text)
    __user_setup_stackheap                   0x080005e5   Thumb Code    74  sys_stackheap_outer.o(.text)
    exit                                     0x0800062f   Thumb Code    18  exit.o(.text)
    _sys_exit                                0x08000641   Thumb Code     8  sys_exit.o(.text)
    __I$use$semihosting                      0x0800064d   Thumb Code     0  use_no_semi.o(.text)
    __use_no_semihosting_swi                 0x0800064d   Thumb Code     2  use_no_semi.o(.text)
    BusFault_Handler                         0x0800064f   Thumb Code     2  stm32f4xx_it.o(i.BusFault_Handler)
    __semihosting_library_function           0x0800064f   Thumb Code     0  indicate_semi.o(.text)
    DebugMon_Handler                         0x08000651   Thumb Code     2  stm32f4xx_it.o(i.DebugMon_Handler)
    EXTI15_10_IRQHandler                     0x08000653   Thumb Code     8  stm32f4xx_it.o(i.EXTI15_10_IRQHandler)
    HAL_DMA_Abort                            0x0800065b   Thumb Code   146  stm32f4xx_hal_dma.o(i.HAL_DMA_Abort)
    HAL_DMA_Abort_IT                         0x080006ed   Thumb Code    36  stm32f4xx_hal_dma.o(i.HAL_DMA_Abort_IT)
    HAL_GPIO_EXTI_Callback                   0x08000711   Thumb Code    16  main.o(i.HAL_GPIO_EXTI_Callback)
    HAL_GPIO_EXTI_IRQHandler                 0x08000725   Thumb Code    18  stm32f4xx_hal_gpio.o(i.HAL_GPIO_EXTI_IRQHandler)
    HAL_GPIO_Init                            0x0800073d   Thumb Code   446  stm32f4xx_hal_gpio.o(i.HAL_GPIO_Init)
    HAL_GPIO_WritePin                        0x0800091d   Thumb Code    10  stm32f4xx_hal_gpio.o(i.HAL_GPIO_WritePin)
    HAL_GetTick                              0x08000929   Thumb Code     6  stm32f4xx_hal.o(i.HAL_GetTick)
    HAL_IncTick                              0x08000935   Thumb Code    12  stm32f4xx_hal.o(i.HAL_IncTick)
    HAL_Init                                 0x08000945   Thumb Code    48  stm32f4xx_hal.o(i.HAL_Init)
    HAL_InitTick                             0x08000979   Thumb Code   118  stm32f4xx_hal_timebase_tim.o(i.HAL_InitTick)
    HAL_MspInit                              0x08000a05   Thumb Code    52  stm32f4xx_hal_msp.o(i.HAL_MspInit)
    HAL_NVIC_EnableIRQ                       0x08000a3d   Thumb Code    26  stm32f4xx_hal_cortex.o(i.HAL_NVIC_EnableIRQ)
    HAL_NVIC_SetPriority                     0x08000a59   Thumb Code    60  stm32f4xx_hal_cortex.o(i.HAL_NVIC_SetPriority)
    HAL_NVIC_SetPriorityGrouping             0x08000a99   Thumb Code    26  stm32f4xx_hal_cortex.o(i.HAL_NVIC_SetPriorityGrouping)
    HAL_RCC_ClockConfig                      0x08000abd   Thumb Code   288  stm32f4xx_hal_rcc.o(i.HAL_RCC_ClockConfig)
    HAL_RCC_GetClockConfig                   0x08000bf1   Thumb Code    54  stm32f4xx_hal_rcc.o(i.HAL_RCC_GetClockConfig)
    HAL_RCC_GetPCLK1Freq                     0x08000c31   Thumb Code    20  stm32f4xx_hal_rcc.o(i.HAL_RCC_GetPCLK1Freq)
    HAL_RCC_GetPCLK2Freq                     0x08000c51   Thumb Code    20  stm32f4xx_hal_rcc.o(i.HAL_RCC_GetPCLK2Freq)
    HAL_RCC_GetSysClockFreq                  0x08000c71   Thumb Code    88  stm32f4xx_hal_rcc.o(i.HAL_RCC_GetSysClockFreq)
    HAL_RCC_OscConfig                        0x08000cd1   Thumb Code   856  stm32f4xx_hal_rcc.o(i.HAL_RCC_OscConfig)
    HAL_TIMEx_BreakCallback                  0x0800103d   Thumb Code     2  stm32f4xx_hal_tim_ex.o(i.HAL_TIMEx_BreakCallback)
    HAL_TIMEx_CommutCallback                 0x0800103f   Thumb Code     2  stm32f4xx_hal_tim_ex.o(i.HAL_TIMEx_CommutCallback)
    HAL_TIMEx_MasterConfigSynchronization    0x08001041   Thumb Code   104  stm32f4xx_hal_tim_ex.o(i.HAL_TIMEx_MasterConfigSynchronization)
    HAL_TIM_Base_Init                        0x080010bd   Thumb Code    90  stm32f4xx_hal_tim.o(i.HAL_TIM_Base_Init)
    HAL_TIM_Base_MspInit                     0x08001119   Thumb Code    30  stm32f4xx_hal_msp.o(i.HAL_TIM_Base_MspInit)
    HAL_TIM_Base_Start_IT                    0x08001141   Thumb Code    88  stm32f4xx_hal_tim.o(i.HAL_TIM_Base_Start_IT)
    HAL_TIM_ConfigClockSource                0x080011ad   Thumb Code   220  stm32f4xx_hal_tim.o(i.HAL_TIM_ConfigClockSource)
    HAL_TIM_IC_CaptureCallback               0x08001289   Thumb Code     2  stm32f4xx_hal_tim.o(i.HAL_TIM_IC_CaptureCallback)
    HAL_TIM_IRQHandler                       0x0800128b   Thumb Code   358  stm32f4xx_hal_tim.o(i.HAL_TIM_IRQHandler)
    HAL_TIM_MspPostInit                      0x080013f1   Thumb Code    68  stm32f4xx_hal_msp.o(i.HAL_TIM_MspPostInit)
    HAL_TIM_OC_DelayElapsedCallback          0x08001441   Thumb Code     2  stm32f4xx_hal_tim.o(i.HAL_TIM_OC_DelayElapsedCallback)
    HAL_TIM_PWM_ConfigChannel                0x08001443   Thumb Code   204  stm32f4xx_hal_tim.o(i.HAL_TIM_PWM_ConfigChannel)
    HAL_TIM_PWM_Init                         0x0800150f   Thumb Code    90  stm32f4xx_hal_tim.o(i.HAL_TIM_PWM_Init)
    HAL_TIM_PWM_MspInit                      0x08001569   Thumb Code     2  stm32f4xx_hal_tim.o(i.HAL_TIM_PWM_MspInit)
    HAL_TIM_PWM_PulseFinishedCallback        0x0800156b   Thumb Code     2  stm32f4xx_hal_tim.o(i.HAL_TIM_PWM_PulseFinishedCallback)
    HAL_TIM_PWM_Start                        0x0800156d   Thumb Code   156  stm32f4xx_hal_tim.o(i.HAL_TIM_PWM_Start)
    HAL_TIM_PWM_Stop                         0x0800161d   Thumb Code   108  stm32f4xx_hal_tim.o(i.HAL_TIM_PWM_Stop)
    HAL_TIM_PeriodElapsedCallback            0x0800168d   Thumb Code    14  main.o(i.HAL_TIM_PeriodElapsedCallback)
    HAL_TIM_TriggerCallback                  0x080016a1   Thumb Code     2  stm32f4xx_hal_tim.o(i.HAL_TIM_TriggerCallback)
    HAL_UARTEx_RxEventCallback               0x080016a3   Thumb Code     2  stm32f4xx_hal_uart.o(i.HAL_UARTEx_RxEventCallback)
    HAL_UART_ErrorCallback                   0x080016a5   Thumb Code     2  stm32f4xx_hal_uart.o(i.HAL_UART_ErrorCallback)
    HAL_UART_IRQHandler                      0x080016a9   Thumb Code   610  stm32f4xx_hal_uart.o(i.HAL_UART_IRQHandler)
    HAL_UART_Init                            0x08001911   Thumb Code    98  stm32f4xx_hal_uart.o(i.HAL_UART_Init)
    HAL_UART_MspInit                         0x08001975   Thumb Code   108  stm32f4xx_hal_msp.o(i.HAL_UART_MspInit)
    HAL_UART_RxCpltCallback                  0x080019ed   Thumb Code     2  stm32f4xx_hal_uart.o(i.HAL_UART_RxCpltCallback)
    HAL_UART_TxCpltCallback                  0x080019ef   Thumb Code     2  stm32f4xx_hal_uart.o(i.HAL_UART_TxCpltCallback)
    HardFault_Handler                        0x080019f1   Thumb Code     2  stm32f4xx_it.o(i.HardFault_Handler)
    MemManage_Handler                        0x08001b4d   Thumb Code     2  stm32f4xx_it.o(i.MemManage_Handler)
    NMI_Handler                              0x08001b4f   Thumb Code     2  stm32f4xx_it.o(i.NMI_Handler)
    StartDefaultTask                         0x08001b51   Thumb Code     8  main.o(i.StartDefaultTask)
    StartEmergencyTask                       0x08001b59   Thumb Code    52  main.o(i.StartEmergencyTask)
    StartMotorTask                           0x08001b99   Thumb Code   226  main.o(i.StartMotorTask)
    SysTick_Handler                          0x08001cb5   Thumb Code    26  cmsis_os2.o(i.SysTick_Handler)
    SystemClock_Config                       0x08001cd1   Thumb Code   136  main.o(i.SystemClock_Config)
    SystemInit                               0x08001d61   Thumb Code    12  system_stm32f4xx.o(i.SystemInit)
    TIM1_UP_TIM10_IRQHandler                 0x08001d71   Thumb Code     6  stm32f4xx_it.o(i.TIM1_UP_TIM10_IRQHandler)
    TIM_Base_SetConfig                       0x08001d7d   Thumb Code   122  stm32f4xx_hal_tim.o(i.TIM_Base_SetConfig)
    TIM_CCxChannelCmd                        0x08001e15   Thumb Code    26  stm32f4xx_hal_tim.o(i.TIM_CCxChannelCmd)
    TIM_ETR_SetConfig                        0x08001e2f   Thumb Code    20  stm32f4xx_hal_tim.o(i.TIM_ETR_SetConfig)
    TIM_OC2_SetConfig                        0x08001ea5   Thumb Code    84  stm32f4xx_hal_tim.o(i.TIM_OC2_SetConfig)
    USART2_IRQHandler                        0x08002209   Thumb Code     6  stm32f4xx_it.o(i.USART2_IRQHandler)
    UsageFault_Handler                       0x08002215   Thumb Code     2  stm32f4xx_it.o(i.UsageFault_Handler)
    __ARM_fpclassify                         0x08002217   Thumb Code    48  fpclassify.o(i.__ARM_fpclassify)
    __hardfp_sin                             0x08002269   Thumb Code   180  sin.o(i.__hardfp_sin)
    __ieee754_rem_pio2                       0x08002331   Thumb Code   938  rred.o(i.__ieee754_rem_pio2)
    __kernel_cos                             0x08002769   Thumb Code   322  cos_i.o(i.__kernel_cos)
    __kernel_poly                            0x080028d9   Thumb Code   248  poly.o(i.__kernel_poly)
    __kernel_sin                             0x080029d1   Thumb Code   280  sin_i.o(i.__kernel_sin)
    __mathlib_dbl_infnan                     0x08002b01   Thumb Code    20  dunder.o(i.__mathlib_dbl_infnan)
    __mathlib_dbl_invalid                    0x08002b19   Thumb Code    24  dunder.o(i.__mathlib_dbl_invalid)
    __mathlib_dbl_underflow                  0x08002b39   Thumb Code    24  dunder.o(i.__mathlib_dbl_underflow)
    fabs                                     0x08002b59   Thumb Code    24  fabs.o(i.fabs)
    main                                     0x08002b71   Thumb Code   130  main.o(i.main)
    osDelay                                  0x08002c15   Thumb Code    26  cmsis_os2.o(i.osDelay)
    osKernelInitialize                       0x08002c31   Thumb Code    32  cmsis_os2.o(i.osKernelInitialize)
    osKernelStart                            0x08002c55   Thumb Code    48  cmsis_os2.o(i.osKernelStart)
    osSemaphoreAcquire                       0x08002c8d   Thumb Code    88  cmsis_os2.o(i.osSemaphoreAcquire)
    osSemaphoreNew                           0x08002ce9   Thumb Code   152  cmsis_os2.o(i.osSemaphoreNew)
    osSemaphoreRelease                       0x08002d81   Thumb Code    82  cmsis_os2.o(i.osSemaphoreRelease)
    osThreadNew                              0x08002dd9   Thumb Code   138  cmsis_os2.o(i.osThreadNew)
    pvPortMalloc                             0x080035f9   Thumb Code   216  heap_4.o(i.pvPortMalloc)
    pvTaskIncrementMutexHeldCount            0x080036d5   Thumb Code    18  tasks.o(i.pvTaskIncrementMutexHeldCount)
    pxPortInitialiseStack                    0x080036ed   Thumb Code    40  port.o(i.pxPortInitialiseStack)
    uxListRemove                             0x08003719   Thumb Code    38  list.o(i.uxListRemove)
    vApplicationGetIdleTaskMemory            0x08003741   Thumb Code    16  cmsis_os2.o(i.vApplicationGetIdleTaskMemory)
    vApplicationGetTimerTaskMemory           0x08003755   Thumb Code    18  cmsis_os2.o(i.vApplicationGetTimerTaskMemory)
    vListInitialise                          0x0800376d   Thumb Code    22  list.o(i.vListInitialise)
    vListInitialiseItem                      0x08003783   Thumb Code     6  list.o(i.vListInitialiseItem)
    vListInsert                              0x08003789   Thumb Code    48  list.o(i.vListInsert)
    vListInsertEnd                           0x080037b9   Thumb Code    24  list.o(i.vListInsertEnd)
    vPortEnterCritical                       0x080037d1   Thumb Code    54  port.o(i.vPortEnterCritical)
    vPortExitCritical                        0x08003811   Thumb Code    34  port.o(i.vPortExitCritical)
    vPortFree                                0x08003839   Thumb Code    94  heap_4.o(i.vPortFree)
    vPortSetupTimerInterrupt                 0x0800389d   Thumb Code    32  port.o(i.vPortSetupTimerInterrupt)
    vPortValidateInterruptPriority           0x080038c1   Thumb Code    74  port.o(i.vPortValidateInterruptPriority)
    vQueueAddToRegistry                      0x08003915   Thumb Code    34  queue.o(i.vQueueAddToRegistry)
    vQueueDelete                             0x0800393d   Thumb Code    46  queue.o(i.vQueueDelete)
    vQueueUnregisterQueue                    0x0800396d   Thumb Code    36  queue.o(i.vQueueUnregisterQueue)
    vQueueWaitForMessageRestricted           0x08003995   Thumb Code    68  queue.o(i.vQueueWaitForMessageRestricted)
    vTaskDelay                               0x080039d9   Thumb Code    66  tasks.o(i.vTaskDelay)
    vTaskInternalSetTimeOutState             0x08003a25   Thumb Code    12  tasks.o(i.vTaskInternalSetTimeOutState)
    vTaskMissedYield                         0x08003a35   Thumb Code     8  tasks.o(i.vTaskMissedYield)
    vTaskPlaceOnEventList                    0x08003a41   Thumb Code    44  tasks.o(i.vTaskPlaceOnEventList)
    vTaskPlaceOnEventListRestricted          0x08003a71   Thumb Code    52  tasks.o(i.vTaskPlaceOnEventListRestricted)
    vTaskPriorityDisinheritAfterTimeout      0x08003aa9   Thumb Code   134  tasks.o(i.vTaskPriorityDisinheritAfterTimeout)
    vTaskStartScheduler                      0x08003b39   Thumb Code   118  tasks.o(i.vTaskStartScheduler)
    vTaskSuspendAll                          0x08003bc1   Thumb Code    10  tasks.o(i.vTaskSuspendAll)
    vTaskSwitchContext                       0x08003bd1   Thumb Code    90  tasks.o(i.vTaskSwitchContext)
    xPortStartScheduler                      0x08003c35   Thumb Code   222  port.o(i.xPortStartScheduler)
    xPortSysTickHandler                      0x08003d29   Thumb Code    38  port.o(i.xPortSysTickHandler)
    xQueueCreateCountingSemaphore            0x08003d55   Thumb Code    58  queue.o(i.xQueueCreateCountingSemaphore)
    xQueueCreateCountingSemaphoreStatic      0x08003d8f   Thumb Code    64  queue.o(i.xQueueCreateCountingSemaphoreStatic)
    xQueueGenericCreate                      0x08003dcf   Thumb Code    66  queue.o(i.xQueueGenericCreate)
    xQueueGenericCreateStatic                0x08003e11   Thumb Code   102  queue.o(i.xQueueGenericCreateStatic)
    xQueueGenericReset                       0x08003e79   Thumb Code   132  queue.o(i.xQueueGenericReset)
    xQueueGenericSend                        0x08003f01   Thumb Code   346  queue.o(i.xQueueGenericSend)
    xQueueGenericSendFromISR                 0x08004061   Thumb Code   190  queue.o(i.xQueueGenericSendFromISR)
    xQueueGiveFromISR                        0x0800411f   Thumb Code   156  queue.o(i.xQueueGiveFromISR)
    xQueueReceive                            0x080041bd   Thumb Code   308  queue.o(i.xQueueReceive)
    xQueueReceiveFromISR                     0x080042f5   Thumb Code   154  queue.o(i.xQueueReceiveFromISR)
    xQueueSemaphoreTake                      0x08004391   Thumb Code   372  queue.o(i.xQueueSemaphoreTake)
    xTaskCheckForTimeOut                     0x08004509   Thumb Code   112  tasks.o(i.xTaskCheckForTimeOut)
    xTaskCreate                              0x0800457d   Thumb Code    90  tasks.o(i.xTaskCreate)
    xTaskCreateStatic                        0x080045d7   Thumb Code    86  tasks.o(i.xTaskCreateStatic)
    xTaskGetSchedulerState                   0x0800462d   Thumb Code    22  tasks.o(i.xTaskGetSchedulerState)
    xTaskGetTickCount                        0x08004649   Thumb Code     6  tasks.o(i.xTaskGetTickCount)
    xTaskIncrementTick                       0x08004655   Thumb Code   192  tasks.o(i.xTaskIncrementTick)
    xTaskPriorityDisinherit                  0x0800471d   Thumb Code   118  tasks.o(i.xTaskPriorityDisinherit)
    xTaskPriorityInherit                     0x0800479d   Thumb Code   112  tasks.o(i.xTaskPriorityInherit)
    xTaskRemoveFromEventList                 0x08004815   Thumb Code    98  tasks.o(i.xTaskRemoveFromEventList)
    xTaskResumeAll                           0x08004885   Thumb Code   182  tasks.o(i.xTaskResumeAll)
    xTimerCreateTimerTask                    0x08004949   Thumb Code    78  timers.o(i.xTimerCreateTimerTask)
    xTimerGenericCommand                     0x080049a9   Thumb Code    98  timers.o(i.xTimerGenericCommand)
    __aeabi_dneg                             0x08004a11   Thumb Code     0  basic.o(x$fpl$basic)
    _dneg                                    0x08004a11   Thumb Code     6  basic.o(x$fpl$basic)
    __aeabi_fneg                             0x08004a17   Thumb Code     0  basic.o(x$fpl$basic)
    _fneg                                    0x08004a17   Thumb Code     6  basic.o(x$fpl$basic)
    _dabs                                    0x08004a1d   Thumb Code     6  basic.o(x$fpl$basic)
    _fabs                                    0x08004a23   Thumb Code     6  basic.o(x$fpl$basic)
    __aeabi_dadd                             0x08004a29   Thumb Code     0  daddsub_clz.o(x$fpl$dadd)
    _dadd                                    0x08004a29   Thumb Code   332  daddsub_clz.o(x$fpl$dadd)
    __fpl_dcmp_Inf                           0x08004b79   Thumb Code    24  dcmpi.o(x$fpl$dcmpinf)
    __aeabi_ddiv                             0x08004b91   Thumb Code     0  ddiv.o(x$fpl$ddiv)
    _ddiv                                    0x08004b91   Thumb Code   552  ddiv.o(x$fpl$ddiv)
    __aeabi_d2iz                             0x08004e41   Thumb Code     0  dfix.o(x$fpl$dfix)
    _dfix                                    0x08004e41   Thumb Code    94  dfix.o(x$fpl$dfix)
    __aeabi_d2uiz                            0x08004ea1   Thumb Code     0  dfixu.o(x$fpl$dfixu)
    _dfixu                                   0x08004ea1   Thumb Code    90  dfixu.o(x$fpl$dfixu)
    __aeabi_i2d                              0x08004efb   Thumb Code     0  dflt_clz.o(x$fpl$dflt)
    _dflt                                    0x08004efb   Thumb Code    46  dflt_clz.o(x$fpl$dflt)
    __aeabi_ui2d                             0x08004f29   Thumb Code     0  dflt_clz.o(x$fpl$dfltu)
    _dfltu                                   0x08004f29   Thumb Code    38  dflt_clz.o(x$fpl$dfltu)
    __aeabi_cdcmple                          0x08004f51   Thumb Code     0  dleqf.o(x$fpl$dleqf)
    _dcmple                                  0x08004f51   Thumb Code   120  dleqf.o(x$fpl$dleqf)
    __fpl_dcmple_InfNaN                      0x08004fb3   Thumb Code     0  dleqf.o(x$fpl$dleqf)
    __aeabi_dmul                             0x08004fc9   Thumb Code     0  dmul.o(x$fpl$dmul)
    _dmul                                    0x08004fc9   Thumb Code   332  dmul.o(x$fpl$dmul)
    __fpl_dnaninf                            0x0800511d   Thumb Code   156  dnaninf.o(x$fpl$dnaninf)
    __fpl_dretinf                            0x080051b9   Thumb Code    12  dretinf.o(x$fpl$dretinf)
    __aeabi_cdrcmple                         0x080051c5   Thumb Code     0  drleqf.o(x$fpl$drleqf)
    _drcmple                                 0x080051c5   Thumb Code   108  drleqf.o(x$fpl$drleqf)
    __aeabi_drsub                            0x08005231   Thumb Code     0  daddsub_clz.o(x$fpl$drsb)
    _drsb                                    0x08005231   Thumb Code    22  daddsub_clz.o(x$fpl$drsb)
    __aeabi_dsub                             0x08005249   Thumb Code     0  daddsub_clz.o(x$fpl$dsub)
    _dsub                                    0x08005249   Thumb Code   464  daddsub_clz.o(x$fpl$dsub)
    _fp_init                                 0x0800541d   Thumb Code    10  fpinit.o(x$fpl$fpinit)
    __fplib_config_fpu_vfp                   0x08005425   Thumb Code     0  fpinit.o(x$fpl$fpinit)
    __fplib_config_pureend_doubles           0x08005425   Thumb Code     0  fpinit.o(x$fpl$fpinit)
    __I$use$fp                               0x08005426   Number         0  usenofp.o(x$fpl$usenofp)
    defaultTask_attributes                   0x08005428   Data          36  main.o(.constdata)
    vMotorTask_attributes                    0x0800544c   Data          36  main.o(.constdata)
    vEmergencyTask_attributes                0x08005470   Data          36  main.o(.constdata)
    myEmergencySem_attributes                0x08005494   Data          16  main.o(.constdata)
    AHBPrescTable                            0x080054a4   Data          16  system_stm32f4xx.o(.constdata)
    APBPrescTable                            0x080054b4   Data           8  system_stm32f4xx.o(.constdata)
    Region$$Table$$Base                      0x08005618   Number         0  anon$$obj.o(Region$$Table)
    Region$$Table$$Limit                     0x08005638   Number         0  anon$$obj.o(Region$$Table)
    is_emergency                             0x20000000   Data           1  main.o(.data)
    defaultTaskHandle                        0x20000004   Data           4  main.o(.data)
    vMotorTaskHandle                         0x20000008   Data           4  main.o(.data)
    vEmergencyTaskHandle                     0x2000000c   Data           4  main.o(.data)
    myEmergencySemHandle                     0x20000010   Data           4  main.o(.data)
    uwTickFreq                               0x20000014   Data           1  stm32f4xx_hal.o(.data)
    uwTickPrio                               0x20000018   Data           4  stm32f4xx_hal.o(.data)
    uwTick                                   0x2000001c   Data           4  stm32f4xx_hal.o(.data)
    SystemCoreClock                          0x20000020   Data           4  system_stm32f4xx.o(.data)
    pxCurrentTCB                             0x20000024   Data           4  tasks.o(.data)
    htim3                                    0x200000a4   Data          72  main.o(.bss)
    huart2                                   0x200000ec   Data          68  main.o(.bss)
    htim1                                    0x20000130   Data          72  stm32f4xx_hal_timebase_tim.o(.bss)
    xQueueRegistry                           0x20000178   Data          64  queue.o(.bss)
    __libspace_start                         0x20004a4c   Data          96  libspace.o(.bss)
    __temporary_stack_top$libspace           0x20004aac   Data           0  libspace.o(.bss)



==============================================================================

Memory Map of the image

  Image Entry point : 0x08000199

  Load Region LR_IROM1 (Base: 0x08000000, Size: 0x000056dc, Max: 0x00080000, ABSOLUTE)

    Execution Region ER_IROM1 (Exec base: 0x08000000, Load base: 0x08000000, Size: 0x00005638, Max: 0x00080000, ABSOLUTE)

    Exec Addr    Load Addr    Size         Type   Attr      Idx    E Section Name        Object

    0x08000000   0x08000000   0x00000198   Data   RO            3    RESET               startup_stm32f411xe.o
    0x08000198   0x08000198   0x00000008   Code   RO         4771  * !!!main             c_w.l(__main.o)
    0x080001a0   0x080001a0   0x00000034   Code   RO         5040    !!!scatter          c_w.l(__scatter.o)
    0x080001d4   0x080001d4   0x0000001a   Code   RO         5042    !!handler_copy      c_w.l(__scatter_copy.o)
    0x080001ee   0x080001ee   0x00000002   PAD
    0x080001f0   0x080001f0   0x0000001c   Code   RO         5044    !!handler_zi        c_w.l(__scatter_zi.o)
    0x0800020c   0x0800020c   0x00000002   Code   RO         4911    .ARM.Collect$$libinit$$00000000  c_w.l(libinit.o)
    0x0800020e   0x0800020e   0x00000004   Code   RO         4920    .ARM.Collect$$libinit$$00000001  c_w.l(libinit2.o)
    0x08000212   0x08000212   0x00000000   Code   RO         4923    .ARM.Collect$$libinit$$00000004  c_w.l(libinit2.o)
    0x08000212   0x08000212   0x00000000   Code   RO         4926    .ARM.Collect$$libinit$$0000000A  c_w.l(libinit2.o)
    0x08000212   0x08000212   0x00000000   Code   RO         4928    .ARM.Collect$$libinit$$0000000C  c_w.l(libinit2.o)
    0x08000212   0x08000212   0x00000000   Code   RO         4930    .ARM.Collect$$libinit$$0000000E  c_w.l(libinit2.o)
    0x08000212   0x08000212   0x00000000   Code   RO         4933    .ARM.Collect$$libinit$$00000011  c_w.l(libinit2.o)
    0x08000212   0x08000212   0x00000000   Code   RO         4935    .ARM.Collect$$libinit$$00000013  c_w.l(libinit2.o)
    0x08000212   0x08000212   0x00000000   Code   RO         4937    .ARM.Collect$$libinit$$00000015  c_w.l(libinit2.o)
    0x08000212   0x08000212   0x00000000   Code   RO         4939    .ARM.Collect$$libinit$$00000017  c_w.l(libinit2.o)
    0x08000212   0x08000212   0x00000000   Code   RO         4941    .ARM.Collect$$libinit$$00000019  c_w.l(libinit2.o)
    0x08000212   0x08000212   0x00000000   Code   RO         4943    .ARM.Collect$$libinit$$0000001B  c_w.l(libinit2.o)
    0x08000212   0x08000212   0x00000000   Code   RO         4945    .ARM.Collect$$libinit$$0000001D  c_w.l(libinit2.o)
    0x08000212   0x08000212   0x00000000   Code   RO         4947    .ARM.Collect$$libinit$$0000001F  c_w.l(libinit2.o)
    0x08000212   0x08000212   0x00000000   Code   RO         4949    .ARM.Collect$$libinit$$00000021  c_w.l(libinit2.o)
    0x08000212   0x08000212   0x00000000   Code   RO         4951    .ARM.Collect$$libinit$$00000023  c_w.l(libinit2.o)
    0x08000212   0x08000212   0x00000000   Code   RO         4953    .ARM.Collect$$libinit$$00000025  c_w.l(libinit2.o)
    0x08000212   0x08000212   0x00000000   Code   RO         4957    .ARM.Collect$$libinit$$0000002C  c_w.l(libinit2.o)
    0x08000212   0x08000212   0x00000000   Code   RO         4959    .ARM.Collect$$libinit$$0000002E  c_w.l(libinit2.o)
    0x08000212   0x08000212   0x00000000   Code   RO         4961    .ARM.Collect$$libinit$$00000030  c_w.l(libinit2.o)
    0x08000212   0x08000212   0x00000000   Code   RO         4963    .ARM.Collect$$libinit$$00000032  c_w.l(libinit2.o)
    0x08000212   0x08000212   0x00000002   Code   RO         4964    .ARM.Collect$$libinit$$00000033  c_w.l(libinit2.o)
    0x08000214   0x08000214   0x00000002   Code   RO         4995    .ARM.Collect$$libshutdown$$00000000  c_w.l(libshutdown.o)
    0x08000216   0x08000216   0x00000000   Code   RO         5021    .ARM.Collect$$libshutdown$$00000002  c_w.l(libshutdown2.o)
    0x08000216   0x08000216   0x00000000   Code   RO         5023    .ARM.Collect$$libshutdown$$00000004  c_w.l(libshutdown2.o)
    0x08000216   0x08000216   0x00000000   Code   RO         5025    .ARM.Collect$$libshutdown$$00000006  c_w.l(libshutdown2.o)
    0x08000216   0x08000216   0x00000000   Code   RO         5028    .ARM.Collect$$libshutdown$$00000009  c_w.l(libshutdown2.o)
    0x08000216   0x08000216   0x00000000   Code   RO         5031    .ARM.Collect$$libshutdown$$0000000C  c_w.l(libshutdown2.o)
    0x08000216   0x08000216   0x00000000   Code   RO         5033    .ARM.Collect$$libshutdown$$0000000E  c_w.l(libshutdown2.o)
    0x08000216   0x08000216   0x00000000   Code   RO         5036    .ARM.Collect$$libshutdown$$00000011  c_w.l(libshutdown2.o)
    0x08000216   0x08000216   0x00000002   Code   RO         5037    .ARM.Collect$$libshutdown$$00000012  c_w.l(libshutdown2.o)
    0x08000218   0x08000218   0x00000000   Code   RO         4799    .ARM.Collect$$rtentry$$00000000  c_w.l(__rtentry.o)
    0x08000218   0x08000218   0x00000000   Code   RO         4848    .ARM.Collect$$rtentry$$00000002  c_w.l(__rtentry2.o)
    0x08000218   0x08000218   0x00000006   Code   RO         4860    .ARM.Collect$$rtentry$$00000004  c_w.l(__rtentry4.o)
    0x0800021e   0x0800021e   0x00000000   Code   RO         4850    .ARM.Collect$$rtentry$$00000009  c_w.l(__rtentry2.o)
    0x0800021e   0x0800021e   0x00000004   Code   RO         4851    .ARM.Collect$$rtentry$$0000000A  c_w.l(__rtentry2.o)
    0x08000222   0x08000222   0x00000000   Code   RO         4853    .ARM.Collect$$rtentry$$0000000C  c_w.l(__rtentry2.o)
    0x08000222   0x08000222   0x00000008   Code   RO         4854    .ARM.Collect$$rtentry$$0000000D  c_w.l(__rtentry2.o)
    0x0800022a   0x0800022a   0x00000002   Code   RO         4912    .ARM.Collect$$rtexit$$00000000  c_w.l(rtexit.o)
    0x0800022c   0x0800022c   0x00000000   Code   RO         4968    .ARM.Collect$$rtexit$$00000002  c_w.l(rtexit2.o)
    0x0800022c   0x0800022c   0x00000004   Code   RO         4969    .ARM.Collect$$rtexit$$00000003  c_w.l(rtexit2.o)
    0x08000230   0x08000230   0x00000006   Code   RO         4970    .ARM.Collect$$rtexit$$00000004  c_w.l(rtexit2.o)
    0x08000236   0x08000236   0x00000002   PAD
    0x08000238   0x08000238   0x000000be   Code   RO         4680    .emb_text           port.o
    0x080002f6   0x080002f6   0x00000002   PAD
    0x080002f8   0x080002f8   0x00000040   Code   RO            4    .text               startup_stm32f411xe.o
    0x08000338   0x08000338   0x000000ee   Code   RO         4759    .text               c_w.l(lludivv7m.o)
    0x08000426   0x08000426   0x0000008a   Code   RO         4761    .text               c_w.l(rt_memcpy_v6.o)
    0x080004b0   0x080004b0   0x00000010   Code   RO         4765    .text               c_w.l(aeabi_memset.o)
    0x080004c0   0x080004c0   0x0000004e   Code   RO         4767    .text               c_w.l(rt_memclr_w.o)
    0x0800050e   0x0800050e   0x00000006   Code   RO         4769    .text               c_w.l(heapauxi.o)
    0x08000514   0x08000514   0x00000016   Code   RO         4804    .text               c_w.l(_rserrno.o)
    0x0800052a   0x0800052a   0x00000064   Code   RO         4806    .text               c_w.l(rt_memcpy_w.o)
    0x0800058e   0x0800058e   0x00000044   Code   RO         4808    .text               c_w.l(rt_memclr.o)
    0x080005d2   0x080005d2   0x00000002   PAD
    0x080005d4   0x080005d4   0x00000008   Code   RO         4867    .text               c_w.l(rt_errno_addr_intlibspace.o)
    0x080005dc   0x080005dc   0x00000008   Code   RO         4895    .text               c_w.l(libspace.o)
    0x080005e4   0x080005e4   0x0000004a   Code   RO         4898    .text               c_w.l(sys_stackheap_outer.o)
    0x0800062e   0x0800062e   0x00000012   Code   RO         4900    .text               c_w.l(exit.o)
    0x08000640   0x08000640   0x0000000c   Code   RO         4965    .text               c_w.l(sys_exit.o)
    0x0800064c   0x0800064c   0x00000002   Code   RO         4984    .text               c_w.l(use_no_semi.o)
    0x0800064e   0x0800064e   0x00000000   Code   RO         4986    .text               c_w.l(indicate_semi.o)
    0x0800064e   0x0800064e   0x00000002   Code   RO          255    i.BusFault_Handler  stm32f4xx_it.o
    0x08000650   0x08000650   0x00000002   Code   RO          256    i.DebugMon_Handler  stm32f4xx_it.o
    0x08000652   0x08000652   0x00000008   Code   RO          257    i.EXTI15_10_IRQHandler  stm32f4xx_it.o
    0x0800065a   0x0800065a   0x00000092   Code   RO          940    i.HAL_DMA_Abort     stm32f4xx_hal_dma.o
    0x080006ec   0x080006ec   0x00000024   Code   RO          941    i.HAL_DMA_Abort_IT  stm32f4xx_hal_dma.o
    0x08000710   0x08000710   0x00000014   Code   RO           14    i.HAL_GPIO_EXTI_Callback  main.o
    0x08000724   0x08000724   0x00000018   Code   RO          832    i.HAL_GPIO_EXTI_IRQHandler  stm32f4xx_hal_gpio.o
    0x0800073c   0x0800073c   0x000001e0   Code   RO          833    i.HAL_GPIO_Init     stm32f4xx_hal_gpio.o
    0x0800091c   0x0800091c   0x0000000a   Code   RO          837    i.HAL_GPIO_WritePin  stm32f4xx_hal_gpio.o
    0x08000926   0x08000926   0x00000002   PAD
    0x08000928   0x08000928   0x0000000c   Code   RO         1389    i.HAL_GetTick       stm32f4xx_hal.o
    0x08000934   0x08000934   0x00000010   Code   RO         1395    i.HAL_IncTick       stm32f4xx_hal.o
    0x08000944   0x08000944   0x00000034   Code   RO         1396    i.HAL_Init          stm32f4xx_hal.o
    0x08000978   0x08000978   0x0000008c   Code   RO          385    i.HAL_InitTick      stm32f4xx_hal_timebase_tim.o
    0x08000a04   0x08000a04   0x00000038   Code   RO          331    i.HAL_MspInit       stm32f4xx_hal_msp.o
    0x08000a3c   0x08000a3c   0x0000001a   Code   RO         1246    i.HAL_NVIC_EnableIRQ  stm32f4xx_hal_cortex.o
    0x08000a56   0x08000a56   0x00000002   PAD
    0x08000a58   0x08000a58   0x00000040   Code   RO         1252    i.HAL_NVIC_SetPriority  stm32f4xx_hal_cortex.o
    0x08000a98   0x08000a98   0x00000024   Code   RO         1253    i.HAL_NVIC_SetPriorityGrouping  stm32f4xx_hal_cortex.o
    0x08000abc   0x08000abc   0x00000134   Code   RO          425    i.HAL_RCC_ClockConfig  stm32f4xx_hal_rcc.o
    0x08000bf0   0x08000bf0   0x00000040   Code   RO          429    i.HAL_RCC_GetClockConfig  stm32f4xx_hal_rcc.o
    0x08000c30   0x08000c30   0x00000020   Code   RO          432    i.HAL_RCC_GetPCLK1Freq  stm32f4xx_hal_rcc.o
    0x08000c50   0x08000c50   0x00000020   Code   RO          433    i.HAL_RCC_GetPCLK2Freq  stm32f4xx_hal_rcc.o
    0x08000c70   0x08000c70   0x00000060   Code   RO          434    i.HAL_RCC_GetSysClockFreq  stm32f4xx_hal_rcc.o
    0x08000cd0   0x08000cd0   0x0000036c   Code   RO          437    i.HAL_RCC_OscConfig  stm32f4xx_hal_rcc.o
    0x0800103c   0x0800103c   0x00000002   Code   RO         2340    i.HAL_TIMEx_BreakCallback  stm32f4xx_hal_tim_ex.o
    0x0800103e   0x0800103e   0x00000002   Code   RO         2341    i.HAL_TIMEx_CommutCallback  stm32f4xx_hal_tim_ex.o
    0x08001040   0x08001040   0x0000007c   Code   RO         2359    i.HAL_TIMEx_MasterConfigSynchronization  stm32f4xx_hal_tim_ex.o
    0x080010bc   0x080010bc   0x0000005a   Code   RO         1636    i.HAL_TIM_Base_Init  stm32f4xx_hal_tim.o
    0x08001116   0x08001116   0x00000002   PAD
    0x08001118   0x08001118   0x00000028   Code   RO          333    i.HAL_TIM_Base_MspInit  stm32f4xx_hal_msp.o
    0x08001140   0x08001140   0x0000006c   Code   RO         1641    i.HAL_TIM_Base_Start_IT  stm32f4xx_hal_tim.o
    0x080011ac   0x080011ac   0x000000dc   Code   RO         1645    i.HAL_TIM_ConfigClockSource  stm32f4xx_hal_tim.o
    0x08001288   0x08001288   0x00000002   Code   RO         1670    i.HAL_TIM_IC_CaptureCallback  stm32f4xx_hal_tim.o
    0x0800128a   0x0800128a   0x00000166   Code   RO         1684    i.HAL_TIM_IRQHandler  stm32f4xx_hal_tim.o
    0x080013f0   0x080013f0   0x00000050   Code   RO          334    i.HAL_TIM_MspPostInit  stm32f4xx_hal_msp.o
    0x08001440   0x08001440   0x00000002   Code   RO         1687    i.HAL_TIM_OC_DelayElapsedCallback  stm32f4xx_hal_tim.o
    0x08001442   0x08001442   0x000000cc   Code   RO         1708    i.HAL_TIM_PWM_ConfigChannel  stm32f4xx_hal_tim.o
    0x0800150e   0x0800150e   0x0000005a   Code   RO         1711    i.HAL_TIM_PWM_Init  stm32f4xx_hal_tim.o
    0x08001568   0x08001568   0x00000002   Code   RO         1713    i.HAL_TIM_PWM_MspInit  stm32f4xx_hal_tim.o
    0x0800156a   0x0800156a   0x00000002   Code   RO         1714    i.HAL_TIM_PWM_PulseFinishedCallback  stm32f4xx_hal_tim.o
    0x0800156c   0x0800156c   0x000000b0   Code   RO         1716    i.HAL_TIM_PWM_Start  stm32f4xx_hal_tim.o
    0x0800161c   0x0800161c   0x00000070   Code   RO         1719    i.HAL_TIM_PWM_Stop  stm32f4xx_hal_tim.o
    0x0800168c   0x0800168c   0x00000014   Code   RO           15    i.HAL_TIM_PeriodElapsedCallback  main.o
    0x080016a0   0x080016a0   0x00000002   Code   RO         1727    i.HAL_TIM_TriggerCallback  stm32f4xx_hal_tim.o
    0x080016a2   0x080016a2   0x00000002   Code   RO         2618    i.HAL_UARTEx_RxEventCallback  stm32f4xx_hal_uart.o
    0x080016a4   0x080016a4   0x00000002   Code   RO         2632    i.HAL_UART_ErrorCallback  stm32f4xx_hal_uart.o
    0x080016a6   0x080016a6   0x00000002   PAD
    0x080016a8   0x080016a8   0x00000268   Code   RO         2635    i.HAL_UART_IRQHandler  stm32f4xx_hal_uart.o
    0x08001910   0x08001910   0x00000062   Code   RO         2636    i.HAL_UART_Init     stm32f4xx_hal_uart.o
    0x08001972   0x08001972   0x00000002   PAD
    0x08001974   0x08001974   0x00000078   Code   RO          336    i.HAL_UART_MspInit  stm32f4xx_hal_msp.o
    0x080019ec   0x080019ec   0x00000002   Code   RO         2642    i.HAL_UART_RxCpltCallback  stm32f4xx_hal_uart.o
    0x080019ee   0x080019ee   0x00000002   Code   RO         2647    i.HAL_UART_TxCpltCallback  stm32f4xx_hal_uart.o
    0x080019f0   0x080019f0   0x00000002   Code   RO          258    i.HardFault_Handler  stm32f4xx_it.o
    0x080019f2   0x080019f2   0x00000002   PAD
    0x080019f4   0x080019f4   0x000000a8   Code   RO           16    i.MX_GPIO_Init      main.o
    0x08001a9c   0x08001a9c   0x000000b0   Code   RO           17    i.MX_TIM3_Init      main.o
    0x08001b4c   0x08001b4c   0x00000002   Code   RO          259    i.MemManage_Handler  stm32f4xx_it.o
    0x08001b4e   0x08001b4e   0x00000002   Code   RO          260    i.NMI_Handler       stm32f4xx_it.o
    0x08001b50   0x08001b50   0x00000008   Code   RO           18    i.StartDefaultTask  main.o
    0x08001b58   0x08001b58   0x00000040   Code   RO           19    i.StartEmergencyTask  main.o
    0x08001b98   0x08001b98   0x0000011c   Code   RO           20    i.StartMotorTask    main.o
    0x08001cb4   0x08001cb4   0x0000001a   Code   RO         4112    i.SysTick_Handler   cmsis_os2.o
    0x08001cce   0x08001cce   0x00000002   PAD
    0x08001cd0   0x08001cd0   0x00000090   Code   RO           21    i.SystemClock_Config  main.o
    0x08001d60   0x08001d60   0x00000010   Code   RO         2965    i.SystemInit        system_stm32f4xx.o
    0x08001d70   0x08001d70   0x0000000c   Code   RO          261    i.TIM1_UP_TIM10_IRQHandler  stm32f4xx_it.o
    0x08001d7c   0x08001d7c   0x00000098   Code   RO         1729    i.TIM_Base_SetConfig  stm32f4xx_hal_tim.o
    0x08001e14   0x08001e14   0x0000001a   Code   RO         1730    i.TIM_CCxChannelCmd  stm32f4xx_hal_tim.o
    0x08001e2e   0x08001e2e   0x00000014   Code   RO         1740    i.TIM_ETR_SetConfig  stm32f4xx_hal_tim.o
    0x08001e42   0x08001e42   0x00000010   Code   RO         1741    i.TIM_ITRx_SetConfig  stm32f4xx_hal_tim.o
    0x08001e52   0x08001e52   0x00000002   PAD
    0x08001e54   0x08001e54   0x00000050   Code   RO         1742    i.TIM_OC1_SetConfig  stm32f4xx_hal_tim.o
    0x08001ea4   0x08001ea4   0x00000058   Code   RO         1743    i.TIM_OC2_SetConfig  stm32f4xx_hal_tim.o
    0x08001efc   0x08001efc   0x00000058   Code   RO         1744    i.TIM_OC3_SetConfig  stm32f4xx_hal_tim.o
    0x08001f54   0x08001f54   0x00000044   Code   RO         1745    i.TIM_OC4_SetConfig  stm32f4xx_hal_tim.o
    0x08001f98   0x08001f98   0x00000022   Code   RO         1747    i.TIM_TI1_ConfigInputStage  stm32f4xx_hal_tim.o
    0x08001fba   0x08001fba   0x00000024   Code   RO         1749    i.TIM_TI2_ConfigInputStage  stm32f4xx_hal_tim.o
    0x08001fde   0x08001fde   0x00000010   Code   RO         2649    i.UART_DMAAbortOnError  stm32f4xx_hal_uart.o
    0x08001fee   0x08001fee   0x0000004e   Code   RO         2659    i.UART_EndRxTransfer  stm32f4xx_hal_uart.o
    0x0800203c   0x0800203c   0x000000c0   Code   RO         2661    i.UART_Receive_IT   stm32f4xx_hal_uart.o
    0x080020fc   0x080020fc   0x0000010c   Code   RO         2662    i.UART_SetConfig    stm32f4xx_hal_uart.o
    0x08002208   0x08002208   0x0000000c   Code   RO          262    i.USART2_IRQHandler  stm32f4xx_it.o
    0x08002214   0x08002214   0x00000002   Code   RO          263    i.UsageFault_Handler  stm32f4xx_it.o
    0x08002216   0x08002216   0x00000030   Code   RO         4891    i.__ARM_fpclassify  m_wm.l(fpclassify.o)
    0x08002246   0x08002246   0x00000020   Code   RO         1259    i.__NVIC_SetPriority  stm32f4xx_hal_cortex.o
    0x08002266   0x08002266   0x00000002   PAD
    0x08002268   0x08002268   0x000000c8   Code   RO         4787    i.__hardfp_sin      m_wm.l(sin.o)
    0x08002330   0x08002330   0x00000438   Code   RO         4836    i.__ieee754_rem_pio2  m_wm.l(rred.o)
    0x08002768   0x08002768   0x00000170   Code   RO         4819    i.__kernel_cos      m_wm.l(cos_i.o)
    0x080028d8   0x080028d8   0x000000f8   Code   RO         4893    i.__kernel_poly     m_wm.l(poly.o)
    0x080029d0   0x080029d0   0x00000130   Code   RO         4841    i.__kernel_sin      m_wm.l(sin_i.o)
    0x08002b00   0x08002b00   0x00000014   Code   RO         4823    i.__mathlib_dbl_infnan  m_wm.l(dunder.o)
    0x08002b14   0x08002b14   0x00000004   PAD
    0x08002b18   0x08002b18   0x00000020   Code   RO         4825    i.__mathlib_dbl_invalid  m_wm.l(dunder.o)
    0x08002b38   0x08002b38   0x00000020   Code   RO         4828    i.__mathlib_dbl_underflow  m_wm.l(dunder.o)
    0x08002b58   0x08002b58   0x00000018   Code   RO         4887    i.fabs              m_wm.l(fabs.o)
    0x08002b70   0x08002b70   0x000000a4   Code   RO           22    i.main              main.o
    0x08002c14   0x08002c14   0x0000001a   Code   RO         4114    i.osDelay           cmsis_os2.o
    0x08002c2e   0x08002c2e   0x00000002   PAD
    0x08002c30   0x08002c30   0x00000024   Code   RO         4128    i.osKernelInitialize  cmsis_os2.o
    0x08002c54   0x08002c54   0x00000038   Code   RO         4131    i.osKernelStart     cmsis_os2.o
    0x08002c8c   0x08002c8c   0x0000005c   Code   RO         4156    i.osSemaphoreAcquire  cmsis_os2.o
    0x08002ce8   0x08002ce8   0x00000098   Code   RO         4159    i.osSemaphoreNew    cmsis_os2.o
    0x08002d80   0x08002d80   0x00000058   Code   RO         4160    i.osSemaphoreRelease  cmsis_os2.o
    0x08002dd8   0x08002dd8   0x0000008a   Code   RO         4173    i.osThreadNew       cmsis_os2.o
    0x08002e62   0x08002e62   0x00000002   PAD
    0x08002e64   0x08002e64   0x0000005c   Code   RO         3573    i.prvAddCurrentTaskToDelayedList  tasks.o
    0x08002ec0   0x08002ec0   0x000000d0   Code   RO         3574    i.prvAddNewTaskToReadyList  tasks.o
    0x08002f90   0x08002f90   0x00000058   Code   RO         3938    i.prvCheckForValidListAndQueue  timers.o
    0x08002fe8   0x08002fe8   0x00000026   Code   RO         3170    i.prvCopyDataFromQueue  queue.o
    0x0800300e   0x0800300e   0x0000006c   Code   RO         3171    i.prvCopyDataToQueue  queue.o
    0x0800307a   0x0800307a   0x00000034   Code   RO         3575    i.prvDeleteTCB      tasks.o
    0x080030ae   0x080030ae   0x00000002   PAD
    0x080030b0   0x080030b0   0x0000004c   Code   RO         4625    i.prvHeapInit       heap_4.o
    0x080030fc   0x080030fc   0x00000060   Code   RO         3576    i.prvIdleTask       tasks.o
    0x0800315c   0x0800315c   0x00000022   Code   RO         3173    i.prvInitialiseNewQueue  queue.o
    0x0800317e   0x0800317e   0x00000002   PAD
    0x08003180   0x08003180   0x000000b0   Code   RO         3577    i.prvInitialiseNewTask  tasks.o
    0x08003230   0x08003230   0x0000004c   Code   RO         4626    i.prvInsertBlockIntoFreeList  heap_4.o
    0x0800327c   0x0800327c   0x00000038   Code   RO         3940    i.prvInsertTimerInActiveList  timers.o
    0x080032b4   0x080032b4   0x0000001c   Code   RO         3174    i.prvIsQueueEmpty   queue.o
    0x080032d0   0x080032d0   0x000000fc   Code   RO         3941    i.prvProcessReceivedCommands  timers.o
    0x080033cc   0x080033cc   0x000000c0   Code   RO         3942    i.prvProcessTimerOrBlockTask  timers.o
    0x0800348c   0x0800348c   0x00000020   Code   RO         3579    i.prvResetNextTaskUnblockTime  tasks.o
    0x080034ac   0x080034ac   0x00000028   Code   RO         3943    i.prvSampleTimeNow  timers.o
    0x080034d4   0x080034d4   0x0000006c   Code   RO         3944    i.prvSwitchTimerLists  timers.o
    0x08003540   0x08003540   0x00000028   Code   RO         4681    i.prvTaskExitError  port.o
    0x08003568   0x08003568   0x00000024   Code   RO         3945    i.prvTimerTask      timers.o
    0x0800358c   0x0800358c   0x0000006a   Code   RO         3175    i.prvUnlockQueue    queue.o
    0x080035f6   0x080035f6   0x00000002   PAD
    0x080035f8   0x080035f8   0x000000dc   Code   RO         4627    i.pvPortMalloc      heap_4.o
    0x080036d4   0x080036d4   0x00000018   Code   RO         3582    i.pvTaskIncrementMutexHeldCount  tasks.o
    0x080036ec   0x080036ec   0x0000002c   Code   RO         4682    i.pxPortInitialiseStack  port.o
    0x08003718   0x08003718   0x00000026   Code   RO         3130    i.uxListRemove      list.o
    0x0800373e   0x0800373e   0x00000002   PAD
    0x08003740   0x08003740   0x00000014   Code   RO         4185    i.vApplicationGetIdleTaskMemory  cmsis_os2.o
    0x08003754   0x08003754   0x00000018   Code   RO         4186    i.vApplicationGetTimerTaskMemory  cmsis_os2.o
    0x0800376c   0x0800376c   0x00000016   Code   RO         3131    i.vListInitialise   list.o
    0x08003782   0x08003782   0x00000006   Code   RO         3132    i.vListInitialiseItem  list.o
    0x08003788   0x08003788   0x00000030   Code   RO         3133    i.vListInsert       list.o
    0x080037b8   0x080037b8   0x00000018   Code   RO         3134    i.vListInsertEnd    list.o
    0x080037d0   0x080037d0   0x00000040   Code   RO         4684    i.vPortEnterCritical  port.o
    0x08003810   0x08003810   0x00000028   Code   RO         4685    i.vPortExitCritical  port.o
    0x08003838   0x08003838   0x00000064   Code   RO         4628    i.vPortFree         heap_4.o
    0x0800389c   0x0800389c   0x00000024   Code   RO         4686    i.vPortSetupTimerInterrupt  port.o
    0x080038c0   0x080038c0   0x00000054   Code   RO         4687    i.vPortValidateInterruptPriority  port.o
    0x08003914   0x08003914   0x00000028   Code   RO         3181    i.vQueueAddToRegistry  queue.o
    0x0800393c   0x0800393c   0x0000002e   Code   RO         3182    i.vQueueDelete      queue.o
    0x0800396a   0x0800396a   0x00000002   PAD
    0x0800396c   0x0800396c   0x00000028   Code   RO         3184    i.vQueueUnregisterQueue  queue.o
    0x08003994   0x08003994   0x00000044   Code   RO         3185    i.vQueueWaitForMessageRestricted  queue.o
    0x080039d8   0x080039d8   0x0000004c   Code   RO         3592    i.vTaskDelay        tasks.o
    0x08003a24   0x08003a24   0x00000010   Code   RO         3597    i.vTaskInternalSetTimeOutState  tasks.o
    0x08003a34   0x08003a34   0x0000000c   Code   RO         3598    i.vTaskMissedYield  tasks.o
    0x08003a40   0x08003a40   0x00000030   Code   RO         3600    i.vTaskPlaceOnEventList  tasks.o
    0x08003a70   0x08003a70   0x00000038   Code   RO         3601    i.vTaskPlaceOnEventListRestricted  tasks.o
    0x08003aa8   0x08003aa8   0x00000090   Code   RO         3603    i.vTaskPriorityDisinheritAfterTimeout  tasks.o
    0x08003b38   0x08003b38   0x00000088   Code   RO         3609    i.vTaskStartScheduler  tasks.o
    0x08003bc0   0x08003bc0   0x00000010   Code   RO         3611    i.vTaskSuspendAll   tasks.o
    0x08003bd0   0x08003bd0   0x00000064   Code   RO         3612    i.vTaskSwitchContext  tasks.o
    0x08003c34   0x08003c34   0x000000f4   Code   RO         4688    i.xPortStartScheduler  port.o
    0x08003d28   0x08003d28   0x0000002c   Code   RO         4689    i.xPortSysTickHandler  port.o
    0x08003d54   0x08003d54   0x0000003a   Code   RO         3186    i.xQueueCreateCountingSemaphore  queue.o
    0x08003d8e   0x08003d8e   0x00000040   Code   RO         3187    i.xQueueCreateCountingSemaphoreStatic  queue.o
    0x08003dce   0x08003dce   0x00000042   Code   RO         3190    i.xQueueGenericCreate  queue.o
    0x08003e10   0x08003e10   0x00000066   Code   RO         3191    i.xQueueGenericCreateStatic  queue.o
    0x08003e76   0x08003e76   0x00000002   PAD
    0x08003e78   0x08003e78   0x00000088   Code   RO         3192    i.xQueueGenericReset  queue.o
    0x08003f00   0x08003f00   0x00000160   Code   RO         3193    i.xQueueGenericSend  queue.o
    0x08004060   0x08004060   0x000000be   Code   RO         3194    i.xQueueGenericSendFromISR  queue.o
    0x0800411e   0x0800411e   0x0000009c   Code   RO         3197    i.xQueueGiveFromISR  queue.o
    0x080041ba   0x080041ba   0x00000002   PAD
    0x080041bc   0x080041bc   0x00000138   Code   RO         3203    i.xQueueReceive     queue.o
    0x080042f4   0x080042f4   0x0000009a   Code   RO         3204    i.xQueueReceiveFromISR  queue.o
    0x0800438e   0x0800438e   0x00000002   PAD
    0x08004390   0x08004390   0x00000178   Code   RO         3205    i.xQueueSemaphoreTake  queue.o
    0x08004508   0x08004508   0x00000074   Code   RO         3614    i.xTaskCheckForTimeOut  tasks.o
    0x0800457c   0x0800457c   0x0000005a   Code   RO         3615    i.xTaskCreate       tasks.o
    0x080045d6   0x080045d6   0x00000056   Code   RO         3616    i.xTaskCreateStatic  tasks.o
    0x0800462c   0x0800462c   0x0000001c   Code   RO         3620    i.xTaskGetSchedulerState  tasks.o
    0x08004648   0x08004648   0x0000000c   Code   RO         3621    i.xTaskGetTickCount  tasks.o
    0x08004654   0x08004654   0x000000c8   Code   RO         3623    i.xTaskIncrementTick  tasks.o
    0x0800471c   0x0800471c   0x00000080   Code   RO         3626    i.xTaskPriorityDisinherit  tasks.o
    0x0800479c   0x0800479c   0x00000078   Code   RO         3627    i.xTaskPriorityInherit  tasks.o
    0x08004814   0x08004814   0x00000070   Code   RO         3628    i.xTaskRemoveFromEventList  tasks.o
    0x08004884   0x08004884   0x000000c4   Code   RO         3629    i.xTaskResumeAll    tasks.o
    0x08004948   0x08004948   0x00000060   Code   RO         3954    i.xTimerCreateTimerTask  timers.o
    0x080049a8   0x080049a8   0x00000068   Code   RO         3955    i.xTimerGenericCommand  timers.o
    0x08004a10   0x08004a10   0x00000018   Code   RO         4810    x$fpl$basic         fz_wm.l(basic.o)
    0x08004a28   0x08004a28   0x00000150   Code   RO         4773    x$fpl$dadd          fz_wm.l(daddsub_clz.o)
    0x08004b78   0x08004b78   0x00000018   Code   RO         4869    x$fpl$dcmpinf       fz_wm.l(dcmpi.o)
    0x08004b90   0x08004b90   0x000002b0   Code   RO         4872    x$fpl$ddiv          fz_wm.l(ddiv.o)
    0x08004e40   0x08004e40   0x0000005e   Code   RO         4875    x$fpl$dfix          fz_wm.l(dfix.o)
    0x08004e9e   0x08004e9e   0x00000002   PAD
    0x08004ea0   0x08004ea0   0x0000005a   Code   RO         4779    x$fpl$dfixu         fz_wm.l(dfixu.o)
    0x08004efa   0x08004efa   0x0000002e   Code   RO         4880    x$fpl$dflt          fz_wm.l(dflt_clz.o)
    0x08004f28   0x08004f28   0x00000026   Code   RO         4879    x$fpl$dfltu         fz_wm.l(dflt_clz.o)
    0x08004f4e   0x08004f4e   0x00000002   PAD
    0x08004f50   0x08004f50   0x00000078   Code   RO         4812    x$fpl$dleqf         fz_wm.l(dleqf.o)
    0x08004fc8   0x08004fc8   0x00000154   Code   RO         4783    x$fpl$dmul          fz_wm.l(dmul.o)
    0x0800511c   0x0800511c   0x0000009c   Code   RO         4814    x$fpl$dnaninf       fz_wm.l(dnaninf.o)
    0x080051b8   0x080051b8   0x0000000c   Code   RO         4816    x$fpl$dretinf       fz_wm.l(dretinf.o)
    0x080051c4   0x080051c4   0x0000006c   Code   RO         4785    x$fpl$drleqf        fz_wm.l(drleqf.o)
    0x08005230   0x08005230   0x00000016   Code   RO         4774    x$fpl$drsb          fz_wm.l(daddsub_clz.o)
    0x08005246   0x08005246   0x00000002   PAD
    0x08005248   0x08005248   0x000001d4   Code   RO         4775    x$fpl$dsub          fz_wm.l(daddsub_clz.o)
    0x0800541c   0x0800541c   0x0000000a   Code   RO         4980    x$fpl$fpinit        fz_wm.l(fpinit.o)
    0x08005426   0x08005426   0x00000000   Code   RO         4818    x$fpl$usenofp       fz_wm.l(usenofp.o)
    0x08005426   0x08005426   0x00000002   PAD
    0x08005428   0x08005428   0x0000007c   Data   RO           24    .constdata          main.o
    0x080054a4   0x080054a4   0x00000010   Data   RO         2966    .constdata          system_stm32f4xx.o
    0x080054b4   0x080054b4   0x00000008   Data   RO         2967    .constdata          system_stm32f4xx.o
    0x080054bc   0x080054bc   0x00000004   PAD
    0x080054c0   0x080054c0   0x00000030   Data   RO         4820    .constdata          m_wm.l(cos_i.o)
    0x080054f0   0x080054f0   0x000000c8   Data   RO         4838    .constdata          m_wm.l(rred.o)
    0x080055b8   0x080055b8   0x00000028   Data   RO         4842    .constdata          m_wm.l(sin_i.o)
    0x080055e0   0x080055e0   0x00000037   Data   RO           25    .conststring        main.o
    0x08005617   0x08005617   0x00000001   PAD
    0x08005618   0x08005618   0x00000020   Data   RO         5038    Region$$Table       anon$$obj.o


    Execution Region RW_IRAM1 (Exec base: 0x20000000, Load base: 0x08005638, Size: 0x000050b0, Max: 0x00020000, ABSOLUTE)

    Exec Addr    Load Addr    Size         Type   Attr      Idx    E Section Name        Object

    0x20000000   0x08005638   0x00000014   Data   RW           26    .data               main.o
    0x20000014   0x0800564c   0x0000000c   Data   RW         1403    .data               stm32f4xx_hal.o
    0x20000020   0x08005658   0x00000004   Data   RW         2968    .data               system_stm32f4xx.o
    0x20000024   0x0800565c   0x0000003c   Data   RW         3632    .data               tasks.o
    0x20000060   0x08005698   0x00000014   Data   RW         3963    .data               timers.o
    0x20000074   0x080056ac   0x00000004   Data   RW         4188    .data               cmsis_os2.o
    0x20000078   0x080056b0   0x00000020   Data   RW         4634    .data               heap_4.o
    0x20000098   0x080056d0   0x0000000c   Data   RW         4690    .data               port.o
    0x200000a4        -       0x0000008c   Zero   RW           23    .bss                main.o
    0x20000130        -       0x00000048   Zero   RW          388    .bss                stm32f4xx_hal_timebase_tim.o
    0x20000178        -       0x00000040   Zero   RW         3207    .bss                queue.o
    0x200001b8        -       0x000004c4   Zero   RW         3631    .bss                tasks.o
    0x2000067c        -       0x00000118   Zero   RW         3962    .bss                timers.o
    0x20000794        -       0x000006b8   Zero   RW         4187    .bss                cmsis_os2.o
    0x20000e4c        -       0x00003c00   Zero   RW         4633    .bss                heap_4.o
    0x20004a4c        -       0x00000060   Zero   RW         4896    .bss                c_w.l(libspace.o)
    0x20004aac   0x080056dc   0x00000004   PAD
    0x20004ab0        -       0x00000200   Zero   RW            2    HEAP                startup_stm32f411xe.o
    0x20004cb0        -       0x00000400   Zero   RW            1    STACK               startup_stm32f411xe.o


==============================================================================

Image component sizes


      Code (inc. data)   RO Data    RW Data    ZI Data      Debug   Object Name

       658         32          0          4       1720      67954   cmsis_os2.o
         0          0          0          0          0      19428   event_groups.o
       472         24          0         32      15360       4843   heap_4.o
       138          0          0          0          0       3522   list.o
      1048        146        179         20        140     436796   main.o
       786         82          0         12          0      11461   port.o
      2474         28          0          0         64      26352   queue.o
        64         26        408          0       1536        840   startup_stm32f411xe.o
        80         14          0         12          0       7918   stm32f4xx_hal.o
       158         14          0          0          0      33138   stm32f4xx_hal_cortex.o
       182          0          0          0          0       2087   stm32f4xx_hal_dma.o
       514         40          0          0          0       2779   stm32f4xx_hal_gpio.o
       296         38          0          0          0       2862   stm32f4xx_hal_msp.o
      1408         82          0          0          0       5869   stm32f4xx_hal_rcc.o
      1976         94          0          0          0      17337   stm32f4xx_hal_tim.o
       128         20          0          0          0       2437   stm32f4xx_hal_tim_ex.o
       140         22          0          0         72       1407   stm32f4xx_hal_timebase_tim.o
      1276         16          0          0          0       8284   stm32f4xx_hal_uart.o
        44         12          0          0          0       4179   stm32f4xx_it.o
         0          0          0          0          0        392   stream_buffer.o
        16          4         24          4          0       1115   system_stm32f4xx.o
      2372        192          0         60       1220      29353   tasks.o
       972         80          0         20        280      32047   timers.o

    ----------------------------------------------------------------------
     15242        966        648        164      20392     722400   Object Totals
         0          0         32          0          0          0   (incl. Generated)
        40          0          5          0          0          0   (incl. Padding)

    ----------------------------------------------------------------------

      Code (inc. data)   RO Data    RW Data    ZI Data      Debug   Library Member Name

         8          0          0          0          0         68   __main.o
         0          0          0          0          0          0   __rtentry.o
        12          0          0          0          0          0   __rtentry2.o
         6          0          0          0          0          0   __rtentry4.o
        52          8          0          0          0          0   __scatter.o
        26          0          0          0          0          0   __scatter_copy.o
        28          0          0          0          0          0   __scatter_zi.o
        22          0          0          0          0        100   _rserrno.o
        16          0          0          0          0         68   aeabi_memset.o
        18          0          0          0          0         80   exit.o
         6          0          0          0          0        152   heapauxi.o
         0          0          0          0          0          0   indicate_semi.o
         2          0          0          0          0          0   libinit.o
         6          0          0          0          0          0   libinit2.o
         2          0          0          0          0          0   libshutdown.o
         2          0          0          0          0          0   libshutdown2.o
         8          4          0          0         96         68   libspace.o
       238          0          0          0          0        100   lludivv7m.o
         8          4          0          0          0         68   rt_errno_addr_intlibspace.o
        68          0          0          0          0         68   rt_memclr.o
        78          0          0          0          0         80   rt_memclr_w.o
       138          0          0          0          0         68   rt_memcpy_v6.o
       100          0          0          0          0         80   rt_memcpy_w.o
         2          0          0          0          0          0   rtexit.o
        10          0          0          0          0          0   rtexit2.o
        12          4          0          0          0         68   sys_exit.o
        74          0          0          0          0         80   sys_stackheap_outer.o
         2          0          0          0          0         68   use_no_semi.o
        24          0          0          0          0        164   basic.o
       826         16          0          0          0        492   daddsub_clz.o
        24          0          0          0          0        116   dcmpi.o
       688        140          0          0          0        256   ddiv.o
        94          4          0          0          0        140   dfix.o
        90          4          0          0          0        140   dfixu.o
        84          0          0          0          0        232   dflt_clz.o
       120          4          0          0          0        140   dleqf.o
       340         12          0          0          0        152   dmul.o
       156          4          0          0          0        140   dnaninf.o
        12          0          0          0          0        116   dretinf.o
       108          0          0          0          0        128   drleqf.o
        10          0          0          0          0        116   fpinit.o
         0          0          0          0          0          0   usenofp.o
       368         46         48          0          0        200   cos_i.o
        84         16          0          0          0        372   dunder.o
        24          0          0          0          0        124   fabs.o
        48          0          0          0          0        124   fpclassify.o
       248          0          0          0          0        152   poly.o
      1080        142        200          0          0        188   rred.o
       200         20          0          0          0        164   sin.o
       304         24         40          0          0        208   sin_i.o

    ----------------------------------------------------------------------
      5894        452        288          0        100       5080   Library Totals
        18          0          0          0          4          0   (incl. Padding)

    ----------------------------------------------------------------------

      Code (inc. data)   RO Data    RW Data    ZI Data      Debug   Library Name

       944         20          0          0         96       1216   c_w.l
      2576        184          0          0          0       2332   fz_wm.l
      2356        248        288          0          0       1532   m_wm.l

    ----------------------------------------------------------------------
      5894        452        288          0        100       5080   Library Totals

    ----------------------------------------------------------------------

==============================================================================


      Code (inc. data)   RO Data    RW Data    ZI Data      Debug   

     21136       1418        936        164      20492     709108   Grand Totals
     21136       1418        936        164      20492     709108   ELF Image Totals
     21136       1418        936        164          0          0   ROM Totals

==============================================================================

    Total RO  Size (Code + RO Data)                22072 (  21.55kB)
    Total RW  Size (RW Data + ZI Data)             20656 (  20.17kB)
    Total ROM Size (Code + RO Data + RW Data)      22236 (  21.71kB)

==============================================================================

