Component: ARM Compiler 5.06 update 7 (build 960) Tool: armlink [4d3601]

==============================================================================

Section Cross References

    startup_stm32f411xe.o(STACK) refers (Special) to heapauxi.o(.text) for __use_two_region_memory
    startup_stm32f411xe.o(HEAP) refers (Special) to heapauxi.o(.text) for __use_two_region_memory
    startup_stm32f411xe.o(RESET) refers (Special) to heapauxi.o(.text) for __use_two_region_memory
    startup_stm32f411xe.o(RESET) refers to startup_stm32f411xe.o(STACK) for __initial_sp
    startup_stm32f411xe.o(RESET) refers to startup_stm32f411xe.o(.text) for Reset_Handler
    startup_stm32f411xe.o(RESET) refers to stm32f4xx_it.o(i.NMI_Handler) for NMI_Handler
    startup_stm32f411xe.o(RESET) refers to stm32f4xx_it.o(i.HardFault_Handler) for HardFault_Handler
    startup_stm32f411xe.o(RESET) refers to stm32f4xx_it.o(i.MemManage_Handler) for MemManage_Handler
    startup_stm32f411xe.o(RESET) refers to stm32f4xx_it.o(i.BusFault_Handler) for BusFault_Handler
    startup_stm32f411xe.o(RESET) refers to stm32f4xx_it.o(i.UsageFault_Handler) for UsageFault_Handler
    startup_stm32f411xe.o(RESET) refers to port.o(.emb_text) for SVC_Handler
    startup_stm32f411xe.o(RESET) refers to stm32f4xx_it.o(i.DebugMon_Handler) for DebugMon_Handler
    startup_stm32f411xe.o(RESET) refers to cmsis_os2.o(i.SysTick_Handler) for SysTick_Handler
    startup_stm32f411xe.o(RESET) refers to stm32f4xx_it.o(i.TIM1_UP_TIM10_IRQHandler) for TIM1_UP_TIM10_IRQHandler
    startup_stm32f411xe.o(RESET) refers to stm32f4xx_it.o(i.USART1_IRQHandler) for USART1_IRQHandler
    startup_stm32f411xe.o(RESET) refers to stm32f4xx_it.o(i.EXTI15_10_IRQHandler) for EXTI15_10_IRQHandler
    startup_stm32f411xe.o(.text) refers (Special) to heapauxi.o(.text) for __use_two_region_memory
    startup_stm32f411xe.o(.text) refers to system_stm32f4xx.o(i.SystemInit) for SystemInit
    startup_stm32f411xe.o(.text) refers to __main.o(!!!main) for __main
    startup_stm32f411xe.o(.text) refers to startup_stm32f411xe.o(HEAP) for Heap_Mem
    startup_stm32f411xe.o(.text) refers to startup_stm32f411xe.o(STACK) for Stack_Mem
    main.o(i.HAL_GPIO_EXTI_Callback) refers to cmsis_os2.o(i.osSemaphoreRelease) for osSemaphoreRelease
    main.o(i.HAL_GPIO_EXTI_Callback) refers to main.o(.data) for .data
    main.o(i.HAL_TIM_PeriodElapsedCallback) refers to stm32f4xx_hal.o(i.HAL_IncTick) for HAL_IncTick
    main.o(i.HAL_UART_ErrorCallback) refers to stm32f4xx_hal_uart.o(i.HAL_UART_Receive_IT) for HAL_UART_Receive_IT
    main.o(i.HAL_UART_ErrorCallback) refers to main.o(.data) for .data
    main.o(i.HAL_UART_ErrorCallback) refers to main.o(.bss) for .bss
    main.o(i.HAL_UART_RxCpltCallback) refers to _scanf_int.o(.text) for _scanf_int
    main.o(i.HAL_UART_RxCpltCallback) refers to stm32f4xx_hal_gpio.o(i.HAL_GPIO_TogglePin) for HAL_GPIO_TogglePin
    main.o(i.HAL_UART_RxCpltCallback) refers to stm32f4xx_hal_uart.o(i.HAL_UART_Receive_IT) for HAL_UART_Receive_IT
    main.o(i.HAL_UART_RxCpltCallback) refers to __0sscanf.o(.text) for __0sscanf
    main.o(i.HAL_UART_RxCpltCallback) refers to main.o(.data) for .data
    main.o(i.HAL_UART_RxCpltCallback) refers to main.o(.bss) for .bss
    main.o(i.MX_GPIO_Init) refers to rt_memclr_w.o(.text) for __aeabi_memclr4
    main.o(i.MX_GPIO_Init) refers to stm32f4xx_hal_gpio.o(i.HAL_GPIO_WritePin) for HAL_GPIO_WritePin
    main.o(i.MX_GPIO_Init) refers to stm32f4xx_hal_gpio.o(i.HAL_GPIO_Init) for HAL_GPIO_Init
    main.o(i.MX_GPIO_Init) refers to stm32f4xx_hal_cortex.o(i.HAL_NVIC_SetPriority) for HAL_NVIC_SetPriority
    main.o(i.MX_GPIO_Init) refers to stm32f4xx_hal_cortex.o(i.HAL_NVIC_EnableIRQ) for HAL_NVIC_EnableIRQ
    main.o(i.MX_TIM3_Init) refers to rt_memclr_w.o(.text) for __aeabi_memclr4
    main.o(i.MX_TIM3_Init) refers to stm32f4xx_hal_tim.o(i.HAL_TIM_Base_Init) for HAL_TIM_Base_Init
    main.o(i.MX_TIM3_Init) refers to stm32f4xx_hal_tim.o(i.HAL_TIM_ConfigClockSource) for HAL_TIM_ConfigClockSource
    main.o(i.MX_TIM3_Init) refers to stm32f4xx_hal_tim.o(i.HAL_TIM_PWM_Init) for HAL_TIM_PWM_Init
    main.o(i.MX_TIM3_Init) refers to stm32f4xx_hal_tim_ex.o(i.HAL_TIMEx_MasterConfigSynchronization) for HAL_TIMEx_MasterConfigSynchronization
    main.o(i.MX_TIM3_Init) refers to stm32f4xx_hal_tim.o(i.HAL_TIM_PWM_ConfigChannel) for HAL_TIM_PWM_ConfigChannel
    main.o(i.MX_TIM3_Init) refers to stm32f4xx_hal_msp.o(i.HAL_TIM_MspPostInit) for HAL_TIM_MspPostInit
    main.o(i.MX_TIM3_Init) refers to main.o(.bss) for .bss
    main.o(i.StartDefaultTask) refers to cmsis_os2.o(i.osDelay) for osDelay
    main.o(i.StartEmergencyTask) refers to cmsis_os2.o(i.osSemaphoreAcquire) for osSemaphoreAcquire
    main.o(i.StartEmergencyTask) refers to stm32f4xx_hal_tim.o(i.HAL_TIM_PWM_Stop) for HAL_TIM_PWM_Stop
    main.o(i.StartEmergencyTask) refers to stm32f4xx_hal_gpio.o(i.HAL_GPIO_WritePin) for HAL_GPIO_WritePin
    main.o(i.StartEmergencyTask) refers to main.o(.data) for .data
[...]
    i.uxListRemove                           0x0800363c   Section        0  list.o(i.uxListRemove)
    i.vApplicationGetIdleTaskMemory          0x08003664   Section        0  cmsis_os2.o(i.vApplicationGetIdleTaskMemory)
    i.vApplicationGetTimerTaskMemory         0x08003678   Section        0  cmsis_os2.o(i.vApplicationGetTimerTaskMemory)
    i.vListInitialise                        0x08003690   Section        0  list.o(i.vListInitialise)
    i.vListInitialiseItem                    0x080036a6   Section        0  list.o(i.vListInitialiseItem)
    i.vListInsert                            0x080036ac   Section        0  list.o(i.vListInsert)
    i.vListInsertEnd                         0x080036dc   Section        0  list.o(i.vListInsertEnd)
    i.vPortEnterCritical                     0x080036f4   Section        0  port.o(i.vPortEnterCritical)
    i.vPortExitCritical                      0x08003734   Section        0  port.o(i.vPortExitCritical)
    i.vPortFree                              0x0800375c   Section        0  heap_4.o(i.vPortFree)
    i.vPortSetupTimerInterrupt               0x080037c0   Section        0  port.o(i.vPortSetupTimerInterrupt)
    i.vPortValidateInterruptPriority         0x080037e4   Section        0  port.o(i.vPortValidateInterruptPriority)
    i.vQueueAddToRegistry                    0x08003838   Section        0  queue.o(i.vQueueAddToRegistry)
    i.vQueueDelete                           0x08003860   Section        0  queue.o(i.vQueueDelete)
    i.vQueueUnregisterQueue                  0x08003890   Section        0  queue.o(i.vQueueUnregisterQueue)
    i.vQueueWaitForMessageRestricted         0x080038b8   Section        0  queue.o(i.vQueueWaitForMessageRestricted)
    i.vTaskDelay                             0x080038fc   Section        0  tasks.o(i.vTaskDelay)
    i.vTaskInternalSetTimeOutState           0x08003948   Section        0  tasks.o(i.vTaskInternalSetTimeOutState)
    i.vTaskMissedYield                       0x08003958   Section        0  tasks.o(i.vTaskMissedYield)
    i.vTaskPlaceOnEventList                  0x08003964   Section        0  tasks.o(i.vTaskPlaceOnEventList)
    i.vTaskPlaceOnEventListRestricted        0x08003994   Section        0  tasks.o(i.vTaskPlaceOnEventListRestricted)
    i.vTaskPriorityDisinheritAfterTimeout    0x080039cc   Section        0  tasks.o(i.vTaskPriorityDisinheritAfterTimeout)
    i.vTaskStartScheduler                    0x08003a5c   Section        0  tasks.o(i.vTaskStartScheduler)
    i.vTaskSuspendAll                        0x08003ae4   Section        0  tasks.o(i.vTaskSuspendAll)
    i.vTaskSwitchContext                     0x08003af4   Section        0  tasks.o(i.vTaskSwitchContext)
    i.xPortStartScheduler                    0x08003b58   Section        0  port.o(i.xPortStartScheduler)
    i.xPortSysTickHandler                    0x08003c4c   Section        0  port.o(i.xPortSysTickHandler)
    i.xQueueCreateCountingSemaphore          0x08003c78   Section        0  queue.o(i.xQueueCreateCountingSemaphore)
    i.xQueueCreateCountingSemaphoreStatic    0x08003cb2   Section        0  queue.o(i.xQueueCreateCountingSemaphoreStatic)
    i.xQueueGenericCreate                    0x08003cf2   Section        0  queue.o(i.xQueueGenericCreate)
    i.xQueueGenericCreateStatic              0x08003d34   Section        0  queue.o(i.xQueueGenericCreateStatic)
    i.xQueueGenericReset                     0x08003d9c   Section        0  queue.o(i.xQueueGenericReset)
    i.xQueueGenericSend                      0x08003e24   Section        0  queue.o(i.xQueueGenericSend)
    i.xQueueGenericSendFromISR               0x08003f84   Section        0  queue.o(i.xQueueGenericSendFromISR)
    i.xQueueGiveFromISR                      0x08004042   Section        0  queue.o(i.xQueueGiveFromISR)
    i.xQueueReceive                          0x080040e0   Section        0  queue.o(i.xQueueReceive)
    i.xQueueReceiveFromISR                   0x08004218   Section        0  queue.o(i.xQueueReceiveFromISR)
    i.xQueueSemaphoreTake                    0x080042b4   Section        0  queue.o(i.xQueueSemaphoreTake)
    i.xTaskCheckForTimeOut                   0x0800442c   Section        0  tasks.o(i.xTaskCheckForTimeOut)
    i.xTaskCreate                            0x080044a0   Section        0  tasks.o(i.xTaskCreate)
    i.xTaskCreateStatic                      0x080044fa   Section        0  tasks.o(i.xTaskCreateStatic)
    i.xTaskGetSchedulerState                 0x08004550   Section        0  tasks.o(i.xTaskGetSchedulerState)
    i.xTaskGetTickCount                      0x0800456c   Section        0  tasks.o(i.xTaskGetTickCount)
    i.xTaskIncrementTick                     0x08004578   Section        0  tasks.o(i.xTaskIncrementTick)
    i.xTaskPriorityDisinherit                0x08004640   Section        0  tasks.o(i.xTaskPriorityDisinherit)
    i.xTaskPriorityInherit                   0x080046c0   Section        0  tasks.o(i.xTaskPriorityInherit)
    i.xTaskRemoveFromEventList               0x08004738   Section        0  tasks.o(i.xTaskRemoveFromEventList)
    i.xTaskResumeAll                         0x080047a8   Section        0  tasks.o(i.xTaskResumeAll)
    i.xTimerCreateTimerTask                  0x0800486c   Section        0  timers.o(i.xTimerCreateTimerTask)
    i.xTimerGenericCommand                   0x080048cc   Section        0  timers.o(i.xTimerGenericCommand)
    locale$$code                             0x08004934   Section       44  lc_ctype_c.o(locale$$code)
    x$fpl$basic                              0x08004960   Section       24  basic.o(x$fpl$basic)
    $v0                                      0x08004960   Number         0  basic.o(x$fpl$basic)
    x$fpl$dadd                               0x08004978   Section      336  daddsub_clz.o(x$fpl$dadd)
    $v0                                      0x08004978   Number         0  daddsub_clz.o(x$fpl$dadd)
    _dadd1                                   0x08004989   Thumb Code     0  daddsub_clz.o(x$fpl$dadd)
    x$fpl$dcmpinf                            0x08004ac8   Section       24  dcmpi.o(x$fpl$dcmpinf)
    $v0                                      0x08004ac8   Number         0  dcmpi.o(x$fpl$dcmpinf)
    x$fpl$dfixu                              0x08004ae0   Section       90  dfixu.o(x$fpl$dfixu)
    $v0                                      0x08004ae0   Number         0  dfixu.o(x$fpl$dfixu)
    x$fpl$dflt                               0x08004b3a   Section       46  dflt_clz.o(x$fpl$dflt)
    $v0                                      0x08004b3a   Number         0  dflt_clz.o(x$fpl$dflt)
    x$fpl$dleqf                              0x08004b68   Section      120  dleqf.o(x$fpl$dleqf)
    $v0                                      0x08004b68   Number         0  dleqf.o(x$fpl$dleqf)
    x$fpl$dmul                               0x08004be0   Section      340  dmul.o(x$fpl$dmul)
    $v0                                      0x08004be0   Number         0  dmul.o(x$fpl$dmul)
    x$fpl$dnaninf                            0x08004d34   Section      156  dnaninf.o(x$fpl$dnaninf)
    $v0                                      0x08004d34   Number         0  dnaninf.o(x$fpl$dnaninf)
    x$fpl$dretinf                            0x08004dd0   Section       12  dretinf.o(x$fpl$dretinf)
    $v0                                      0x08004dd0   Number         0  dretinf.o(x$fpl$dretinf)
    x$fpl$drleqf                             0x08004ddc   Section      108  drleqf.o(x$fpl$drleqf)
    $v0                                      0x08004ddc   Number         0  drleqf.o(x$fpl$drleqf)
    x$fpl$dsub                               0x08004e48   Section      468  daddsub_clz.o(x$fpl$dsub)
    $v0                                      0x08004e48   Number         0  daddsub_clz.o(x$fpl$dsub)
    _dsub1                                   0x08004e59   Thumb Code     0  daddsub_clz.o(x$fpl$dsub)
    x$fpl$fpinit                             0x0800501c   Section       10  fpinit.o(x$fpl$fpinit)
    $v0                                      0x0800501c   Number         0  fpinit.o(x$fpl$fpinit)
    x$fpl$usenofp                            0x08005026   Section        0  usenofp.o(x$fpl$usenofp)
    .constdata                               0x08005028   Section      124  main.o(.constdata)
    .constdata                               0x080050a4   Section       16  system_stm32f4xx.o(.constdata)
    .constdata                               0x080050b4   Section        8  system_stm32f4xx.o(.constdata)
    .conststring                             0x080050bc   Section       55  main.o(.conststring)
    locale$$data                             0x08005114   Section      272  lc_ctype_c.o(locale$$data)
    __lcctype_c_name                         0x08005118   Data           2  lc_ctype_c.o(locale$$data)
    __lcctype_c_start                        0x08005120   Data           0  lc_ctype_c.o(locale$$data)
    __lcctype_c_end                          0x08005224   Data           0  lc_ctype_c.o(locale$$data)
    .data                                    0x20000000   Section       28  main.o(.data)
    .data                                    0x2000001c   Section       12  stm32f4xx_hal.o(.data)
    .data                                    0x20000028   Section        4  system_stm32f4xx.o(.data)
    .data                                    0x2000002c   Section       60  tasks.o(.data)
    uxDeletedTasksWaitingCleanUp             0x20000030   Data           4  tasks.o(.data)
    uxCurrentNumberOfTasks                   0x20000034   Data           4  tasks.o(.data)
    xTickCount                               0x20000038   Data           4  tasks.o(.data)
    uxTopReadyPriority                       0x2000003c   Data           4  tasks.o(.data)
    xSchedulerRunning                        0x20000040   Data           4  tasks.o(.data)
    xPendedTicks                             0x20000044   Data           4  tasks.o(.data)
    xYieldPending                            0x20000048   Data           4  tasks.o(.data)
    xNumOfOverflows                          0x2000004c   Data           4  tasks.o(.data)
    uxTaskNumber                             0x20000050   Data           4  tasks.o(.data)
    xNextTaskUnblockTime                     0x20000054   Data           4  tasks.o(.data)
    xIdleTaskHandle                          0x20000058   Data           4  tasks.o(.data)
    uxSchedulerSuspended                     0x2000005c   Data           4  tasks.o(.data)
    pxDelayedTaskList                        0x20000060   Data           4  tasks.o(.data)
    pxOverflowDelayedTaskList                0x20000064   Data           4  tasks.o(.data)
    .data                                    0x20000068   Section       20  timers.o(.data)
    xTimerQueue                              0x20000068   Data           4  timers.o(.data)
    xTimerTaskHandle                         0x2000006c   Data           4  timers.o(.data)
    xLastTime                                0x20000070   Data           4  timers.o(.data)
    pxCurrentTimerList                       0x20000074   Data           4  timers.o(.data)
    pxOverflowTimerList                      0x20000078   Data           4  timers.o(.data)
    .data                                    0x2000007c   Section        4  cmsis_os2.o(.data)
    KernelState                              0x2000007c   Data           4  cmsis_os2.o(.data)
    .data                                    0x20000080   Section       32  heap_4.o(.data)
    pxEnd                                    0x20000080   Data           4  heap_4.o(.data)
    xFreeBytesRemaining                      0x20000084   Data           4  heap_4.o(.data)
    xMinimumEverFreeBytesRemaining           0x20000088   Data           4  heap_4.o(.data)
    xNumberOfSuccessfulAllocations           0x2000008c   Data           4  heap_4.o(.data)
    xNumberOfSuccessfulFrees                 0x20000090   Data           4  heap_4.o(.data)
    xBlockAllocatedBit                       0x20000094   Data           4  heap_4.o(.data)
    xStart                                   0x20000098   Data           8  heap_4.o(.data)
    .data                                    0x200000a0   Section       12  port.o(.data)
    ucMaxSysCallPriority                     0x200000a0   Data           1  port.o(.data)
    uxCriticalNesting                        0x200000a4   Data           4  port.o(.data)
    ulMaxPRIGROUPValue                       0x200000a8   Data           4  port.o(.data)
    .bss                                     0x200000ac   Section      170  main.o(.bss)
    .bss                                     0x20000158   Section       72  stm32f4xx_hal_timebase_tim.o(.bss)
    .bss                                     0x200001a0   Section       64  queue.o(.bss)
    .bss                                     0x200001e0   Section     1220  tasks.o(.bss)
    pxReadyTasksLists                        0x200001e0   Data        1120  tasks.o(.bss)
    xDelayedTaskList1                        0x20000640   Data          20  tasks.o(.bss)
    xDelayedTaskList2                        0x20000654   Data          20  tasks.o(.bss)
    xPendingReadyList                        0x20000668   Data          20  tasks.o(.bss)
    xTasksWaitingTermination                 0x2000067c   Data          20  tasks.o(.bss)
    xSuspendedTaskList                       0x20000690   Data          20  tasks.o(.bss)
    .bss                                     0x200006a4   Section      280  timers.o(.bss)
    xStaticTimerQueue                        0x200006a4   Data          80  timers.o(.bss)
    ucStaticTimerQueueStorage                0x200006f4   Data         160  timers.o(.bss)
    xActiveTimerList1                        0x20000794   Data          20  timers.o(.bss)
    xActiveTimerList2                        0x200007a8   Data          20  timers.o(.bss)
    .bss                                     0x200007bc   Section     1720  cmsis_os2.o(.bss)
    Idle_TCB                                 0x200007bc   Data          92  cmsis_os2.o(.bss)
    Idle_Stack                               0x20000818   Data         512  cmsis_os2.o(.bss)
    Timer_TCB                                0x20000a18   Data          92  cmsis_os2.o(.bss)
    Timer_Stack                              0x20000a74   Data        1024  cmsis_os2.o(.bss)
    .bss                                     0x20000e74   Section    15360  heap_4.o(.bss)
    ucHeap                                   0x20000e74   Data       15360  heap_4.o(.bss)
    .bss                                     0x20004a74   Section       96  libspace.o(.bss)
    HEAP                                     0x20004ad8   Section      512  startup_stm32f411xe.o(HEAP)
    Heap_Mem                                 0x20004ad8   Data         512  startup_stm32f411xe.o(HEAP)
    STACK                                    0x20004cd8   Section     1024  startup_stm32f411xe.o(STACK)
    Stack_Mem                                0x20004cd8   Data        1024  startup_stm32f411xe.o(STACK)
    __initial_sp                             0x200050d8   Data           0  startup_stm32f411xe.o(STACK)

    Global Symbols

    Symbol Name                              Value     Ov Type        Size  Object(Section)

    BuildAttributes$$THM_ISAv4$E$P$D$K$B$S$7EM$VFPi3$EXTD16$VFPS$VFMA$PE$A:L22UL41UL21$X:L11$S22US41US21$IEEE1$IW$USESV6$~STKCKD$USESV7$~SHL$OSPACE$ROPI$EBA8$UX$STANDARDLIB$REQ8$PRES8$EABIv2 0x00000000   Number         0  anon$$obj.o ABSOLUTE
    __ARM_use_no_argv                        0x00000000   Number         0  main.o ABSOLUTE
    __ARM_exceptions_init                     - Undefined Weak Reference
    __alloca_initialize                       - Undefined Weak Reference
    __arm_fini_                               - Undefined Weak Reference
    __arm_preinit_                            - Undefined Weak Reference
    __cpp_initialize__aeabi_                  - Undefined Weak Reference
    __cxa_finalize                            - Undefined Weak Reference
    __sigvec_lookup                           - Undefined Weak Reference
    _atexit_init                              - Undefined Weak Reference
    _call_atexit_fns                          - Undefined Weak Reference
    _clock_init                               - Undefined Weak Reference
    _fp_trap_init                             - Undefined Weak Reference
    _fp_trap_shutdown                         - Undefined Weak Reference
    _get_lc_collate                           - Undefined Weak Reference
    _get_lc_monetary                          - Undefined Weak Reference
    _get_lc_numeric                           - Undefined Weak Reference
    _get_lc_time                              - Undefined Weak Reference
    _getenv_init                              - Undefined Weak Reference
    _handle_redirection                       - Undefined Weak Reference
    _init_alloc                               - Undefined Weak Reference
    _init_user_alloc                          - Undefined Weak Reference
    _initio                                   - Undefined Weak Reference
    _rand_init                                - Undefined Weak Reference
    _scanf_longlong                           - Undefined Weak Reference
    _scanf_mbtowc                             - Undefined Weak Reference
    _scanf_real                               - Undefined Weak Reference
    _scanf_string                             - Undefined Weak Reference
    _scanf_wctomb                             - Undefined Weak Reference
    _scanf_wstring                            - Undefined Weak Reference
    _signal_finish                            - Undefined Weak Reference
    _signal_init                              - Undefined Weak Reference
    _terminate_alloc                          - Undefined Weak Reference
    _terminate_user_alloc                     - Undefined Weak Reference
    _terminateio                              - Undefined Weak Reference
    __Vectors_Size                           0x00000198   Number         0  startup_stm32f411xe.o ABSOLUTE
    __Vectors                                0x08000000   Data           4  startup_stm32f411xe.o(RESET)
    __Vectors_End                            0x08000198   Data           0  startup_stm32f411xe.o(RESET)
    __main                                   0x08000199   Thumb Code     8  __main.o(!!!main)
    __scatterload                            0x080001a1   Thumb Code     0  __scatter.o(!!!scatter)
    __scatterload_rt2                        0x080001a1   Thumb Code    44  __scatter.o(!!!scatter)
    __scatterload_rt2_thumb_only             0x080001a1   Thumb Code     0  __scatter.o(!!!scatter)
    __scatterload_null                       0x080001af   Thumb Code     0  __scatter.o(!!!scatter)
    __scatterload_copy                       0x080001d5   Thumb Code    26  __scatter_copy.o(!!handler_copy)
    __scatterload_zeroinit                   0x080001f1   Thumb Code    28  __scatter_zi.o(!!handler_zi)
    __rt_lib_init                            0x0800020d   Thumb Code     0  libinit.o(.ARM.Collect$$libinit$$00000000)
    __rt_lib_init_fp_1                       0x0800020f   Thumb Code     0  libinit2.o(.ARM.Collect$$libinit$$00000001)
    __rt_lib_init_heap_1                     0x08000213   Thumb Code     0  libinit2.o(.ARM.Collect$$libinit$$0000000A)
    __rt_lib_init_lc_common                  0x08000213   Thumb Code     0  libinit2.o(.ARM.Collect$$libinit$$0000000F)
    __rt_lib_init_preinit_1                  0x08000213   Thumb Code     0  libinit2.o(.ARM.Collect$$libinit$$00000004)
    __rt_lib_init_rand_1                     0x08000213   Thumb Code     0  libinit2.o(.ARM.Collect$$libinit$$0000000E)
    __rt_lib_init_user_alloc_1               0x08000213   Thumb Code     0  libinit2.o(.ARM.Collect$$libinit$$0000000C)
    __rt_lib_init_lc_collate_1               0x08000219   Thumb Code     0  libinit2.o(.ARM.Collect$$libinit$$00000011)
    __rt_lib_init_lc_ctype_2                 0x08000219   Thumb Code     0  libinit2.o(.ARM.Collect$$libinit$$00000012)
    __rt_lib_init_alloca_1                   0x08000225   Thumb Code     0  libinit2.o(.ARM.Collect$$libinit$$0000002E)
    __rt_lib_init_argv_1                     0x08000225   Thumb Code     0  libinit2.o(.ARM.Collect$$libinit$$0000002C)
    __rt_lib_init_atexit_1                   0x08000225   Thumb Code     0  libinit2.o(.ARM.Collect$$libinit$$0000001B)
    __rt_lib_init_clock_1                    0x08000225   Thumb Code     0  libinit2.o(.ARM.Collect$$libinit$$00000021)
    __rt_lib_init_cpp_1                      0x08000225   Thumb Code     0  libinit2.o(.ARM.Collect$$libinit$$00000032)
    __rt_lib_init_exceptions_1               0x08000225   Thumb Code     0  libinit2.o(.ARM.Collect$$libinit$$00000030)
    __rt_lib_init_fp_trap_1                  0x08000225   Thumb Code     0  libinit2.o(.ARM.Collect$$libinit$$0000001F)
    __rt_lib_init_getenv_1                   0x08000225   Thumb Code     0  libinit2.o(.ARM.Collect$$libinit$$00000023)
    __rt_lib_init_lc_ctype_1                 0x08000225   Thumb Code     0  libinit2.o(.ARM.Collect$$libinit$$00000013)
    __rt_lib_init_lc_monetary_1              0x08000225   Thumb Code     0  libinit2.o(.ARM.Collect$$libinit$$00000015)
    __rt_lib_init_lc_numeric_1               0x08000225   Thumb Code     0  libinit2.o(.ARM.Collect$$libinit$$00000017)
    __rt_lib_init_lc_time_1                  0x08000225   Thumb Code     0  libinit2.o(.ARM.Collect$$libinit$$00000019)
    __rt_lib_init_return                     0x08000225   Thumb Code     0  libinit2.o(.ARM.Collect$$libinit$$00000033)
    __rt_lib_init_signal_1                   0x08000225   Thumb Code     0  libinit2.o(.ARM.Collect$$libinit$$0000001D)
    __rt_lib_init_stdio_1                    0x08000225   Thumb Code     0  libinit2.o(.ARM.Collect$$libinit$$00000025)
    __rt_lib_shutdown                        0x08000227   Thumb Code     0  libshutdown.o(.ARM.Collect$$libshutdown$$00000000)
    __rt_lib_shutdown_cpp_1                  0x08000229   Thumb Code     0  libshutdown2.o(.ARM.Collect$$libshutdown$$00000004)
    __rt_lib_shutdown_fini_1                 0x08000229   Thumb Code     0  libshutdown2.o(.ARM.Collect$$libshutdown$$00000002)
    __rt_lib_shutdown_fp_trap_1              0x08000229   Thumb Code     0  libshutdown2.o(.ARM.Collect$$libshutdown$$00000009)
    __rt_lib_shutdown_heap_1                 0x08000229   Thumb Code     0  libshutdown2.o(.ARM.Collect$$libshutdown$$00000011)
    __rt_lib_shutdown_return                 0x08000229   Thumb Code     0  libshutdown2.o(.ARM.Collect$$libshutdown$$00000012)
    __rt_lib_shutdown_signal_1               0x08000229   Thumb Code     0  libshutdown2.o(.ARM.Collect$$libshutdown$$0000000C)
    __rt_lib_shutdown_stdio_1                0x08000229   Thumb Code     0  libshutdown2.o(.ARM.Collect$$libshutdown$$00000006)
    __rt_lib_shutdown_user_alloc_1           0x08000229   Thumb Code     0  libshutdown2.o(.ARM.Collect$$libshutdown$$0000000E)
    __rt_entry                               0x0800022b   Thumb Code     0  __rtentry.o(.ARM.Collect$$rtentry$$00000000)
    __rt_entry_presh_1                       0x0800022b   Thumb Code     0  __rtentry2.o(.ARM.Collect$$rtentry$$00000002)
    __rt_entry_sh                            0x0800022b   Thumb Code     0  __rtentry4.o(.ARM.Collect$$rtentry$$00000004)
    __rt_entry_li                            0x08000231   Thumb Code     0  __rtentry2.o(.ARM.Collect$$rtentry$$0000000A)
    __rt_entry_postsh_1                      0x08000231   Thumb Code     0  __rtentry2.o(.ARM.Collect$$rtentry$$00000009)
    __rt_entry_main                          0x08000235   Thumb Code     0  __rtentry2.o(.ARM.Collect$$rtentry$$0000000D)
    __rt_entry_postli_1                      0x08000235   Thumb Code     0  __rtentry2.o(.ARM.Collect$$rtentry$$0000000C)
    __rt_exit                                0x0800023d   Thumb Code     0  rtexit.o(.ARM.Collect$$rtexit$$00000000)
    __rt_exit_ls                             0x0800023f   Thumb Code     0  rtexit2.o(.ARM.Collect$$rtexit$$00000003)
    __rt_exit_prels_1                        0x0800023f   Thumb Code     0  rtexit2.o(.ARM.Collect$$rtexit$$00000002)
    __rt_exit_exit                           0x08000243   Thumb Code     0  rtexit2.o(.ARM.Collect$$rtexit$$00000004)
    SVC_Handler                              0x08000249   Thumb Code    28  port.o(.emb_text)
    __asm___6_port_c_39a90d8d__prvStartFirstTask 0x08000269   Thumb Code    36  port.o(.emb_text)
    __asm___6_port_c_39a90d8d__prvEnableVFP  0x08000291   Thumb Code    16  port.o(.emb_text)
    PendSV_Handler                           0x080002a5   Thumb Code    88  port.o(.emb_text)
    vPortGetIPSR                             0x08000301   Thumb Code     6  port.o(.emb_text)
    Reset_Handler                            0x08000309   Thumb Code     8  startup_stm32f411xe.o(.text)
    ADC_IRQHandler                           0x08000323   Thumb Code     0  startup_stm32f411xe.o(.text)
    DMA1_Stream0_IRQHandler                  0x08000323   Thumb Code     0  startup_stm32f411xe.o(.text)
    DMA1_Stream1_IRQHandler                  0x08000323   Thumb Code     0  startup_stm32f411xe.o(.text)
    DMA1_Stream2_IRQHandler                  0x08000323   Thumb Code     0  startup_stm32f411xe.o(.text)
    DMA1_Stream3_IRQHandler                  0x08000323   Thumb Code     0  startup_stm32f411xe.o(.text)
    DMA1_Stream4_IRQHandler                  0x08000323   Thumb Code     0  startup_stm32f411xe.o(.text)
    DMA1_Stream5_IRQHandler                  0x08000323   Thumb Code     0  startup_stm32f411xe.o(.text)
    DMA1_Stream6_IRQHandler                  0x08000323   Thumb Code     0  startup_stm32f411xe.o(.text)
    DMA1_Stream7_IRQHandler                  0x08000323   Thumb Code     0  startup_stm32f411xe.o(.text)
    DMA2_Stream0_IRQHandler                  0x08000323   Thumb Code     0  startup_stm32f411xe.o(.text)
    DMA2_Stream1_IRQHandler                  0x08000323   Thumb Code     0  startup_stm32f411xe.o(.text)
    DMA2_Stream2_IRQHandler                  0x08000323   Thumb Code     0  startup_stm32f411xe.o(.text)
    DMA2_Stream3_IRQHandler                  0x08000323   Thumb Code     0  startup_stm32f411xe.o(.text)
    DMA2_Stream4_IRQHandler                  0x08000323   Thumb Code     0  startup_stm32f411xe.o(.text)
    DMA2_Stream5_IRQHandler                  0x08000323   Thumb Code     0  startup_stm32f411xe.o(.text)
    DMA2_Stream6_IRQHandler                  0x08000323   Thumb Code     0  startup_stm32f411xe.o(.text)
    DMA2_Stream7_IRQHandler                  0x08000323   Thumb Code     0  startup_stm32f411xe.o(.text)
    EXTI0_IRQHandler                         0x08000323   Thumb Code     0  startup_stm32f411xe.o(.text)
    EXTI1_IRQHandler                         0x08000323   Thumb Code     0  startup_stm32f411xe.o(.text)
    EXTI2_IRQHandler                         0x08000323   Thumb Code     0  startup_stm32f411xe.o(.text)
    EXTI3_IRQHandler                         0x08000323   Thumb Code     0  startup_stm32f411xe.o(.text)
    EXTI4_IRQHandler                         0x08000323   Thumb Code     0  startup_stm32f411xe.o(.text)
    EXTI9_5_IRQHandler                       0x08000323   Thumb Code     0  startup_stm32f411xe.o(.text)
    FLASH_IRQHandler                         0x08000323   Thumb Code     0  startup_stm32f411xe.o(.text)
    FPU_IRQHandler                           0x08000323   Thumb Code     0  startup_stm32f411xe.o(.text)
    I2C1_ER_IRQHandler                       0x08000323   Thumb Code     0  startup_stm32f411xe.o(.text)
    I2C1_EV_IRQHandler                       0x08000323   Thumb Code     0  startup_stm32f411xe.o(.text)
    I2C2_ER_IRQHandler                       0x08000323   Thumb Code     0  startup_stm32f411xe.o(.text)
    I2C2_EV_IRQHandler                       0x08000323   Thumb Code     0  startup_stm32f411xe.o(.text)
    I2C3_ER_IRQHandler                       0x08000323   Thumb Code     0  startup_stm32f411xe.o(.text)
    I2C3_EV_IRQHandler                       0x08000323   Thumb Code     0  startup_stm32f411xe.o(.text)
    OTG_FS_IRQHandler                        0x08000323   Thumb Code     0  startup_stm32f411xe.o(.text)
    OTG_FS_WKUP_IRQHandler                   0x08000323   Thumb Code     0  startup_stm32f411xe.o(.text)
    PVD_IRQHandler                           0x08000323   Thumb Code     0  startup_stm32f411xe.o(.text)
    RCC_IRQHandler                           0x08000323   Thumb Code     0  startup_stm32f411xe.o(.text)
    RTC_Alarm_IRQHandler                     0x08000323   Thumb Code     0  startup_stm32f411xe.o(.text)
    RTC_WKUP_IRQHandler                      0x08000323   Thumb Code     0  startup_stm32f411xe.o(.text)
    SDIO_IRQHandler                          0x08000323   Thumb Code     0  startup_stm32f411xe.o(.text)
    SPI1_IRQHandler                          0x08000323   Thumb Code     0  startup_stm32f411xe.o(.text)
    SPI2_IRQHandler                          0x08000323   Thumb Code     0  startup_stm32f411xe.o(.text)
    SPI3_IRQHandler                          0x08000323   Thumb Code     0  startup_stm32f411xe.o(.text)
    SPI4_IRQHandler                          0x08000323   Thumb Code     0  startup_stm32f411xe.o(.text)
    SPI5_IRQHandler                          0x08000323   Thumb Code     0  startup_stm32f411xe.o(.text)
    TAMP_STAMP_IRQHandler                    0x08000323   Thumb Code     0  startup_stm32f411xe.o(.text)
    TIM1_BRK_TIM9_IRQHandler                 0x08000323   Thumb Code     0  startup_stm32f411xe.o(.text)
    TIM1_CC_IRQHandler                       0x08000323   Thumb Code     0  startup_stm32f411xe.o(.text)
    TIM1_TRG_COM_TIM11_IRQHandler            0x08000323   Thumb Code     0  startup_stm32f411xe.o(.text)
    TIM2_IRQHandler                          0x08000323   Thumb Code     0  startup_stm32f411xe.o(.text)
    TIM3_IRQHandler                          0x08000323   Thumb Code     0  startup_stm32f411xe.o(.text)
    TIM4_IRQHandler                          0x08000323   Thumb Code     0  startup_stm32f411xe.o(.text)
    TIM5_IRQHandler                          0x08000323   Thumb Code     0  startup_stm32f411xe.o(.text)
    USART2_IRQHandler                        0x08000323   Thumb Code     0  startup_stm32f411xe.o(.text)
    USART6_IRQHandler                        0x08000323   Thumb Code     0  startup_stm32f411xe.o(.text)
    WWDG_IRQHandler                          0x08000323   Thumb Code     0  startup_stm32f411xe.o(.text)
    __user_initial_stackheap                 0x08000325   Thumb Code     0  startup_stm32f411xe.o(.text)
    __aeabi_uldivmod                         0x08000349   Thumb Code     0  lludivv7m.o(.text)
    _ll_udiv                                 0x08000349   Thumb Code   238  lludivv7m.o(.text)
    __0sscanf                                0x08000439   Thumb Code    52  __0sscanf.o(.text)
    _scanf_int                               0x08000475   Thumb Code   332  _scanf_int.o(.text)
    __aeabi_memcpy                           0x080005c1   Thumb Code     0  rt_memcpy_v6.o(.text)
    __rt_memcpy                              0x080005c1   Thumb Code   138  rt_memcpy_v6.o(.text)
    _memcpy_lastbytes                        0x08000627   Thumb Code     0  rt_memcpy_v6.o(.text)
    __aeabi_memset                           0x0800064b   Thumb Code    16  aeabi_memset.o(.text)
    __aeabi_memclr4                          0x0800065b   Thumb Code     0  rt_memclr_w.o(.text)
    __aeabi_memclr8                          0x0800065b   Thumb Code     0  rt_memclr_w.o(.text)
    __rt_memclr_w                            0x0800065b   Thumb Code    78  rt_memclr_w.o(.text)
    _memset_w                                0x0800065f   Thumb Code     0  rt_memclr_w.o(.text)
    __use_two_region_memory                  0x080006a9   Thumb Code     2  heapauxi.o(.text)
    __rt_heap_escrow$2region                 0x080006ab   Thumb Code     2  heapauxi.o(.text)
    __rt_heap_expand$2region                 0x080006ad   Thumb Code     2  heapauxi.o(.text)
    _chval                                   0x080006af   Thumb Code    28  _chval.o(.text)
    __vfscanf_char                           0x080006d9   Thumb Code    24  scanf_char.o(.text)
    _sgetc                                   0x080006f9   Thumb Code    30  _sgetc.o(.text)
    _sbackspace                              0x08000717   Thumb Code    34  _sgetc.o(.text)
    __aeabi_memcpy4                          0x08000739   Thumb Code     0  rt_memcpy_w.o(.text)
    __aeabi_memcpy8                          0x08000739   Thumb Code     0  rt_memcpy_w.o(.text)
    __rt_memcpy_w                            0x08000739   Thumb Code   100  rt_memcpy_w.o(.text)
    _memcpy_lastbytes_aligned                0x08000781   Thumb Code     0  rt_memcpy_w.o(.text)
    __aeabi_memclr                           0x0800079d   Thumb Code     0  rt_memclr.o(.text)
    __rt_memclr                              0x0800079d   Thumb Code    68  rt_memclr.o(.text)
    _memset                                  0x080007a1   Thumb Code     0  rt_memclr.o(.text)
    isspace                                  0x080007e1   Thumb Code    18  isspace.o(.text)
    __vfscanf                                0x080007f5   Thumb Code   880  _scanf.o(.text)
    __user_setup_stackheap                   0x08000b69   Thumb Code    74  sys_stackheap_outer.o(.text)
    __rt_ctype_table                         0x08000bb5   Thumb Code    16  rt_ctype_table.o(.text)
    exit                                     0x08000bc5   Thumb Code    18  exit.o(.text)
    __user_libspace                          0x08000bd9   Thumb Code     8  libspace.o(.text)
    __user_perproc_libspace                  0x08000bd9   Thumb Code     0  libspace.o(.text)
    __user_perthread_libspace                0x08000bd9   Thumb Code     0  libspace.o(.text)
    __rt_locale                              0x08000be1   Thumb Code     8  rt_locale_intlibspace.o(.text)
    _sys_exit                                0x08000be9   Thumb Code     8  sys_exit.o(.text)
    strcmp                                   0x08000bf5   Thumb Code   128  strcmpv7m.o(.text)
    __I$use$semihosting                      0x08000c75   Thumb Code     0  use_no_semi.o(.text)
    __use_no_semihosting_swi                 0x08000c75   Thumb Code     2  use_no_semi.o(.text)
    BusFault_Handler                         0x08000c77   Thumb Code     2  stm32f4xx_it.o(i.BusFault_Handler)
    __semihosting_library_function           0x08000c77   Thumb Code     0  indicate_semi.o(.text)
    DebugMon_Handler                         0x08000c79   Thumb Code     2  stm32f4xx_it.o(i.DebugMon_Handler)
    EXTI15_10_IRQHandler                     0x08000c7b   Thumb Code     8  stm32f4xx_it.o(i.EXTI15_10_IRQHandler)
    HAL_DMA_Abort                            0x08000c83   Thumb Code   146  stm32f4xx_hal_dma.o(i.HAL_DMA_Abort)
    HAL_DMA_Abort_IT                         0x08000d15   Thumb Code    36  stm32f4xx_hal_dma.o(i.HAL_DMA_Abort_IT)
    HAL_GPIO_EXTI_Callback                   0x08000d39   Thumb Code    16  main.o(i.HAL_GPIO_EXTI_Callback)
    HAL_GPIO_EXTI_IRQHandler                 0x08000d4d   Thumb Code    18  stm32f4xx_hal_gpio.o(i.HAL_GPIO_EXTI_IRQHandler)
    HAL_GPIO_Init                            0x08000d65   Thumb Code   446  stm32f4xx_hal_gpio.o(i.HAL_GPIO_Init)
    HAL_GPIO_TogglePin                       0x08000f45   Thumb Code    16  stm32f4xx_hal_gpio.o(i.HAL_GPIO_TogglePin)
    HAL_GPIO_WritePin                        0x08000f55   Thumb Code    10  stm32f4xx_hal_gpio.o(i.HAL_GPIO_WritePin)
    HAL_GetTick                              0x08000f61   Thumb Code     6  stm32f4xx_hal.o(i.HAL_GetTick)
    HAL_IncTick                              0x08000f6d   Thumb Code    12  stm32f4xx_hal.o(i.HAL_IncTick)
    HAL_Init                                 0x08000f7d   Thumb Code    48  stm32f4xx_hal.o(i.HAL_Init)
    HAL_InitTick                             0x08000fb1   Thumb Code   118  stm32f4xx_hal_timebase_tim.o(i.HAL_InitTick)
    HAL_MspInit                              0x0800103d   Thumb Code    52  stm32f4xx_hal_msp.o(i.HAL_MspInit)
    HAL_NVIC_EnableIRQ                       0x08001075   Thumb Code    26  stm32f4xx_hal_cortex.o(i.HAL_NVIC_EnableIRQ)
    HAL_NVIC_SetPriority                     0x08001091   Thumb Code    60  stm32f4xx_hal_cortex.o(i.HAL_NVIC_SetPriority)
    HAL_NVIC_SetPriorityGrouping             0x080010d1   Thumb Code    26  stm32f4xx_hal_cortex.o(i.HAL_NVIC_SetPriorityGrouping)
    HAL_RCC_ClockConfig                      0x080010f5   Thumb Code   288  stm32f4xx_hal_rcc.o(i.HAL_RCC_ClockConfig)
    HAL_RCC_GetClockConfig                   0x08001229   Thumb Code    54  stm32f4xx_hal_rcc.o(i.HAL_RCC_GetClockConfig)
    HAL_RCC_GetPCLK1Freq                     0x08001269   Thumb Code    20  stm32f4xx_hal_rcc.o(i.HAL_RCC_GetPCLK1Freq)
    HAL_RCC_GetPCLK2Freq                     0x08001289   Thumb Code    20  stm32f4xx_hal_rcc.o(i.HAL_RCC_GetPCLK2Freq)
    HAL_RCC_GetSysClockFreq                  0x080012a9   Thumb Code    88  stm32f4xx_hal_rcc.o(i.HAL_RCC_GetSysClockFreq)
    HAL_RCC_OscConfig                        0x08001309   Thumb Code   856  stm32f4xx_hal_rcc.o(i.HAL_RCC_OscConfig)
    HAL_TIMEx_BreakCallback                  0x08001675   Thumb Code     2  stm32f4xx_hal_tim_ex.o(i.HAL_TIMEx_BreakCallback)
    HAL_TIMEx_CommutCallback                 0x08001677   Thumb Code     2  stm32f4xx_hal_tim_ex.o(i.HAL_TIMEx_CommutCallback)
    HAL_TIMEx_MasterConfigSynchronization    0x08001679   Thumb Code   104  stm32f4xx_hal_tim_ex.o(i.HAL_TIMEx_MasterConfigSynchronization)
    HAL_TIM_Base_Init                        0x080016f5   Thumb Code    90  stm32f4xx_hal_tim.o(i.HAL_TIM_Base_Init)
    HAL_TIM_Base_MspInit                     0x08001751   Thumb Code    30  stm32f4xx_hal_msp.o(i.HAL_TIM_Base_MspInit)
    HAL_TIM_Base_Start_IT                    0x08001779   Thumb Code    88  stm32f4xx_hal_tim.o(i.HAL_TIM_Base_Start_IT)
    HAL_TIM_ConfigClockSource                0x080017e5   Thumb Code   220  stm32f4xx_hal_tim.o(i.HAL_TIM_ConfigClockSource)
    HAL_TIM_IC_CaptureCallback               0x080018c1   Thumb Code     2  stm32f4xx_hal_tim.o(i.HAL_TIM_IC_CaptureCallback)
    HAL_TIM_IRQHandler                       0x080018c3   Thumb Code   358  stm32f4xx_hal_tim.o(i.HAL_TIM_IRQHandler)
    HAL_TIM_MspPostInit                      0x08001a29   Thumb Code    68  stm32f4xx_hal_msp.o(i.HAL_TIM_MspPostInit)
    HAL_TIM_OC_DelayElapsedCallback          0x08001a79   Thumb Code     2  stm32f4xx_hal_tim.o(i.HAL_TIM_OC_DelayElapsedCallback)
    HAL_TIM_PWM_ConfigChannel                0x08001a7b   Thumb Code   204  stm32f4xx_hal_tim.o(i.HAL_TIM_PWM_ConfigChannel)
    HAL_TIM_PWM_Init                         0x08001b47   Thumb Code    90  stm32f4xx_hal_tim.o(i.HAL_TIM_PWM_Init)
    HAL_TIM_PWM_MspInit                      0x08001ba1   Thumb Code     2  stm32f4xx_hal_tim.o(i.HAL_TIM_PWM_MspInit)
    HAL_TIM_PWM_PulseFinishedCallback        0x08001ba3   Thumb Code     2  stm32f4xx_hal_tim.o(i.HAL_TIM_PWM_PulseFinishedCallback)
    HAL_TIM_PWM_Start                        0x08001ba5   Thumb Code   156  stm32f4xx_hal_tim.o(i.HAL_TIM_PWM_Start)
    HAL_TIM_PWM_Stop                         0x08001c55   Thumb Code   108  stm32f4xx_hal_tim.o(i.HAL_TIM_PWM_Stop)
    HAL_TIM_PeriodElapsedCallback            0x08001cc5   Thumb Code    14  main.o(i.HAL_TIM_PeriodElapsedCallback)
    HAL_TIM_TriggerCallback                  0x08001cd9   Thumb Code     2  stm32f4xx_hal_tim.o(i.HAL_TIM_TriggerCallback)
    HAL_UARTEx_RxEventCallback               0x08001cdb   Thumb Code     2  stm32f4xx_hal_uart.o(i.HAL_UARTEx_RxEventCallback)
    HAL_UART_ErrorCallback                   0x08001cdd   Thumb Code    44  main.o(i.HAL_UART_ErrorCallback)
    HAL_UART_IRQHandler                      0x08001d15   Thumb Code   610  stm32f4xx_hal_uart.o(i.HAL_UART_IRQHandler)
    HAL_UART_Init                            0x08001f7d   Thumb Code    98  stm32f4xx_hal_uart.o(i.HAL_UART_Init)
    HAL_UART_MspInit                         0x08001fe1   Thumb Code   110  stm32f4xx_hal_msp.o(i.HAL_UART_MspInit)
    HAL_UART_Receive_IT                      0x0800205d   Thumb Code    42  stm32f4xx_hal_uart.o(i.HAL_UART_Receive_IT)
    HAL_UART_RxCpltCallback                  0x08002089   Thumb Code   100  main.o(i.HAL_UART_RxCpltCallback)
    HAL_UART_TxCpltCallback                  0x08002105   Thumb Code     2  stm32f4xx_hal_uart.o(i.HAL_UART_TxCpltCallback)
    HardFault_Handler                        0x08002107   Thumb Code     2  stm32f4xx_it.o(i.HardFault_Handler)
    MemManage_Handler                        0x08002261   Thumb Code     2  stm32f4xx_it.o(i.MemManage_Handler)
    NMI_Handler                              0x08002263   Thumb Code     2  stm32f4xx_it.o(i.NMI_Handler)
    StartDefaultTask                         0x08002265   Thumb Code     8  main.o(i.StartDefaultTask)
    StartEmergencyTask                       0x0800226d   Thumb Code    52  main.o(i.StartEmergencyTask)
    StartMotorTask                           0x080022ad   Thumb Code   458  main.o(i.StartMotorTask)
    SysTick_Handler                          0x080024c9   Thumb Code    26  cmsis_os2.o(i.SysTick_Handler)
    SystemClock_Config                       0x080024e5   Thumb Code   136  main.o(i.SystemClock_Config)
    SystemInit                               0x08002575   Thumb Code    12  system_stm32f4xx.o(i.SystemInit)
    TIM1_UP_TIM10_IRQHandler                 0x08002585   Thumb Code     6  stm32f4xx_it.o(i.TIM1_UP_TIM10_IRQHandler)
    TIM_Base_SetConfig                       0x08002591   Thumb Code   122  stm32f4xx_hal_tim.o(i.TIM_Base_SetConfig)
    TIM_CCxChannelCmd                        0x08002629   Thumb Code    26  stm32f4xx_hal_tim.o(i.TIM_CCxChannelCmd)
    TIM_ETR_SetConfig                        0x08002643   Thumb Code    20  stm32f4xx_hal_tim.o(i.TIM_ETR_SetConfig)
    TIM_OC2_SetConfig                        0x080026b9   Thumb Code    84  stm32f4xx_hal_tim.o(i.TIM_OC2_SetConfig)
    UART_Start_Receive_IT                    0x08002a1d   Thumb Code    58  stm32f4xx_hal_uart.o(i.UART_Start_Receive_IT)
    USART1_IRQHandler                        0x08002a59   Thumb Code     6  stm32f4xx_it.o(i.USART1_IRQHandler)
    UsageFault_Handler                       0x08002a65   Thumb Code     2  stm32f4xx_it.o(i.UsageFault_Handler)
    main                                     0x08002a89   Thumb Code   142  main.o(i.main)
    osDelay                                  0x08002b39   Thumb Code    26  cmsis_os2.o(i.osDelay)
    osKernelInitialize                       0x08002b55   Thumb Code    32  cmsis_os2.o(i.osKernelInitialize)
    osKernelStart                            0x08002b79   Thumb Code    48  cmsis_os2.o(i.osKernelStart)
    osSemaphoreAcquire                       0x08002bb1   Thumb Code    88  cmsis_os2.o(i.osSemaphoreAcquire)
    osSemaphoreNew                           0x08002c0d   Thumb Code   152  cmsis_os2.o(i.osSemaphoreNew)
    osSemaphoreRelease                       0x08002ca5   Thumb Code    82  cmsis_os2.o(i.osSemaphoreRelease)
    osThreadNew                              0x08002cfd   Thumb Code   138  cmsis_os2.o(i.osThreadNew)
    pvPortMalloc                             0x0800351d   Thumb Code   216  heap_4.o(i.pvPortMalloc)
    pvTaskIncrementMutexHeldCount            0x080035f9   Thumb Code    18  tasks.o(i.pvTaskIncrementMutexHeldCount)
    pxPortInitialiseStack                    0x08003611   Thumb Code    40  port.o(i.pxPortInitialiseStack)
    uxListRemove                             0x0800363d   Thumb Code    38  list.o(i.uxListRemove)
    vApplicationGetIdleTaskMemory            0x08003665   Thumb Code    16  cmsis_os2.o(i.vApplicationGetIdleTaskMemory)
    vApplicationGetTimerTaskMemory           0x08003679   Thumb Code    18  cmsis_os2.o(i.vApplicationGetTimerTaskMemory)
    vListInitialise                          0x08003691   Thumb Code    22  list.o(i.vListInitialise)
    vListInitialiseItem                      0x080036a7   Thumb Code     6  list.o(i.vListInitialiseItem)
    vListInsert                              0x080036ad   Thumb Code    48  list.o(i.vListInsert)
    vListInsertEnd                           0x080036dd   Thumb Code    24  list.o(i.vListInsertEnd)
    vPortEnterCritical                       0x080036f5   Thumb Code    54  port.o(i.vPortEnterCritical)
    vPortExitCritical                        0x08003735   Thumb Code    34  port.o(i.vPortExitCritical)
    vPortFree                                0x0800375d   Thumb Code    94  heap_4.o(i.vPortFree)
    vPortSetupTimerInterrupt                 0x080037c1   Thumb Code    32  port.o(i.vPortSetupTimerInterrupt)
    vPortValidateInterruptPriority           0x080037e5   Thumb Code    74  port.o(i.vPortValidateInterruptPriority)
    vQueueAddToRegistry                      0x08003839   Thumb Code    34  queue.o(i.vQueueAddToRegistry)
    vQueueDelete                             0x08003861   Thumb Code    46  queue.o(i.vQueueDelete)
    vQueueUnregisterQueue                    0x08003891   Thumb Code    36  queue.o(i.vQueueUnregisterQueue)
    vQueueWaitForMessageRestricted           0x080038b9   Thumb Code    68  queue.o(i.vQueueWaitForMessageRestricted)
    vTaskDelay                               0x080038fd   Thumb Code    66  tasks.o(i.vTaskDelay)
    vTaskInternalSetTimeOutState             0x08003949   Thumb Code    12  tasks.o(i.vTaskInternalSetTimeOutState)
    vTaskMissedYield                         0x08003959   Thumb Code     8  tasks.o(i.vTaskMissedYield)
    vTaskPlaceOnEventList                    0x08003965   Thumb Code    44  tasks.o(i.vTaskPlaceOnEventList)
    vTaskPlaceOnEventListRestricted          0x08003995   Thumb Code    52  tasks.o(i.vTaskPlaceOnEventListRestricted)
    vTaskPriorityDisinheritAfterTimeout      0x080039cd   Thumb Code   134  tasks.o(i.vTaskPriorityDisinheritAfterTimeout)
    vTaskStartScheduler                      0x08003a5d   Thumb Code   118  tasks.o(i.vTaskStartScheduler)
    vTaskSuspendAll                          0x08003ae5   Thumb Code    10  tasks.o(i.vTaskSuspendAll)
    vTaskSwitchContext                       0x08003af5   Thumb Code    90  tasks.o(i.vTaskSwitchContext)
    xPortStartScheduler                      0x08003b59   Thumb Code   222  port.o(i.xPortStartScheduler)
    xPortSysTickHandler                      0x08003c4d   Thumb Code    38  port.o(i.xPortSysTickHandler)
    xQueueCreateCountingSemaphore            0x08003c79   Thumb Code    58  queue.o(i.xQueueCreateCountingSemaphore)
    xQueueCreateCountingSemaphoreStatic      0x08003cb3   Thumb Code    64  queue.o(i.xQueueCreateCountingSemaphoreStatic)
    xQueueGenericCreate                      0x08003cf3   Thumb Code    66  queue.o(i.xQueueGenericCreate)
    xQueueGenericCreateStatic                0x08003d35   Thumb Code   102  queue.o(i.xQueueGenericCreateStatic)
    xQueueGenericReset                       0x08003d9d   Thumb Code   132  queue.o(i.xQueueGenericReset)
    xQueueGenericSend                        0x08003e25   Thumb Code   346  queue.o(i.xQueueGenericSend)
    xQueueGenericSendFromISR                 0x08003f85   Thumb Code   190  queue.o(i.xQueueGenericSendFromISR)
    xQueueGiveFromISR                        0x08004043   Thumb Code   156  queue.o(i.xQueueGiveFromISR)
    xQueueReceive                            0x080040e1   Thumb Code   308  queue.o(i.xQueueReceive)
    xQueueReceiveFromISR                     0x08004219   Thumb Code   154  queue.o(i.xQueueReceiveFromISR)
    xQueueSemaphoreTake                      0x080042b5   Thumb Code   372  queue.o(i.xQueueSemaphoreTake)
    xTaskCheckForTimeOut                     0x0800442d   Thumb Code   112  tasks.o(i.xTaskCheckForTimeOut)
    xTaskCreate                              0x080044a1   Thumb Code    90  tasks.o(i.xTaskCreate)
    xTaskCreateStatic                        0x080044fb   Thumb Code    86  tasks.o(i.xTaskCreateStatic)
    xTaskGetSchedulerState                   0x08004551   Thumb Code    22  tasks.o(i.xTaskGetSchedulerState)
    xTaskGetTickCount                        0x0800456d   Thumb Code     6  tasks.o(i.xTaskGetTickCount)
    xTaskIncrementTick                       0x08004579   Thumb Code   192  tasks.o(i.xTaskIncrementTick)
    xTaskPriorityDisinherit                  0x08004641   Thumb Code   118  tasks.o(i.xTaskPriorityDisinherit)
    xTaskPriorityInherit                     0x080046c1   Thumb Code   112  tasks.o(i.xTaskPriorityInherit)
    xTaskRemoveFromEventList                 0x08004739   Thumb Code    98  tasks.o(i.xTaskRemoveFromEventList)
    xTaskResumeAll                           0x080047a9   Thumb Code   182  tasks.o(i.xTaskResumeAll)
    xTimerCreateTimerTask                    0x0800486d   Thumb Code    78  timers.o(i.xTimerCreateTimerTask)
    xTimerGenericCommand                     0x080048cd   Thumb Code    98  timers.o(i.xTimerGenericCommand)
    _get_lc_ctype                            0x08004935   Thumb Code    44  lc_ctype_c.o(locale$$code)
    __aeabi_dneg                             0x08004961   Thumb Code     0  basic.o(x$fpl$basic)
    _dneg                                    0x08004961   Thumb Code     6  basic.o(x$fpl$basic)
    __aeabi_fneg                             0x08004967   Thumb Code     0  basic.o(x$fpl$basic)
    _fneg                                    0x08004967   Thumb Code     6  basic.o(x$fpl$basic)
    _dabs                                    0x0800496d   Thumb Code     6  basic.o(x$fpl$basic)
    _fabs                                    0x08004973   Thumb Code     6  basic.o(x$fpl$basic)
    __aeabi_dadd                             0x08004979   Thumb Code     0  daddsub_clz.o(x$fpl$dadd)
    _dadd                                    0x08004979   Thumb Code   332  daddsub_clz.o(x$fpl$dadd)
    __fpl_dcmp_Inf                           0x08004ac9   Thumb Code    24  dcmpi.o(x$fpl$dcmpinf)
    __aeabi_d2uiz                            0x08004ae1   Thumb Code     0  dfixu.o(x$fpl$dfixu)
    _dfixu                                   0x08004ae1   Thumb Code    90  dfixu.o(x$fpl$dfixu)
    __aeabi_i2d                              0x08004b3b   Thumb Code     0  dflt_clz.o(x$fpl$dflt)
    _dflt                                    0x08004b3b   Thumb Code    46  dflt_clz.o(x$fpl$dflt)
    __aeabi_cdcmple                          0x08004b69   Thumb Code     0  dleqf.o(x$fpl$dleqf)
    _dcmple                                  0x08004b69   Thumb Code   120  dleqf.o(x$fpl$dleqf)
    __fpl_dcmple_InfNaN                      0x08004bcb   Thumb Code     0  dleqf.o(x$fpl$dleqf)
    __aeabi_dmul                             0x08004be1   Thumb Code     0  dmul.o(x$fpl$dmul)
    _dmul                                    0x08004be1   Thumb Code   332  dmul.o(x$fpl$dmul)
    __fpl_dnaninf                            0x08004d35   Thumb Code   156  dnaninf.o(x$fpl$dnaninf)
    __fpl_dretinf                            0x08004dd1   Thumb Code    12  dretinf.o(x$fpl$dretinf)
    __aeabi_cdrcmple                         0x08004ddd   Thumb Code     0  drleqf.o(x$fpl$drleqf)
    _drcmple                                 0x08004ddd   Thumb Code   108  drleqf.o(x$fpl$drleqf)
    __aeabi_dsub                             0x08004e49   Thumb Code     0  daddsub_clz.o(x$fpl$dsub)
    _dsub                                    0x08004e49   Thumb Code   464  daddsub_clz.o(x$fpl$dsub)
    _fp_init                                 0x0800501d   Thumb Code    10  fpinit.o(x$fpl$fpinit)
    __fplib_config_fpu_vfp                   0x08005025   Thumb Code     0  fpinit.o(x$fpl$fpinit)
    __fplib_config_pureend_doubles           0x08005025   Thumb Code     0  fpinit.o(x$fpl$fpinit)
    __I$use$fp                               0x08005026   Number         0  usenofp.o(x$fpl$usenofp)
    defaultTask_attributes                   0x08005028   Data          36  main.o(.constdata)
    vMotorTask_attributes                    0x0800504c   Data          36  main.o(.constdata)
    vEmergencyTask_attributes                0x08005070   Data          36  main.o(.constdata)
    myEmergencySem_attributes                0x08005094   Data          16  main.o(.constdata)
    AHBPrescTable                            0x080050a4   Data          16  system_stm32f4xx.o(.constdata)
    APBPrescTable                            0x080050b4   Data           8  system_stm32f4xx.o(.constdata)
    Region$$Table$$Base                      0x080050f4   Number         0  anon$$obj.o(Region$$Table)
    Region$$Table$$Limit                     0x08005114   Number         0  anon$$obj.o(Region$$Table)
    __ctype                                  0x08005121   Data           0  lc_ctype_c.o(locale$$data)
    is_emergency                             0x20000000   Data           1  main.o(.data)
    rx_idx                                   0x20000001   Data           1  main.o(.data)
    rx_data                                  0x20000002   Data           1  main.o(.data)
    rpi_err_x                                0x20000004   Data           4  main.o(.data)
    rpi_err_y                                0x20000008   Data           4  main.o(.data)
    defaultTaskHandle                        0x2000000c   Data           4  main.o(.data)
    vMotorTaskHandle                         0x20000010   Data           4  main.o(.data)
    vEmergencyTaskHandle                     0x20000014   Data           4  main.o(.data)
    myEmergencySemHandle                     0x20000018   Data           4  main.o(.data)
    uwTickFreq                               0x2000001c   Data           1  stm32f4xx_hal.o(.data)
    uwTickPrio                               0x20000020   Data           4  stm32f4xx_hal.o(.data)
    uwTick                                   0x20000024   Data           4  stm32f4xx_hal.o(.data)
    SystemCoreClock                          0x20000028   Data           4  system_stm32f4xx.o(.data)
    pxCurrentTCB                             0x2000002c   Data           4  tasks.o(.data)
    htim3                                    0x200000ac   Data          72  main.o(.bss)
    huart1                                   0x200000f4   Data          68  main.o(.bss)
    rx_buf                                   0x20000138   Data          30  main.o(.bss)
    htim1                                    0x20000158   Data          72  stm32f4xx_hal_timebase_tim.o(.bss)
    xQueueRegistry                           0x200001a0   Data          64  queue.o(.bss)
    __libspace_start                         0x20004a74   Data          96  libspace.o(.bss)
    __temporary_stack_top$libspace           0x20004ad4   Data           0  libspace.o(.bss)



==============================================================================

Memory Map of the image

  Image Entry point : 0x08000199

  Load Region LR_IROM1 (Base: 0x08000000, Size: 0x000052d0, Max: 0x00080000, ABSOLUTE)

    Execution Region ER_IROM1 (Exec base: 0x08000000, Load base: 0x08000000, Size: 0x00005224, Max: 0x00080000, ABSOLUTE)

    Exec Addr    Load Addr    Size         Type   Attr      Idx    E Section Name        Object

    0x08000000   0x08000000   0x00000198   Data   RO            3    RESET               startup_stm32f411xe.o
    0x08000198   0x08000198   0x00000008   Code   RO         4787  * !!!main             c_w.l(__main.o)
    0x080001a0   0x080001a0   0x00000034   Code   RO         5013    !!!scatter          c_w.l(__scatter.o)
    0x080001d4   0x080001d4   0x0000001a   Code   RO         5015    !!handler_copy      c_w.l(__scatter_copy.o)
    0x080001ee   0x080001ee   0x00000002   PAD
    0x080001f0   0x080001f0   0x0000001c   Code   RO         5017    !!handler_zi        c_w.l(__scatter_zi.o)
    0x0800020c   0x0800020c   0x00000002   Code   RO         4871    .ARM.Collect$$libinit$$00000000  c_w.l(libinit.o)
    0x0800020e   0x0800020e   0x00000004   Code   RO         4891    .ARM.Collect$$libinit$$00000001  c_w.l(libinit2.o)
    0x08000212   0x08000212   0x00000000   Code   RO         4894    .ARM.Collect$$libinit$$00000004  c_w.l(libinit2.o)
    0x08000212   0x08000212   0x00000000   Code   RO         4897    .ARM.Collect$$libinit$$0000000A  c_w.l(libinit2.o)
    0x08000212   0x08000212   0x00000000   Code   RO         4899    .ARM.Collect$$libinit$$0000000C  c_w.l(libinit2.o)
    0x08000212   0x08000212   0x00000000   Code   RO         4901    .ARM.Collect$$libinit$$0000000E  c_w.l(libinit2.o)
    0x08000212   0x08000212   0x00000006   Code   RO         4902    .ARM.Collect$$libinit$$0000000F  c_w.l(libinit2.o)
    0x08000218   0x08000218   0x00000000   Code   RO         4904    .ARM.Collect$$libinit$$00000011  c_w.l(libinit2.o)
    0x08000218   0x08000218   0x0000000c   Code   RO         4905    .ARM.Collect$$libinit$$00000012  c_w.l(libinit2.o)
    0x08000224   0x08000224   0x00000000   Code   RO         4906    .ARM.Collect$$libinit$$00000013  c_w.l(libinit2.o)
    0x08000224   0x08000224   0x00000000   Code   RO         4908    .ARM.Collect$$libinit$$00000015  c_w.l(libinit2.o)
    0x08000224   0x08000224   0x00000000   Code   RO         4910    .ARM.Collect$$libinit$$00000017  c_w.l(libinit2.o)
    0x08000224   0x08000224   0x00000000   Code   RO         4912    .ARM.Collect$$libinit$$00000019  c_w.l(libinit2.o)
    0x08000224   0x08000224   0x00000000   Code   RO         4914    .ARM.Collect$$libinit$$0000001B  c_w.l(libinit2.o)
    0x08000224   0x08000224   0x00000000   Code   RO         4916    .ARM.Collect$$libinit$$0000001D  c_w.l(libinit2.o)
    0x08000224   0x08000224   0x00000000   Code   RO         4918    .ARM.Collect$$libinit$$0000001F  c_w.l(libinit2.o)
    0x08000224   0x08000224   0x00000000   Code   RO         4920    .ARM.Collect$$libinit$$00000021  c_w.l(libinit2.o)
    0x08000224   0x08000224   0x00000000   Code   RO         4922    .ARM.Collect$$libinit$$00000023  c_w.l(libinit2.o)
    0x08000224   0x08000224   0x00000000   Code   RO         4924    .ARM.Collect$$libinit$$00000025  c_w.l(libinit2.o)
    0x08000224   0x08000224   0x00000000   Code   RO         4928    .ARM.Collect$$libinit$$0000002C  c_w.l(libinit2.o)
    0x08000224   0x08000224   0x00000000   Code   RO         4930    .ARM.Collect$$libinit$$0000002E  c_w.l(libinit2.o)
    0x08000224   0x08000224   0x00000000   Code   RO         4932    .ARM.Collect$$libinit$$00000030  c_w.l(libinit2.o)
    0x08000224   0x08000224   0x00000000   Code   RO         4934    .ARM.Collect$$libinit$$00000032  c_w.l(libinit2.o)
    0x08000224   0x08000224   0x00000002   Code   RO         4935    .ARM.Collect$$libinit$$00000033  c_w.l(libinit2.o)
    0x08000226   0x08000226   0x00000002   Code   RO         4968    .ARM.Collect$$libshutdown$$00000000  c_w.l(libshutdown.o)
    0x08000228   0x08000228   0x00000000   Code   RO         4994    .ARM.Collect$$libshutdown$$00000002  c_w.l(libshutdown2.o)
    0x08000228   0x08000228   0x00000000   Code   RO         4996    .ARM.Collect$$libshutdown$$00000004  c_w.l(libshutdown2.o)
    0x08000228   0x08000228   0x00000000   Code   RO         4998    .ARM.Collect$$libshutdown$$00000006  c_w.l(libshutdown2.o)
    0x08000228   0x08000228   0x00000000   Code   RO         5001    .ARM.Collect$$libshutdown$$00000009  c_w.l(libshutdown2.o)
    0x08000228   0x08000228   0x00000000   Code   RO         5004    .ARM.Collect$$libshutdown$$0000000C  c_w.l(libshutdown2.o)
    0x08000228   0x08000228   0x00000000   Code   RO         5006    .ARM.Collect$$libshutdown$$0000000E  c_w.l(libshutdown2.o)
    0x08000228   0x08000228   0x00000000   Code   RO         5009    .ARM.Collect$$libshutdown$$00000011  c_w.l(libshutdown2.o)
    0x08000228   0x08000228   0x00000002   Code   RO         5010    .ARM.Collect$$libshutdown$$00000012  c_w.l(libshutdown2.o)
    0x0800022a   0x0800022a   0x00000000   Code   RO         4813    .ARM.Collect$$rtentry$$00000000  c_w.l(__rtentry.o)
    0x0800022a   0x0800022a   0x00000000   Code   RO         4836    .ARM.Collect$$rtentry$$00000002  c_w.l(__rtentry2.o)
    0x0800022a   0x0800022a   0x00000006   Code   RO         4848    .ARM.Collect$$rtentry$$00000004  c_w.l(__rtentry4.o)
    0x08000230   0x08000230   0x00000000   Code   RO         4838    .ARM.Collect$$rtentry$$00000009  c_w.l(__rtentry2.o)
    0x08000230   0x08000230   0x00000004   Code   RO         4839    .ARM.Collect$$rtentry$$0000000A  c_w.l(__rtentry2.o)
    0x08000234   0x08000234   0x00000000   Code   RO         4841    .ARM.Collect$$rtentry$$0000000C  c_w.l(__rtentry2.o)
    0x08000234   0x08000234   0x00000008   Code   RO         4842    .ARM.Collect$$rtentry$$0000000D  c_w.l(__rtentry2.o)
    0x0800023c   0x0800023c   0x00000002   Code   RO         4875    .ARM.Collect$$rtexit$$00000000  c_w.l(rtexit.o)
    0x0800023e   0x0800023e   0x00000000   Code   RO         4939    .ARM.Collect$$rtexit$$00000002  c_w.l(rtexit2.o)
    0x0800023e   0x0800023e   0x00000004   Code   RO         4940    .ARM.Collect$$rtexit$$00000003  c_w.l(rtexit2.o)
    0x08000242   0x08000242   0x00000006   Code   RO         4941    .ARM.Collect$$rtexit$$00000004  c_w.l(rtexit2.o)
    0x08000248   0x08000248   0x000000be   Code   RO         4692    .emb_text           port.o
    0x08000306   0x08000306   0x00000002   PAD
    0x08000308   0x08000308   0x00000040   Code   RO            4    .text               startup_stm32f411xe.o
    0x08000348   0x08000348   0x000000ee   Code   RO         4771    .text               c_w.l(lludivv7m.o)
    0x08000436   0x08000436   0x00000002   PAD
    0x08000438   0x08000438   0x0000003c   Code   RO         4773    .text               c_w.l(__0sscanf.o)
    0x08000474   0x08000474   0x0000014c   Code   RO         4775    .text               c_w.l(_scanf_int.o)
    0x080005c0   0x080005c0   0x0000008a   Code   RO         4777    .text               c_w.l(rt_memcpy_v6.o)
    0x0800064a   0x0800064a   0x00000010   Code   RO         4781    .text               c_w.l(aeabi_memset.o)
    0x0800065a   0x0800065a   0x0000004e   Code   RO         4783    .text               c_w.l(rt_memclr_w.o)
    0x080006a8   0x080006a8   0x00000006   Code   RO         4785    .text               c_w.l(heapauxi.o)
    0x080006ae   0x080006ae   0x0000001c   Code   RO         4818    .text               c_w.l(_chval.o)
    0x080006ca   0x080006ca   0x00000002   PAD
    0x080006cc   0x080006cc   0x0000002c   Code   RO         4820    .text               c_w.l(scanf_char.o)
    0x080006f8   0x080006f8   0x00000040   Code   RO         4822    .text               c_w.l(_sgetc.o)
    0x08000738   0x08000738   0x00000064   Code   RO         4824    .text               c_w.l(rt_memcpy_w.o)
    0x0800079c   0x0800079c   0x00000044   Code   RO         4826    .text               c_w.l(rt_memclr.o)
    0x080007e0   0x080007e0   0x00000012   Code   RO         4852    .text               c_w.l(isspace.o)
    0x080007f2   0x080007f2   0x00000002   PAD
    0x080007f4   0x080007f4   0x00000374   Code   RO         4854    .text               c_w.l(_scanf.o)
    0x08000b68   0x08000b68   0x0000004a   Code   RO         4856    .text               c_w.l(sys_stackheap_outer.o)
    0x08000bb2   0x08000bb2   0x00000002   PAD
    0x08000bb4   0x08000bb4   0x00000010   Code   RO         4858    .text               c_w.l(rt_ctype_table.o)
    0x08000bc4   0x08000bc4   0x00000012   Code   RO         4860    .text               c_w.l(exit.o)
    0x08000bd6   0x08000bd6   0x00000002   PAD
    0x08000bd8   0x08000bd8   0x00000008   Code   RO         4872    .text               c_w.l(libspace.o)
    0x08000be0   0x08000be0   0x00000008   Code   RO         4882    .text               c_w.l(rt_locale_intlibspace.o)
    0x08000be8   0x08000be8   0x0000000c   Code   RO         4936    .text               c_w.l(sys_exit.o)
    0x08000bf4   0x08000bf4   0x00000080   Code   RO         4949    .text               c_w.l(strcmpv7m.o)
    0x08000c74   0x08000c74   0x00000002   Code   RO         4957    .text               c_w.l(use_no_semi.o)
    0x08000c76   0x08000c76   0x00000000   Code   RO         4959    .text               c_w.l(indicate_semi.o)
    0x08000c76   0x08000c76   0x00000002   Code   RO          267    i.BusFault_Handler  stm32f4xx_it.o
    0x08000c78   0x08000c78   0x00000002   Code   RO          268    i.DebugMon_Handler  stm32f4xx_it.o
    0x08000c7a   0x08000c7a   0x00000008   Code   RO          269    i.EXTI15_10_IRQHandler  stm32f4xx_it.o
    0x08000c82   0x08000c82   0x00000092   Code   RO          952    i.HAL_DMA_Abort     stm32f4xx_hal_dma.o
    0x08000d14   0x08000d14   0x00000024   Code   RO          953    i.HAL_DMA_Abort_IT  stm32f4xx_hal_dma.o
    0x08000d38   0x08000d38   0x00000014   Code   RO           14    i.HAL_GPIO_EXTI_Callback  main.o
    0x08000d4c   0x08000d4c   0x00000018   Code   RO          844    i.HAL_GPIO_EXTI_IRQHandler  stm32f4xx_hal_gpio.o
    0x08000d64   0x08000d64   0x000001e0   Code   RO          845    i.HAL_GPIO_Init     stm32f4xx_hal_gpio.o
    0x08000f44   0x08000f44   0x00000010   Code   RO          848    i.HAL_GPIO_TogglePin  stm32f4xx_hal_gpio.o
    0x08000f54   0x08000f54   0x0000000a   Code   RO          849    i.HAL_GPIO_WritePin  stm32f4xx_hal_gpio.o
    0x08000f5e   0x08000f5e   0x00000002   PAD
    0x08000f60   0x08000f60   0x0000000c   Code   RO         1401    i.HAL_GetTick       stm32f4xx_hal.o
    0x08000f6c   0x08000f6c   0x00000010   Code   RO         1407    i.HAL_IncTick       stm32f4xx_hal.o
    0x08000f7c   0x08000f7c   0x00000034   Code   RO         1408    i.HAL_Init          stm32f4xx_hal.o
    0x08000fb0   0x08000fb0   0x0000008c   Code   RO          397    i.HAL_InitTick      stm32f4xx_hal_timebase_tim.o
    0x0800103c   0x0800103c   0x00000038   Code   RO          343    i.HAL_MspInit       stm32f4xx_hal_msp.o
    0x08001074   0x08001074   0x0000001a   Code   RO         1258    i.HAL_NVIC_EnableIRQ  stm32f4xx_hal_cortex.o
    0x0800108e   0x0800108e   0x00000002   PAD
    0x08001090   0x08001090   0x00000040   Code   RO         1264    i.HAL_NVIC_SetPriority  stm32f4xx_hal_cortex.o
    0x080010d0   0x080010d0   0x00000024   Code   RO         1265    i.HAL_NVIC_SetPriorityGrouping  stm32f4xx_hal_cortex.o
    0x080010f4   0x080010f4   0x00000134   Code   RO          437    i.HAL_RCC_ClockConfig  stm32f4xx_hal_rcc.o
    0x08001228   0x08001228   0x00000040   Code   RO          441    i.HAL_RCC_GetClockConfig  stm32f4xx_hal_rcc.o
    0x08001268   0x08001268   0x00000020   Code   RO          444    i.HAL_RCC_GetPCLK1Freq  stm32f4xx_hal_rcc.o
    0x08001288   0x08001288   0x00000020   Code   RO          445    i.HAL_RCC_GetPCLK2Freq  stm32f4xx_hal_rcc.o
    0x080012a8   0x080012a8   0x00000060   Code   RO          446    i.HAL_RCC_GetSysClockFreq  stm32f4xx_hal_rcc.o
    0x08001308   0x08001308   0x0000036c   Code   RO          449    i.HAL_RCC_OscConfig  stm32f4xx_hal_rcc.o
    0x08001674   0x08001674   0x00000002   Code   RO         2352    i.HAL_TIMEx_BreakCallback  stm32f4xx_hal_tim_ex.o
    0x08001676   0x08001676   0x00000002   Code   RO         2353    i.HAL_TIMEx_CommutCallback  stm32f4xx_hal_tim_ex.o
    0x08001678   0x08001678   0x0000007c   Code   RO         2371    i.HAL_TIMEx_MasterConfigSynchronization  stm32f4xx_hal_tim_ex.o
    0x080016f4   0x080016f4   0x0000005a   Code   RO         1648    i.HAL_TIM_Base_Init  stm32f4xx_hal_tim.o
    0x0800174e   0x0800174e   0x00000002   PAD
    0x08001750   0x08001750   0x00000028   Code   RO          345    i.HAL_TIM_Base_MspInit  stm32f4xx_hal_msp.o
    0x08001778   0x08001778   0x0000006c   Code   RO         1653    i.HAL_TIM_Base_Start_IT  stm32f4xx_hal_tim.o
    0x080017e4   0x080017e4   0x000000dc   Code   RO         1657    i.HAL_TIM_ConfigClockSource  stm32f4xx_hal_tim.o
    0x080018c0   0x080018c0   0x00000002   Code   RO         1682    i.HAL_TIM_IC_CaptureCallback  stm32f4xx_hal_tim.o
    0x080018c2   0x080018c2   0x00000166   Code   RO         1696    i.HAL_TIM_IRQHandler  stm32f4xx_hal_tim.o
    0x08001a28   0x08001a28   0x00000050   Code   RO          346    i.HAL_TIM_MspPostInit  stm32f4xx_hal_msp.o
    0x08001a78   0x08001a78   0x00000002   Code   RO         1699    i.HAL_TIM_OC_DelayElapsedCallback  stm32f4xx_hal_tim.o
    0x08001a7a   0x08001a7a   0x000000cc   Code   RO         1720    i.HAL_TIM_PWM_ConfigChannel  stm32f4xx_hal_tim.o
    0x08001b46   0x08001b46   0x0000005a   Code   RO         1723    i.HAL_TIM_PWM_Init  stm32f4xx_hal_tim.o
    0x08001ba0   0x08001ba0   0x00000002   Code   RO         1725    i.HAL_TIM_PWM_MspInit  stm32f4xx_hal_tim.o
    0x08001ba2   0x08001ba2   0x00000002   Code   RO         1726    i.HAL_TIM_PWM_PulseFinishedCallback  stm32f4xx_hal_tim.o
    0x08001ba4   0x08001ba4   0x000000b0   Code   RO         1728    i.HAL_TIM_PWM_Start  stm32f4xx_hal_tim.o
    0x08001c54   0x08001c54   0x00000070   Code   RO         1731    i.HAL_TIM_PWM_Stop  stm32f4xx_hal_tim.o
    0x08001cc4   0x08001cc4   0x00000014   Code   RO           15    i.HAL_TIM_PeriodElapsedCallback  main.o
    0x08001cd8   0x08001cd8   0x00000002   Code   RO         1739    i.HAL_TIM_TriggerCallback  stm32f4xx_hal_tim.o
    0x08001cda   0x08001cda   0x00000002   Code   RO         2630    i.HAL_UARTEx_RxEventCallback  stm32f4xx_hal_uart.o
    0x08001cdc   0x08001cdc   0x00000038   Code   RO           16    i.HAL_UART_ErrorCallback  main.o
    0x08001d14   0x08001d14   0x00000268   Code   RO         2647    i.HAL_UART_IRQHandler  stm32f4xx_hal_uart.o
    0x08001f7c   0x08001f7c   0x00000062   Code   RO         2648    i.HAL_UART_Init     stm32f4xx_hal_uart.o
    0x08001fde   0x08001fde   0x00000002   PAD
    0x08001fe0   0x08001fe0   0x0000007c   Code   RO          348    i.HAL_UART_MspInit  stm32f4xx_hal_msp.o
    0x0800205c   0x0800205c   0x0000002a   Code   RO         2653    i.HAL_UART_Receive_IT  stm32f4xx_hal_uart.o
    0x08002086   0x08002086   0x00000002   PAD
    0x08002088   0x08002088   0x0000007c   Code   RO           17    i.HAL_UART_RxCpltCallback  main.o
    0x08002104   0x08002104   0x00000002   Code   RO         2659    i.HAL_UART_TxCpltCallback  stm32f4xx_hal_uart.o
    0x08002106   0x08002106   0x00000002   Code   RO          270    i.HardFault_Handler  stm32f4xx_it.o
    0x08002108   0x08002108   0x000000a8   Code   RO           18    i.MX_GPIO_Init      main.o
    0x080021b0   0x080021b0   0x000000b0   Code   RO           19    i.MX_TIM3_Init      main.o
    0x08002260   0x08002260   0x00000002   Code   RO          271    i.MemManage_Handler  stm32f4xx_it.o
    0x08002262   0x08002262   0x00000002   Code   RO          272    i.NMI_Handler       stm32f4xx_it.o
    0x08002264   0x08002264   0x00000008   Code   RO           20    i.StartDefaultTask  main.o
    0x0800226c   0x0800226c   0x00000040   Code   RO           21    i.StartEmergencyTask  main.o
    0x080022ac   0x080022ac   0x0000021c   Code   RO           22    i.StartMotorTask    main.o
    0x080024c8   0x080024c8   0x0000001a   Code   RO         4124    i.SysTick_Handler   cmsis_os2.o
    0x080024e2   0x080024e2   0x00000002   PAD
    0x080024e4   0x080024e4   0x00000090   Code   RO           23    i.SystemClock_Config  main.o
    0x08002574   0x08002574   0x00000010   Code   RO         2977    i.SystemInit        system_stm32f4xx.o
    0x08002584   0x08002584   0x0000000c   Code   RO          273    i.TIM1_UP_TIM10_IRQHandler  stm32f4xx_it.o
    0x08002590   0x08002590   0x00000098   Code   RO         1741    i.TIM_Base_SetConfig  stm32f4xx_hal_tim.o
    0x08002628   0x08002628   0x0000001a   Code   RO         1742    i.TIM_CCxChannelCmd  stm32f4xx_hal_tim.o
    0x08002642   0x08002642   0x00000014   Code   RO         1752    i.TIM_ETR_SetConfig  stm32f4xx_hal_tim.o
    0x08002656   0x08002656   0x00000010   Code   RO         1753    i.TIM_ITRx_SetConfig  stm32f4xx_hal_tim.o
    0x08002666   0x08002666   0x00000002   PAD
    0x08002668   0x08002668   0x00000050   Code   RO         1754    i.TIM_OC1_SetConfig  stm32f4xx_hal_tim.o
    0x080026b8   0x080026b8   0x00000058   Code   RO         1755    i.TIM_OC2_SetConfig  stm32f4xx_hal_tim.o
    0x08002710   0x08002710   0x00000058   Code   RO         1756    i.TIM_OC3_SetConfig  stm32f4xx_hal_tim.o
    0x08002768   0x08002768   0x00000044   Code   RO         1757    i.TIM_OC4_SetConfig  stm32f4xx_hal_tim.o
    0x080027ac   0x080027ac   0x00000022   Code   RO         1759    i.TIM_TI1_ConfigInputStage  stm32f4xx_hal_tim.o
    0x080027ce   0x080027ce   0x00000024   Code   RO         1761    i.TIM_TI2_ConfigInputStage  stm32f4xx_hal_tim.o
    0x080027f2   0x080027f2   0x00000010   Code   RO         2661    i.UART_DMAAbortOnError  stm32f4xx_hal_uart.o
    0x08002802   0x08002802   0x0000004e   Code   RO         2671    i.UART_EndRxTransfer  stm32f4xx_hal_uart.o
    0x08002850   0x08002850   0x000000c0   Code   RO         2673    i.UART_Receive_IT   stm32f4xx_hal_uart.o
    0x08002910   0x08002910   0x0000010c   Code   RO         2674    i.UART_SetConfig    stm32f4xx_hal_uart.o
    0x08002a1c   0x08002a1c   0x0000003a   Code   RO         2676    i.UART_Start_Receive_IT  stm32f4xx_hal_uart.o
    0x08002a56   0x08002a56   0x00000002   PAD
    0x08002a58   0x08002a58   0x0000000c   Code   RO          274    i.USART1_IRQHandler  stm32f4xx_it.o
    0x08002a64   0x08002a64   0x00000002   Code   RO          275    i.UsageFault_Handler  stm32f4xx_it.o
    0x08002a66   0x08002a66   0x00000020   Code   RO         1271    i.__NVIC_SetPriority  stm32f4xx_hal_cortex.o
    0x08002a86   0x08002a86   0x00000002   PAD
    0x08002a88   0x08002a88   0x000000b0   Code   RO           24    i.main              main.o
    0x08002b38   0x08002b38   0x0000001a   Code   RO         4126    i.osDelay           cmsis_os2.o
    0x08002b52   0x08002b52   0x00000002   PAD
    0x08002b54   0x08002b54   0x00000024   Code   RO         4140    i.osKernelInitialize  cmsis_os2.o
    0x08002b78   0x08002b78   0x00000038   Code   RO         4143    i.osKernelStart     cmsis_os2.o
    0x08002bb0   0x08002bb0   0x0000005c   Code   RO         4168    i.osSemaphoreAcquire  cmsis_os2.o
    0x08002c0c   0x08002c0c   0x00000098   Code   RO         4171    i.osSemaphoreNew    cmsis_os2.o
    0x08002ca4   0x08002ca4   0x00000058   Code   RO         4172    i.osSemaphoreRelease  cmsis_os2.o
    0x08002cfc   0x08002cfc   0x0000008a   Code   RO         4185    i.osThreadNew       cmsis_os2.o
    0x08002d86   0x08002d86   0x00000002   PAD
    0x08002d88   0x08002d88   0x0000005c   Code   RO         3585    i.prvAddCurrentTaskToDelayedList  tasks.o
    0x08002de4   0x08002de4   0x000000d0   Code   RO         3586    i.prvAddNewTaskToReadyList  tasks.o
    0x08002eb4   0x08002eb4   0x00000058   Code   RO         3950    i.prvCheckForValidListAndQueue  timers.o
    0x08002f0c   0x08002f0c   0x00000026   Code   RO         3182    i.prvCopyDataFromQueue  queue.o
    0x08002f32   0x08002f32   0x0000006c   Code   RO         3183    i.prvCopyDataToQueue  queue.o
    0x08002f9e   0x08002f9e   0x00000034   Code   RO         3587    i.prvDeleteTCB      tasks.o
    0x08002fd2   0x08002fd2   0x00000002   PAD
    0x08002fd4   0x08002fd4   0x0000004c   Code   RO         4637    i.prvHeapInit       heap_4.o
    0x08003020   0x08003020   0x00000060   Code   RO         3588    i.prvIdleTask       tasks.o
    0x08003080   0x08003080   0x00000022   Code   RO         3185    i.prvInitialiseNewQueue  queue.o
    0x080030a2   0x080030a2   0x00000002   PAD
    0x080030a4   0x080030a4   0x000000b0   Code   RO         3589    i.prvInitialiseNewTask  tasks.o
    0x08003154   0x08003154   0x0000004c   Code   RO         4638    i.prvInsertBlockIntoFreeList  heap_4.o
    0x080031a0   0x080031a0   0x00000038   Code   RO         3952    i.prvInsertTimerInActiveList  timers.o
    0x080031d8   0x080031d8   0x0000001c   Code   RO         3186    i.prvIsQueueEmpty   queue.o
    0x080031f4   0x080031f4   0x000000fc   Code   RO         3953    i.prvProcessReceivedCommands  timers.o
    0x080032f0   0x080032f0   0x000000c0   Code   RO         3954    i.prvProcessTimerOrBlockTask  timers.o
    0x080033b0   0x080033b0   0x00000020   Code   RO         3591    i.prvResetNextTaskUnblockTime  tasks.o
    0x080033d0   0x080033d0   0x00000028   Code   RO         3955    i.prvSampleTimeNow  timers.o
    0x080033f8   0x080033f8   0x0000006c   Code   RO         3956    i.prvSwitchTimerLists  timers.o
    0x08003464   0x08003464   0x00000028   Code   RO         4693    i.prvTaskExitError  port.o
    0x0800348c   0x0800348c   0x00000024   Code   RO         3957    i.prvTimerTask      timers.o
    0x080034b0   0x080034b0   0x0000006a   Code   RO         3187    i.prvUnlockQueue    queue.o
    0x0800351a   0x0800351a   0x00000002   PAD
    0x0800351c   0x0800351c   0x000000dc   Code   RO         4639    i.pvPortMalloc      heap_4.o
    0x080035f8   0x080035f8   0x00000018   Code   RO         3594    i.pvTaskIncrementMutexHeldCount  tasks.o
    0x08003610   0x08003610   0x0000002c   Code   RO         4694    i.pxPortInitialiseStack  port.o
    0x0800363c   0x0800363c   0x00000026   Code   RO         3142    i.uxListRemove      list.o
    0x08003662   0x08003662   0x00000002   PAD
    0x08003664   0x08003664   0x00000014   Code   RO         4197    i.vApplicationGetIdleTaskMemory  cmsis_os2.o
    0x08003678   0x08003678   0x00000018   Code   RO         4198    i.vApplicationGetTimerTaskMemory  cmsis_os2.o
    0x08003690   0x08003690   0x00000016   Code   RO         3143    i.vListInitialise   list.o
    0x080036a6   0x080036a6   0x00000006   Code   RO         3144    i.vListInitialiseItem  list.o
    0x080036ac   0x080036ac   0x00000030   Code   RO         3145    i.vListInsert       list.o
    0x080036dc   0x080036dc   0x00000018   Code   RO         3146    i.vListInsertEnd    list.o
    0x080036f4   0x080036f4   0x00000040   Code   RO         4696    i.vPortEnterCritical  port.o
    0x08003734   0x08003734   0x00000028   Code   RO         4697    i.vPortExitCritical  port.o
    0x0800375c   0x0800375c   0x00000064   Code   RO         4640    i.vPortFree         heap_4.o
    0x080037c0   0x080037c0   0x00000024   Code   RO         4698    i.vPortSetupTimerInterrupt  port.o
    0x080037e4   0x080037e4   0x00000054   Code   RO         4699    i.vPortValidateInterruptPriority  port.o
    0x08003838   0x08003838   0x00000028   Code   RO         3193    i.vQueueAddToRegistry  queue.o
    0x08003860   0x08003860   0x0000002e   Code   RO         3194    i.vQueueDelete      queue.o
    0x0800388e   0x0800388e   0x00000002   PAD
    0x08003890   0x08003890   0x00000028   Code   RO         3196    i.vQueueUnregisterQueue  queue.o
    0x080038b8   0x080038b8   0x00000044   Code   RO         3197    i.vQueueWaitForMessageRestricted  queue.o
    0x080038fc   0x080038fc   0x0000004c   Code   RO         3604    i.vTaskDelay        tasks.o
    0x08003948   0x08003948   0x00000010   Code   RO         3609    i.vTaskInternalSetTimeOutState  tasks.o
    0x08003958   0x08003958   0x0000000c   Code   RO         3610    i.vTaskMissedYield  tasks.o
    0x08003964   0x08003964   0x00000030   Code   RO         3612    i.vTaskPlaceOnEventList  tasks.o
    0x08003994   0x08003994   0x00000038   Code   RO         3613    i.vTaskPlaceOnEventListRestricted  tasks.o
    0x080039cc   0x080039cc   0x00000090   Code   RO         3615    i.vTaskPriorityDisinheritAfterTimeout  tasks.o
    0x08003a5c   0x08003a5c   0x00000088   Code   RO         3621    i.vTaskStartScheduler  tasks.o
    0x08003ae4   0x08003ae4   0x00000010   Code   RO         3623    i.vTaskSuspendAll   tasks.o
    0x08003af4   0x08003af4   0x00000064   Code   RO         3624    i.vTaskSwitchContext  tasks.o
    0x08003b58   0x08003b58   0x000000f4   Code   RO         4700    i.xPortStartScheduler  port.o
    0x08003c4c   0x08003c4c   0x0000002c   Code   RO         4701    i.xPortSysTickHandler  port.o
    0x08003c78   0x08003c78   0x0000003a   Code   RO         3198    i.xQueueCreateCountingSemaphore  queue.o
    0x08003cb2   0x08003cb2   0x00000040   Code   RO         3199    i.xQueueCreateCountingSemaphoreStatic  queue.o
    0x08003cf2   0x08003cf2   0x00000042   Code   RO         3202    i.xQueueGenericCreate  queue.o
    0x08003d34   0x08003d34   0x00000066   Code   RO         3203    i.xQueueGenericCreateStatic  queue.o
    0x08003d9a   0x08003d9a   0x00000002   PAD
    0x08003d9c   0x08003d9c   0x00000088   Code   RO         3204    i.xQueueGenericReset  queue.o
    0x08003e24   0x08003e24   0x00000160   Code   RO         3205    i.xQueueGenericSend  queue.o
    0x08003f84   0x08003f84   0x000000be   Code   RO         3206    i.xQueueGenericSendFromISR  queue.o
    0x08004042   0x08004042   0x0000009c   Code   RO         3209    i.xQueueGiveFromISR  queue.o
    0x080040de   0x080040de   0x00000002   PAD
    0x080040e0   0x080040e0   0x00000138   Code   RO         3215    i.xQueueReceive     queue.o
    0x08004218   0x08004218   0x0000009a   Code   RO         3216    i.xQueueReceiveFromISR  queue.o
    0x080042b2   0x080042b2   0x00000002   PAD
    0x080042b4   0x080042b4   0x00000178   Code   RO         3217    i.xQueueSemaphoreTake  queue.o
    0x0800442c   0x0800442c   0x00000074   Code   RO         3626    i.xTaskCheckForTimeOut  tasks.o
    0x080044a0   0x080044a0   0x0000005a   Code   RO         3627    i.xTaskCreate       tasks.o
    0x080044fa   0x080044fa   0x00000056   Code   RO         3628    i.xTaskCreateStatic  tasks.o
    0x08004550   0x08004550   0x0000001c   Code   RO         3632    i.xTaskGetSchedulerState  tasks.o
    0x0800456c   0x0800456c   0x0000000c   Code   RO         3633    i.xTaskGetTickCount  tasks.o
    0x08004578   0x08004578   0x000000c8   Code   RO         3635    i.xTaskIncrementTick  tasks.o
    0x08004640   0x08004640   0x00000080   Code   RO         3638    i.xTaskPriorityDisinherit  tasks.o
    0x080046c0   0x080046c0   0x00000078   Code   RO         3639    i.xTaskPriorityInherit  tasks.o
    0x08004738   0x08004738   0x00000070   Code   RO         3640    i.xTaskRemoveFromEventList  tasks.o
    0x080047a8   0x080047a8   0x000000c4   Code   RO         3641    i.xTaskResumeAll    tasks.o
    0x0800486c   0x0800486c   0x00000060   Code   RO         3966    i.xTimerCreateTimerTask  timers.o
    0x080048cc   0x080048cc   0x00000068   Code   RO         3967    i.xTimerGenericCommand  timers.o
    0x08004934   0x08004934   0x0000002c   Code   RO         4885    locale$$code        c_w.l(lc_ctype_c.o)
    0x08004960   0x08004960   0x00000018   Code   RO         4789    x$fpl$basic         fz_wm.l(basic.o)
    0x08004978   0x08004978   0x00000150   Code   RO         4791    x$fpl$dadd          fz_wm.l(daddsub_clz.o)
    0x08004ac8   0x08004ac8   0x00000018   Code   RO         4828    x$fpl$dcmpinf       fz_wm.l(dcmpi.o)
    0x08004ae0   0x08004ae0   0x0000005a   Code   RO         4797    x$fpl$dfixu         fz_wm.l(dfixu.o)
    0x08004b3a   0x08004b3a   0x0000002e   Code   RO         4802    x$fpl$dflt          fz_wm.l(dflt_clz.o)
    0x08004b68   0x08004b68   0x00000078   Code   RO         4807    x$fpl$dleqf         fz_wm.l(dleqf.o)
    0x08004be0   0x08004be0   0x00000154   Code   RO         4809    x$fpl$dmul          fz_wm.l(dmul.o)
    0x08004d34   0x08004d34   0x0000009c   Code   RO         4830    x$fpl$dnaninf       fz_wm.l(dnaninf.o)
    0x08004dd0   0x08004dd0   0x0000000c   Code   RO         4832    x$fpl$dretinf       fz_wm.l(dretinf.o)
    0x08004ddc   0x08004ddc   0x0000006c   Code   RO         4811    x$fpl$drleqf        fz_wm.l(drleqf.o)
    0x08004e48   0x08004e48   0x000001d4   Code   RO         4793    x$fpl$dsub          fz_wm.l(daddsub_clz.o)
    0x0800501c   0x0800501c   0x0000000a   Code   RO         4953    x$fpl$fpinit        fz_wm.l(fpinit.o)
    0x08005026   0x08005026   0x00000000   Code   RO         4834    x$fpl$usenofp       fz_wm.l(usenofp.o)
    0x08005026   0x08005026   0x00000002   PAD
    0x08005028   0x08005028   0x0000007c   Data   RO           26    .constdata          main.o
    0x080050a4   0x080050a4   0x00000010   Data   RO         2978    .constdata          system_stm32f4xx.o
    0x080050b4   0x080050b4   0x00000008   Data   RO         2979    .constdata          system_stm32f4xx.o
    0x080050bc   0x080050bc   0x00000037   Data   RO           27    .conststring        main.o
    0x080050f3   0x080050f3   0x00000001   PAD
    0x080050f4   0x080050f4   0x00000020   Data   RO         5011    Region$$Table       anon$$obj.o
    0x08005114   0x08005114   0x00000110   Data   RO         4884    locale$$data        c_w.l(lc_ctype_c.o)


    Execution Region RW_IRAM1 (Exec base: 0x20000000, Load base: 0x08005224, Size: 0x000050d8, Max: 0x00020000, ABSOLUTE)

    Exec Addr    Load Addr    Size         Type   Attr      Idx    E Section Name        Object

    0x20000000   0x08005224   0x0000001c   Data   RW           28    .data               main.o
    0x2000001c   0x08005240   0x0000000c   Data   RW         1415    .data               stm32f4xx_hal.o
    0x20000028   0x0800524c   0x00000004   Data   RW         2980    .data               system_stm32f4xx.o
    0x2000002c   0x08005250   0x0000003c   Data   RW         3644    .data               tasks.o
    0x20000068   0x0800528c   0x00000014   Data   RW         3975    .data               timers.o
    0x2000007c   0x080052a0   0x00000004   Data   RW         4200    .data               cmsis_os2.o
    0x20000080   0x080052a4   0x00000020   Data   RW         4646    .data               heap_4.o
    0x200000a0   0x080052c4   0x0000000c   Data   RW         4702    .data               port.o
    0x200000ac        -       0x000000aa   Zero   RW           25    .bss                main.o
    0x20000156   0x080052d0   0x00000002   PAD
    0x20000158        -       0x00000048   Zero   RW          400    .bss                stm32f4xx_hal_timebase_tim.o
    0x200001a0        -       0x00000040   Zero   RW         3219    .bss                queue.o
    0x200001e0        -       0x000004c4   Zero   RW         3643    .bss                tasks.o
    0x200006a4        -       0x00000118   Zero   RW         3974    .bss                timers.o
    0x200007bc        -       0x000006b8   Zero   RW         4199    .bss                cmsis_os2.o
    0x20000e74        -       0x00003c00   Zero   RW         4645    .bss                heap_4.o
    0x20004a74        -       0x00000060   Zero   RW         4873    .bss                c_w.l(libspace.o)
    0x20004ad4   0x080052d0   0x00000004   PAD
    0x20004ad8        -       0x00000200   Zero   RW            2    HEAP                startup_stm32f411xe.o
    0x20004cd8        -       0x00000400   Zero   RW            1    STACK               startup_stm32f411xe.o


==============================================================================

Image component sizes


      Code (inc. data)   RO Data    RW Data    ZI Data      Debug   Object Name

       658         32          0          4       1720      67954   cmsis_os2.o
         0          0          0          0          0      19428   event_groups.o
       472         24          0         32      15360       4843   heap_4.o
       138          0          0          0          0       3522   list.o
      1496        206        179         28        170     438965   main.o
       786         82          0         12          0      11461   port.o
      2474         28          0          0         64      26352   queue.o
        64         26        408          0       1536        840   startup_stm32f411xe.o
        80         14          0         12          0       7918   stm32f4xx_hal.o
       158         14          0          0          0      33138   stm32f4xx_hal_cortex.o
       182          0          0          0          0       2087   stm32f4xx_hal_dma.o
       530         40          0          0          0       3420   stm32f4xx_hal_gpio.o
       300         40          0          0          0       2862   stm32f4xx_hal_msp.o
      1408         82          0          0          0       5869   stm32f4xx_hal_rcc.o
      1976         94          0          0          0      17337   stm32f4xx_hal_tim.o
       128         20          0          0          0       2437   stm32f4xx_hal_tim_ex.o
       140         22          0          0         72       1407   stm32f4xx_hal_timebase_tim.o
      1372         16          0          0          0       8635   stm32f4xx_hal_uart.o
        44         12          0          0          0       4179   stm32f4xx_it.o
         0          0          0          0          0        392   stream_buffer.o
        16          4         24          4          0       1115   system_stm32f4xx.o
      2372        192          0         60       1220      29353   tasks.o
       972         80          0         20        280      32047   timers.o

    ----------------------------------------------------------------------
     15806       1028        644        172      20424     725561   Object Totals
         0          0         32          0          0          0   (incl. Generated)
        40          0          1          0          2          0   (incl. Padding)

    ----------------------------------------------------------------------

      Code (inc. data)   RO Data    RW Data    ZI Data      Debug   Library Member Name

        60          8          0          0          0         84   __0sscanf.o
         8          0          0          0          0         68   __main.o
         0          0          0          0          0          0   __rtentry.o
        12          0          0          0          0          0   __rtentry2.o
         6          0          0          0          0          0   __rtentry4.o
        52          8          0          0          0          0   __scatter.o
        26          0          0          0          0          0   __scatter_copy.o
        28          0          0          0          0          0   __scatter_zi.o
        28          0          0          0          0         68   _chval.o
       884          4          0          0          0        100   _scanf.o
       332          0          0          0          0         96   _scanf_int.o
        64          0          0          0          0         84   _sgetc.o
        16          0          0          0          0         68   aeabi_memset.o
        18          0          0          0          0         80   exit.o
         6          0          0          0          0        152   heapauxi.o
         0          0          0          0          0          0   indicate_semi.o
        18          0          0          0          0         76   isspace.o
        44         10        272          0          0         76   lc_ctype_c.o
         2          0          0          0          0          0   libinit.o
        24          0          0          0          0          0   libinit2.o
         2          0          0          0          0          0   libshutdown.o
         2          0          0          0          0          0   libshutdown2.o
         8          4          0          0         96         68   libspace.o
       238          0          0          0          0        100   lludivv7m.o
        16          4          0          0          0         76   rt_ctype_table.o
         8          4          0          0          0         68   rt_locale_intlibspace.o
        68          0          0          0          0         68   rt_memclr.o
        78          0          0          0          0         80   rt_memclr_w.o
       138          0          0          0          0         68   rt_memcpy_v6.o
       100          0          0          0          0         80   rt_memcpy_w.o
         2          0          0          0          0          0   rtexit.o
        10          0          0          0          0          0   rtexit2.o
        44          8          0          0          0         84   scanf_char.o
       128          0          0          0          0         68   strcmpv7m.o
        12          4          0          0          0         68   sys_exit.o
        74          0          0          0          0         80   sys_stackheap_outer.o
         2          0          0          0          0         68   use_no_semi.o
        24          0          0          0          0        164   basic.o
       804         16          0          0          0        368   daddsub_clz.o
        24          0          0          0          0        116   dcmpi.o
        90          4          0          0          0        140   dfixu.o
        46          0          0          0          0        116   dflt_clz.o
       120          4          0          0          0        140   dleqf.o
       340         12          0          0          0        152   dmul.o
       156          4          0          0          0        140   dnaninf.o
        12          0          0          0          0        116   dretinf.o
       108          0          0          0          0        128   drleqf.o
        10          0          0          0          0        116   fpinit.o
         0          0          0          0          0          0   usenofp.o

    ----------------------------------------------------------------------
      4306         94        272          0        100       3624   Library Totals
        14          0          0          0          4          0   (incl. Padding)

    ----------------------------------------------------------------------

      Code (inc. data)   RO Data    RW Data    ZI Data      Debug   Library Name

      2558         54        272          0         96       1928   c_w.l
      1734         40          0          0          0       1696   fz_wm.l

    ----------------------------------------------------------------------
      4306         94        272          0        100       3624   Library Totals

    ----------------------------------------------------------------------

==============================================================================


      Code (inc. data)   RO Data    RW Data    ZI Data      Debug   

     20112       1122        916        172      20524     711445   Grand Totals
     20112       1122        916        172      20524     711445   ELF Image Totals
     20112       1122        916        172          0          0   ROM Totals

==============================================================================

    Total RO  Size (Code + RO Data)                21028 (  20.54kB)
    Total RW  Size (RW Data + ZI Data)             20696 (  20.21kB)
    Total ROM Size (Code + RO Data + RW Data)      21200 (  20.70kB)

==============================================================================

